<?xml version="1.0"?>
<link_info>
   <banner>TI ARM Linker PC v16.9.1.LTS</banner>
   <copyright>Copyright (c) 1996-2015 Texas Instruments Incorporated</copyright>
   <link_time>0x5ad6f30f</link_time>
   <link_errors>0x0</link_errors>
   <output_file>DSP_FIR_CB.out</output_file>
   <entry_point>
      <name>_c_int00</name>
      <address>0x1495</address>
   </entry_point>
   <input_file_list>
      <input_file id="fl-2">
         <path>.\</path>
         <kind>object</kind>
         <file>main.obj</file>
         <name>main.obj</name>
      </input_file>
      <input_file id="fl-5">
         <path>D:\TI_RTOS\Workspace\DSP_FIR_CB\Debug\configPkg\package\cfg\</path>
         <kind>object</kind>
         <file>empty_min_pem4f.oem4f</file>
         <name>empty_min_pem4f.oem4f</name>
      </input_file>
      <input_file id="fl-11">
         <path>D:\TI_RTOS\Workspace\DSP_FIR_CB\src\sysbios\</path>
         <kind>archive</kind>
         <file>sysbios.aem4f</file>
         <name>BIOS.obj</name>
      </input_file>
      <input_file id="fl-12">
         <path>D:\TI_RTOS\Workspace\DSP_FIR_CB\src\sysbios\</path>
         <kind>archive</kind>
         <file>sysbios.aem4f</file>
         <name>m3_IntrinsicsSupport_asm.obj</name>
      </input_file>
      <input_file id="fl-13">
         <path>D:\TI_RTOS\Workspace\DSP_FIR_CB\src\sysbios\</path>
         <kind>archive</kind>
         <file>sysbios.aem4f</file>
         <name>m3_TaskSupport_asm.obj</name>
      </input_file>
      <input_file id="fl-14">
         <path>D:\TI_RTOS\Workspace\DSP_FIR_CB\src\sysbios\</path>
         <kind>archive</kind>
         <file>sysbios.aem4f</file>
         <name>m3_Hwi_asm.obj</name>
      </input_file>
      <input_file id="fl-15">
         <path>D:\TI_RTOS\Workspace\DSP_FIR_CB\src\sysbios\</path>
         <kind>archive</kind>
         <file>sysbios.aem4f</file>
         <name>m3_Hwi_asm_switch.obj</name>
      </input_file>
      <input_file id="fl-16">
         <path>D:\ti\tirtos_tivac_2_00_01_23\products\bios_6_40_01_15\packages\ti\catalog\arm\cortexm4\tiva\ce\lib\</path>
         <kind>archive</kind>
         <file>Boot.aem4f</file>
         <name>Boot.oem4f</name>
      </input_file>
      <input_file id="fl-17">
         <path>D:\ti\tirtos_tivac_2_00_01_23\products\bios_6_40_01_15\packages\ti\catalog\arm\cortexm4\tiva\ce\lib\</path>
         <kind>archive</kind>
         <file>Boot.aem4f</file>
         <name>Boot_sysctl.oem4f</name>
      </input_file>
      <input_file id="fl-18">
         <path>D:\ti\tirtos_tivac_2_00_01_23\products\bios_6_40_01_15\packages\ti\targets\arm\rtsarm\lib\</path>
         <kind>archive</kind>
         <file>ti.targets.arm.rtsarm.aem4f</file>
         <name>Assert.oem4f</name>
      </input_file>
      <input_file id="fl-19">
         <path>D:\ti\tirtos_tivac_2_00_01_23\products\bios_6_40_01_15\packages\ti\targets\arm\rtsarm\lib\</path>
         <kind>archive</kind>
         <file>ti.targets.arm.rtsarm.aem4f</file>
         <name>Core-smem.oem4f</name>
      </input_file>
      <input_file id="fl-1a">
         <path>D:\ti\tirtos_tivac_2_00_01_23\products\bios_6_40_01_15\packages\ti\targets\arm\rtsarm\lib\</path>
         <kind>archive</kind>
         <file>ti.targets.arm.rtsarm.aem4f</file>
         <name>Core-label.oem4f</name>
      </input_file>
      <input_file id="fl-1b">
         <path>D:\ti\tirtos_tivac_2_00_01_23\products\bios_6_40_01_15\packages\ti\targets\arm\rtsarm\lib\</path>
         <kind>archive</kind>
         <file>ti.targets.arm.rtsarm.aem4f</file>
         <name>Core-params.oem4f</name>
      </input_file>
      <input_file id="fl-1c">
         <path>D:\ti\tirtos_tivac_2_00_01_23\products\bios_6_40_01_15\packages\ti\targets\arm\rtsarm\lib\</path>
         <kind>archive</kind>
         <file>ti.targets.arm.rtsarm.aem4f</file>
         <name>Error.oem4f</name>
      </input_file>
      <input_file id="fl-1d">
         <path>D:\ti\tirtos_tivac_2_00_01_23\products\bios_6_40_01_15\packages\ti\targets\arm\rtsarm\lib\</path>
         <kind>archive</kind>
         <file>ti.targets.arm.rtsarm.aem4f</file>
         <name>Gate.oem4f</name>
      </input_file>
      <input_file id="fl-1e">
         <path>D:\ti\tirtos_tivac_2_00_01_23\products\bios_6_40_01_15\packages\ti\targets\arm\rtsarm\lib\</path>
         <kind>archive</kind>
         <file>ti.targets.arm.rtsarm.aem4f</file>
         <name>Startup.oem4f</name>
      </input_file>
      <input_file id="fl-1f">
         <path>D:\ti\tirtos_tivac_2_00_01_23\products\bios_6_40_01_15\packages\ti\targets\arm\rtsarm\lib\</path>
         <kind>archive</kind>
         <file>ti.targets.arm.rtsarm.aem4f</file>
         <name>System.oem4f</name>
      </input_file>
      <input_file id="fl-20">
         <path>D:\ti\tirtos_tivac_2_00_01_23\products\bios_6_40_01_15\packages\ti\targets\arm\rtsarm\lib\</path>
         <kind>archive</kind>
         <file>ti.targets.arm.rtsarm.aem4f</file>
         <name>SysCallback.oem4f</name>
      </input_file>
      <input_file id="fl-21">
         <path>D:\ti\tirtos_tivac_2_00_01_23\products\bios_6_40_01_15\packages\ti\targets\arm\rtsarm\lib\</path>
         <kind>archive</kind>
         <file>ti.targets.arm.rtsarm.aem4f</file>
         <name>Text.oem4f</name>
      </input_file>
      <input_file id="fl-22">
         <path>D:\ti\tirtos_tivac_2_00_01_23\products\bios_6_40_01_15\packages\ti\targets\arm\rtsarm\lib\</path>
         <kind>archive</kind>
         <file>ti.targets.arm.rtsarm.aem4f</file>
         <name>xdc_noinit.oem4f</name>
      </input_file>
      <input_file id="fl-23">
         <path>D:\ti\tirtos_tivac_2_00_01_23\products\bios_6_40_01_15\packages\ti\targets\arm\rtsarm\lib\</path>
         <kind>archive</kind>
         <file>ti.targets.arm.rtsarm.aem4f</file>
         <name>Registry.oem4f</name>
      </input_file>
      <input_file id="fl-24">
         <path>D:\ti\tirtos_tivac_2_00_01_23\products\bios_6_40_01_15\packages\ti\targets\arm\rtsarm\lib\</path>
         <kind>archive</kind>
         <file>boot.aem4f</file>
         <name>boot.oem4f</name>
      </input_file>
      <input_file id="fl-25">
         <path>D:\ti\tirtos_tivac_2_00_01_23\products\bios_6_40_01_15\packages\ti\targets\arm\rtsarm\lib\</path>
         <kind>archive</kind>
         <file>auto_init.aem4f</file>
         <name>auto_init.oem4f</name>
      </input_file>
      <input_file id="fl-26">
         <path>D:\ti\tirtos_tivac_2_00_01_23\products\TivaWare_C_Series-2.1.0.12573c\driverlib\ccs\Debug\</path>
         <kind>archive</kind>
         <file>driverlib.lib</file>
         <name>timer.obj</name>
      </input_file>
      <input_file id="fl-27">
         <path>D:\ti\tirtos_tivac_2_00_01_23\products\TivaWare_C_Series-2.1.0.12573c\driverlib\ccs\Debug\</path>
         <kind>archive</kind>
         <file>driverlib.lib</file>
         <name>sysctl.obj</name>
      </input_file>
      <input_file id="fl-28">
         <path>D:\ti\tirtos_tivac_2_00_01_23\products\TivaWare_C_Series-2.1.0.12573c\driverlib\ccs\Debug\</path>
         <kind>archive</kind>
         <file>driverlib.lib</file>
         <name>interrupt.obj</name>
      </input_file>
      <input_file id="fl-29">
         <path>D:\ti\tirtos_tivac_2_00_01_23\products\TivaWare_C_Series-2.1.0.12573c\driverlib\ccs\Debug\</path>
         <kind>archive</kind>
         <file>driverlib.lib</file>
         <name>cpu.obj</name>
      </input_file>
      <input_file id="fl-df">
         <path>D:\ti\ccsv7\tools\compiler\ti-cgt-arm_16.9.1.LTS\lib\</path>
         <kind>archive</kind>
         <file>rtsv7M4_T_le_v4SPD16_eabi.lib</file>
         <name>_lock.obj</name>
      </input_file>
      <input_file id="fl-e0">
         <path>D:\ti\ccsv7\tools\compiler\ti-cgt-arm_16.9.1.LTS\lib\</path>
         <kind>archive</kind>
         <file>rtsv7M4_T_le_v4SPD16_eabi.lib</file>
         <name>args_main.obj</name>
      </input_file>
      <input_file id="fl-e1">
         <path>D:\ti\ccsv7\tools\compiler\ti-cgt-arm_16.9.1.LTS\lib\</path>
         <kind>archive</kind>
         <file>rtsv7M4_T_le_v4SPD16_eabi.lib</file>
         <name>copy_decompress_lzss.obj</name>
      </input_file>
      <input_file id="fl-e2">
         <path>D:\ti\ccsv7\tools\compiler\ti-cgt-arm_16.9.1.LTS\lib\</path>
         <kind>archive</kind>
         <file>rtsv7M4_T_le_v4SPD16_eabi.lib</file>
         <name>copy_decompress_none.obj</name>
      </input_file>
      <input_file id="fl-e3">
         <path>D:\ti\ccsv7\tools\compiler\ti-cgt-arm_16.9.1.LTS\lib\</path>
         <kind>archive</kind>
         <file>rtsv7M4_T_le_v4SPD16_eabi.lib</file>
         <name>copy_zero_init.obj</name>
      </input_file>
      <input_file id="fl-e4">
         <path>D:\ti\ccsv7\tools\compiler\ti-cgt-arm_16.9.1.LTS\lib\</path>
         <kind>archive</kind>
         <file>rtsv7M4_T_le_v4SPD16_eabi.lib</file>
         <name>cpy_tbl.obj</name>
      </input_file>
      <input_file id="fl-e5">
         <path>D:\ti\ccsv7\tools\compiler\ti-cgt-arm_16.9.1.LTS\lib\</path>
         <kind>archive</kind>
         <file>rtsv7M4_T_le_v4SPD16_eabi.lib</file>
         <name>exit.obj</name>
      </input_file>
      <input_file id="fl-e6">
         <path>D:\ti\ccsv7\tools\compiler\ti-cgt-arm_16.9.1.LTS\lib\</path>
         <kind>archive</kind>
         <file>rtsv7M4_T_le_v4SPD16_eabi.lib</file>
         <name>memcpy_t2.obj</name>
      </input_file>
      <input_file id="fl-e7">
         <path>D:\ti\ccsv7\tools\compiler\ti-cgt-arm_16.9.1.LTS\lib\</path>
         <kind>archive</kind>
         <file>rtsv7M4_T_le_v4SPD16_eabi.lib</file>
         <name>memset_t2.obj</name>
      </input_file>
      <input_file id="fl-e8">
         <path>D:\ti\ccsv7\tools\compiler\ti-cgt-arm_16.9.1.LTS\lib\</path>
         <kind>archive</kind>
         <file>rtsv7M4_T_le_v4SPD16_eabi.lib</file>
         <name>stkdepth_vars.obj</name>
      </input_file>
      <input_file id="fl-e9">
         <path>D:\ti\ccsv7\tools\compiler\ti-cgt-arm_16.9.1.LTS\lib\</path>
         <kind>archive</kind>
         <file>rtsv7M4_T_le_v4SPD16_eabi.lib</file>
         <name>strcmp.obj</name>
      </input_file>
      <input_file id="fl-ea">
         <path>D:\ti\ccsv7\tools\compiler\ti-cgt-arm_16.9.1.LTS\lib\</path>
         <kind>archive</kind>
         <file>rtsv7M4_T_le_v4SPD16_eabi.lib</file>
         <name>strlen.obj</name>
      </input_file>
      <input_file id="fl-eb">
         <path>D:\ti\ccsv7\tools\compiler\ti-cgt-arm_16.9.1.LTS\lib\</path>
         <kind>archive</kind>
         <file>rtsv7M4_T_le_v4SPD16_eabi.lib</file>
         <name>u_divt2.obj</name>
      </input_file>
      <input_file id="fl-ec">
         <path>D:\ti\ccsv7\tools\compiler\ti-cgt-arm_16.9.1.LTS\lib\</path>
         <kind>archive</kind>
         <file>rtsv7M4_T_le_v4SPD16_eabi.lib</file>
         <name>ull_div_t2.obj</name>
      </input_file>
      <input_file id="fl-ed">
         <path>D:\ti\ccsv7\tools\compiler\ti-cgt-arm_16.9.1.LTS\lib\</path>
         <kind>archive</kind>
         <file>rtsv7M4_T_le_v4SPD16_eabi.lib</file>
         <name>i_div0.obj</name>
      </input_file>
   </input_file_list>
   <object_component_list>
      <object_component id="oc-677">
         <name>.text:ti_sysbios_knl_Semaphore_pend__E</name>
         <load_address>0x40</load_address>
         <run_address>0x40</run_address>
         <size>0x174</size>
         <input_file_ref idref="fl-11"/>
      </object_component>
      <object_component id="oc-7c9">
         <name>.text:xdc_runtime_Error_policyDefault__E</name>
         <load_address>0x1b4</load_address>
         <run_address>0x1b4</run_address>
         <size>0x120</size>
         <input_file_ref idref="fl-1c"/>
      </object_component>
      <object_component id="oc-2c4">
         <name>.text:SysCtlClockGet</name>
         <load_address>0x2d4</load_address>
         <run_address>0x2d4</run_address>
         <size>0x118</size>
         <input_file_ref idref="fl-27"/>
      </object_component>
      <object_component id="oc-893">
         <name>.text:filter</name>
         <load_address>0x3ec</load_address>
         <run_address>0x3ec</run_address>
         <size>0x10c</size>
         <input_file_ref idref="fl-2"/>
      </object_component>
      <object_component id="oc-5d3">
         <name>.text:ti_sysbios_family_arm_lm4_Timer_start__E</name>
         <load_address>0x4f8</load_address>
         <run_address>0x4f8</run_address>
         <size>0x108</size>
         <input_file_ref idref="fl-11"/>
      </object_component>
      <object_component id="oc-551">
         <name>.text:ti_catalog_arm_cortexm4_tiva_ce_Boot_sysCtlClockSetI__I</name>
         <load_address>0x600</load_address>
         <run_address>0x600</run_address>
         <size>0x104</size>
         <input_file_ref idref="fl-17"/>
      </object_component>
      <object_component id="oc-40f">
         <name>.text:xdc_runtime_Startup_startMods__I</name>
         <load_address>0x704</load_address>
         <run_address>0x704</run_address>
         <size>0xfc</size>
         <input_file_ref idref="fl-1e"/>
      </object_component>
      <object_component id="oc-82d">
         <name>.text:ti_sysbios_family_arm_m3_Hwi_dispatch__I</name>
         <load_address>0x800</load_address>
         <run_address>0x800</run_address>
         <size>0xf4</size>
         <input_file_ref idref="fl-14"/>
      </object_component>
      <object_component id="oc-2b2">
         <name>.text:SysCtlClockSet</name>
         <load_address>0x8f4</load_address>
         <run_address>0x8f4</run_address>
         <size>0xf0</size>
         <input_file_ref idref="fl-27"/>
      </object_component>
      <object_component id="oc-880">
         <name>.text:TimerIntClear</name>
         <load_address>0x9e4</load_address>
         <run_address>0x9e4</run_address>
         <size>0x4</size>
         <input_file_ref idref="fl-26"/>
      </object_component>
      <object_component id="oc-57b">
         <name>.text:ti_sysbios_family_arm_lm4_Timer_enableTiva__I</name>
         <load_address>0x9e8</load_address>
         <run_address>0x9e8</run_address>
         <size>0xac</size>
         <input_file_ref idref="fl-11"/>
      </object_component>
      <object_component id="oc-695">
         <name>.text:ti_sysbios_BIOS_RtsGateProxy_enter__E</name>
         <load_address>0xa94</load_address>
         <run_address>0xa94</run_address>
         <size>0x4</size>
         <input_file_ref idref="fl-5"/>
      </object_component>
      <object_component id="oc-407">
         <name>.text:ti_sysbios_family_arm_lm4_Timer_enableTimers__I</name>
         <load_address>0xa98</load_address>
         <run_address>0xa98</run_address>
         <size>0xa8</size>
         <input_file_ref idref="fl-11"/>
      </object_component>
      <object_component id="oc-5f">
         <name>.text</name>
         <load_address>0xb40</load_address>
         <run_address>0xb40</run_address>
         <size>0xa0</size>
         <input_file_ref idref="fl-25"/>
      </object_component>
      <object_component id="oc-46">
         <name>.text</name>
         <load_address>0xbe0</load_address>
         <run_address>0xbe0</run_address>
         <size>0x9c</size>
         <input_file_ref idref="fl-e6"/>
      </object_component>
      <object_component id="oc-69c">
         <name>.text:ti_sysbios_BIOS_RtsGateProxy_leave__E</name>
         <load_address>0xc7c</load_address>
         <run_address>0xc7c</run_address>
         <size>0x4</size>
         <input_file_ref idref="fl-5"/>
      </object_component>
      <object_component id="oc-732">
         <name>.text:ti_sysbios_knl_Task_postInit__I</name>
         <load_address>0xc80</load_address>
         <run_address>0xc80</run_address>
         <size>0x9c</size>
         <input_file_ref idref="fl-11"/>
      </object_component>
      <object_component id="oc-4a0">
         <name>.text:ti_catalog_arm_cortexm4_tiva_ce_Boot_sysCtlClockSet__E</name>
         <load_address>0xd1c</load_address>
         <run_address>0xd1c</run_address>
         <size>0x94</size>
         <input_file_ref idref="fl-16"/>
      </object_component>
      <object_component id="oc-401">
         <name>.text:ti_sysbios_family_arm_m3_Hwi_initNVIC__E</name>
         <load_address>0xdb0</load_address>
         <run_address>0xdb0</run_address>
         <size>0x94</size>
         <input_file_ref idref="fl-11"/>
      </object_component>
      <object_component id="oc-8a1">
         <name>.text:ti_sysbios_family_arm_m3_TaskSupport_buildTaskStack</name>
         <load_address>0xe44</load_address>
         <run_address>0xe44</run_address>
         <size>0x8c</size>
         <input_file_ref idref="fl-13"/>
      </object_component>
      <object_component id="oc-52">
         <name>.text</name>
         <load_address>0xed0</load_address>
         <run_address>0xed0</run_address>
         <size>0x7a</size>
         <input_file_ref idref="fl-e7"/>
      </object_component>
      <object_component id="oc-416">
         <name>.text:SysCtlDelay</name>
         <load_address>0xf4a</load_address>
         <run_address>0xf4a</run_address>
         <size>0x6</size>
         <input_file_ref idref="fl-27"/>
      </object_component>
      <object_component id="oc-74c">
         <name>.text:ti_sysbios_family_arm_m3_Hwi_postInit__I</name>
         <load_address>0xf50</load_address>
         <run_address>0xf50</run_address>
         <size>0x74</size>
         <input_file_ref idref="fl-11"/>
      </object_component>
      <object_component id="oc-4c2">
         <name>.text:ti_sysbios_family_arm_lm4_Timer_masterEnable__I</name>
         <load_address>0xfc4</load_address>
         <run_address>0xfc4</run_address>
         <size>0x4</size>
         <input_file_ref idref="fl-11"/>
      </object_component>
      <object_component id="oc-8b6">
         <name>.text:ti_sysbios_family_arm_m3_Hwi_dispatchC__I</name>
         <load_address>0xfc8</load_address>
         <run_address>0xfc8</run_address>
         <size>0x70</size>
         <input_file_ref idref="fl-11"/>
      </object_component>
      <object_component id="oc-684">
         <name>.text:ti_sysbios_knl_Semaphore_post__E</name>
         <load_address>0x1038</load_address>
         <run_address>0x1038</run_address>
         <size>0x70</size>
         <input_file_ref idref="fl-11"/>
      </object_component>
      <object_component id="oc-81d">
         <name>.text:ti_sysbios_knl_Task_exit__E</name>
         <load_address>0x10a8</load_address>
         <run_address>0x10a8</run_address>
         <size>0x70</size>
         <input_file_ref idref="fl-11"/>
      </object_component>
      <object_component id="oc-899">
         <name>.text:ti_sysbios_knl_Clock_workFunc__E</name>
         <load_address>0x1118</load_address>
         <run_address>0x1118</run_address>
         <size>0x6c</size>
         <input_file_ref idref="fl-11"/>
      </object_component>
      <object_component id="oc-16">
         <name>.text:decompress:lzss</name>
         <load_address>0x1184</load_address>
         <run_address>0x1184</run_address>
         <size>0x68</size>
         <input_file_ref idref="fl-e1"/>
      </object_component>
      <object_component id="oc-726">
         <name>.text:ti_sysbios_family_arm_m3_TaskSupport_Module__startupDone__S</name>
         <load_address>0x11ec</load_address>
         <run_address>0x11ec</run_address>
         <size>0x4</size>
         <input_file_ref idref="fl-5"/>
      </object_component>
      <object_component id="oc-669">
         <name>.text:ti_sysbios_family_arm_lm4_Timer_Module_startup__E</name>
         <load_address>0x11f0</load_address>
         <run_address>0x11f0</run_address>
         <size>0x64</size>
         <input_file_ref idref="fl-11"/>
      </object_component>
      <object_component id="oc-2be">
         <name>.text:TimerConfigure</name>
         <load_address>0x1254</load_address>
         <run_address>0x1254</run_address>
         <size>0x60</size>
         <input_file_ref idref="fl-26"/>
      </object_component>
      <object_component id="oc-712">
         <name>.text:ti_sysbios_knl_Clock_TimerProxy_getMaxTicks__E</name>
         <load_address>0x12b4</load_address>
         <run_address>0x12b4</run_address>
         <size>0x4</size>
         <input_file_ref idref="fl-5"/>
      </object_component>
      <object_component id="oc-90d">
         <name>.text:ti_sysbios_knl_Swi_restoreHwi__E</name>
         <load_address>0x12b8</load_address>
         <run_address>0x12b8</run_address>
         <size>0x5c</size>
         <input_file_ref idref="fl-11"/>
      </object_component>
      <object_component id="oc-2e1">
         <name>.text:xdc_runtime_System_Module_GateProxy_enter__E</name>
         <load_address>0x1314</load_address>
         <run_address>0x1314</run_address>
         <size>0x4</size>
         <input_file_ref idref="fl-5"/>
      </object_component>
      <object_component id="oc-842">
         <name>.text:ti_sysbios_knl_Swi_run__I</name>
         <load_address>0x1318</load_address>
         <run_address>0x1318</run_address>
         <size>0x5c</size>
         <input_file_ref idref="fl-11"/>
      </object_component>
      <object_component id="oc-68b">
         <name>.text:xdc_runtime_System_Module_GateProxy_leave__E</name>
         <load_address>0x1374</load_address>
         <run_address>0x1374</run_address>
         <size>0x4</size>
         <input_file_ref idref="fl-5"/>
      </object_component>
      <object_component id="oc-6b2">
         <name>.text:ti_sysbios_knl_Swi_schedule__I</name>
         <load_address>0x1378</load_address>
         <run_address>0x1378</run_address>
         <size>0x5c</size>
         <input_file_ref idref="fl-11"/>
      </object_component>
      <object_component id="oc-5f9">
         <name>.text:ti_sysbios_BIOS_nullFunc__I</name>
         <load_address>0x13d4</load_address>
         <run_address>0x13d4</run_address>
         <size>0x2</size>
         <input_file_ref idref="fl-5"/>
      </object_component>
      <object_component id="oc-73">
         <name>.text:xdc_runtime_Startup_reset__I</name>
         <load_address>0x13d6</load_address>
         <run_address>0x13d6</run_address>
         <size>0x2</size>
         <input_file_ref idref="fl-5"/>
      </object_component>
      <object_component id="oc-657">
         <name>.text:ti_sysbios_knl_Task_Module_startup__E</name>
         <load_address>0x13d8</load_address>
         <run_address>0x13d8</run_address>
         <size>0x5c</size>
         <input_file_ref idref="fl-11"/>
      </object_component>
      <object_component id="oc-703">
         <name>.text:xdc_runtime_SysCallback_defaultAbort</name>
         <load_address>0x1434</load_address>
         <run_address>0x1434</run_address>
         <size>0x2</size>
         <input_file_ref idref="fl-20"/>
      </object_component>
      <object_component id="oc-440">
         <name>.text:xdc_runtime_SysCallback_defaultExit</name>
         <load_address>0x1436</load_address>
         <run_address>0x1436</run_address>
         <size>0x2</size>
         <input_file_ref idref="fl-20"/>
      </object_component>
      <object_component id="oc-5e5">
         <name>.text:ti_sysbios_knl_Task_startCore__E</name>
         <load_address>0x1438</load_address>
         <run_address>0x1438</run_address>
         <size>0x5c</size>
         <input_file_ref idref="fl-11"/>
      </object_component>
      <object_component id="oc-28">
         <name>.text</name>
         <load_address>0x1494</load_address>
         <run_address>0x1494</run_address>
         <size>0x58</size>
         <input_file_ref idref="fl-24"/>
      </object_component>
      <object_component id="oc-7e4">
         <name>.text:Timer_ISR</name>
         <load_address>0x14ec</load_address>
         <run_address>0x14ec</run_address>
         <size>0x58</size>
         <input_file_ref idref="fl-2"/>
      </object_component>
      <object_component id="oc-7b1">
         <name>.text:ti_sysbios_family_arm_m3_Hwi_initStacks__E</name>
         <load_address>0x1544</load_address>
         <run_address>0x1544</run_address>
         <size>0x58</size>
         <input_file_ref idref="fl-15"/>
      </object_component>
      <object_component id="oc-1f4">
         <name>.text</name>
         <load_address>0x159c</load_address>
         <run_address>0x159c</run_address>
         <size>0x54</size>
         <input_file_ref idref="fl-e5"/>
      </object_component>
      <object_component id="oc-663">
         <name>.text:ti_sysbios_family_arm_m3_Hwi_Module_startup__E</name>
         <load_address>0x15f0</load_address>
         <run_address>0x15f0</run_address>
         <size>0x50</size>
         <input_file_ref idref="fl-11"/>
      </object_component>
      <object_component id="oc-a8">
         <name>.text:xdc_runtime_Startup_exec__E</name>
         <load_address>0x1640</load_address>
         <run_address>0x1640</run_address>
         <size>0x50</size>
         <input_file_ref idref="fl-1e"/>
      </object_component>
      <object_component id="oc-1d0">
         <name>.text:hardware_init</name>
         <load_address>0x1690</load_address>
         <run_address>0x1690</run_address>
         <size>0x4c</size>
         <input_file_ref idref="fl-2"/>
      </object_component>
      <object_component id="oc-a2">
         <name>.text</name>
         <load_address>0x16dc</load_address>
         <run_address>0x16dc</run_address>
         <size>0x4c</size>
         <input_file_ref idref="fl-e4"/>
      </object_component>
      <object_component id="oc-794">
         <name>.text:ti_sysbios_knl_Swi_runLoop__I</name>
         <load_address>0x1728</load_address>
         <run_address>0x1728</run_address>
         <size>0x4c</size>
         <input_file_ref idref="fl-11"/>
      </object_component>
      <object_component id="oc-6c2">
         <name>.text:ti_sysbios_knl_Task_allBlockedFunction__I</name>
         <load_address>0x1778</load_address>
         <run_address>0x1778</run_address>
         <size>0x4c</size>
         <input_file_ref idref="fl-11"/>
      </object_component>
      <object_component id="oc-79b">
         <name>.text:ti_sysbios_knl_Task_schedule__I</name>
         <load_address>0x17c8</load_address>
         <run_address>0x17c8</run_address>
         <size>0x4c</size>
         <input_file_ref idref="fl-11"/>
      </object_component>
      <object_component id="oc-4bb">
         <name>.text:ti_sysbios_family_arm_m3_Hwi_disableInterrupt__E</name>
         <load_address>0x1818</load_address>
         <run_address>0x1818</run_address>
         <size>0x48</size>
         <input_file_ref idref="fl-11"/>
      </object_component>
      <object_component id="oc-6a9">
         <name>.text:ti_sysbios_family_arm_m3_Hwi_enableInterrupt__E</name>
         <load_address>0x1860</load_address>
         <run_address>0x1860</run_address>
         <size>0x48</size>
         <input_file_ref idref="fl-11"/>
      </object_component>
      <object_component id="oc-54b">
         <name>.text:xdc_runtime_Assert_raise__I</name>
         <load_address>0x18a8</load_address>
         <run_address>0x18a8</run_address>
         <size>0x48</size>
         <input_file_ref idref="fl-18"/>
      </object_component>
      <object_component id="oc-7ea">
         <name>.text:ti_sysbios_family_arm_lm4_Timer_isrStub__E</name>
         <load_address>0x18f0</load_address>
         <run_address>0x18f0</run_address>
         <size>0x44</size>
         <input_file_ref idref="fl-11"/>
      </object_component>
      <object_component id="oc-4a7">
         <name>.text:ti_sysbios_family_arm_m3_Hwi_getStackInfo__E</name>
         <load_address>0x1938</load_address>
         <run_address>0x1938</run_address>
         <size>0x44</size>
         <input_file_ref idref="fl-11"/>
      </object_component>
      <object_component id="oc-7dd">
         <name>.text:ti_sysbios_knl_Swi_post__E</name>
         <load_address>0x1980</load_address>
         <run_address>0x1980</run_address>
         <size>0x44</size>
         <input_file_ref idref="fl-11"/>
      </object_component>
      <object_component id="oc-855">
         <name>.text:xdc_runtime_Error_setX__E</name>
         <load_address>0x19c4</load_address>
         <run_address>0x19c4</run_address>
         <size>0x44</size>
         <input_file_ref idref="fl-1c"/>
      </object_component>
      <object_component id="oc-4ff">
         <name>.text:ti_sysbios_family_arm_lm4_Timer_startup__E</name>
         <load_address>0x1a08</load_address>
         <run_address>0x1a08</run_address>
         <size>0x40</size>
         <input_file_ref idref="fl-11"/>
      </object_component>
      <object_component id="oc-805">
         <name>.text:ti_sysbios_family_arm_m3_TaskSupport_start__E</name>
         <load_address>0x1a48</load_address>
         <run_address>0x1a48</run_address>
         <size>0x3c</size>
         <input_file_ref idref="fl-11"/>
      </object_component>
      <object_component id="oc-5de">
         <name>.text:ti_sysbios_knl_Swi_restore__E</name>
         <load_address>0x1a88</load_address>
         <run_address>0x1a88</run_address>
         <size>0x3c</size>
         <input_file_ref idref="fl-11"/>
      </object_component>
      <object_component id="oc-8ad">
         <name>.text:ti_sysbios_knl_Task_processVitalTaskFlag__I</name>
         <load_address>0x1ac8</load_address>
         <run_address>0x1ac8</run_address>
         <size>0x38</size>
         <input_file_ref idref="fl-11"/>
      </object_component>
      <object_component id="oc-4f3">
         <name>.text:xdc_runtime_System_atexit__E</name>
         <load_address>0x1b00</load_address>
         <run_address>0x1b00</run_address>
         <size>0x38</size>
         <input_file_ref idref="fl-1f"/>
      </object_component>
      <object_component id="oc-2b8">
         <name>.text:SysCtlPeripheralEnable</name>
         <load_address>0x1b38</load_address>
         <run_address>0x1b38</run_address>
         <size>0x34</size>
         <input_file_ref idref="fl-27"/>
      </object_component>
      <object_component id="oc-3fb">
         <name>.text:ti_sysbios_hal_Hwi_initStack</name>
         <load_address>0x1b70</load_address>
         <run_address>0x1b70</run_address>
         <size>0x32</size>
         <input_file_ref idref="fl-11"/>
      </object_component>
      <object_component id="oc-517">
         <name>.text:ti_sysbios_BIOS_atExitFunc__I</name>
         <load_address>0x1ba4</load_address>
         <run_address>0x1ba4</run_address>
         <size>0x30</size>
         <input_file_ref idref="fl-5"/>
      </object_component>
      <object_component id="oc-756">
         <name>.text:ti_sysbios_family_arm_lm4_Timer_stop__E</name>
         <load_address>0x1bd8</load_address>
         <run_address>0x1bd8</run_address>
         <size>0x30</size>
         <input_file_ref idref="fl-11"/>
      </object_component>
      <object_component id="oc-5ae">
         <name>.text:ti_sysbios_gates_GateMutex_enter__E</name>
         <load_address>0x1c08</load_address>
         <run_address>0x1c08</run_address>
         <size>0x30</size>
         <input_file_ref idref="fl-11"/>
      </object_component>
      <object_component id="oc-765">
         <name>.text:ti_sysbios_knl_Semaphore_pendTimeout__I</name>
         <load_address>0x1c38</load_address>
         <run_address>0x1c38</run_address>
         <size>0x30</size>
         <input_file_ref idref="fl-11"/>
      </object_component>
      <object_component id="oc-77c">
         <name>.text:ti_sysbios_knl_Task_unblockI__E</name>
         <load_address>0x1c68</load_address>
         <run_address>0x1c68</run_address>
         <size>0x30</size>
         <input_file_ref idref="fl-11"/>
      </object_component>
      <object_component id="oc-b7">
         <name>.text:xdc_runtime_System_processAtExit__E</name>
         <load_address>0x1c98</load_address>
         <run_address>0x1c98</run_address>
         <size>0x30</size>
         <input_file_ref idref="fl-1f"/>
      </object_component>
      <object_component id="oc-6f8">
         <name>.text:ti_sysbios_knl_Clock_doTick__I</name>
         <load_address>0x1cc8</load_address>
         <run_address>0x1cc8</run_address>
         <size>0x2c</size>
         <input_file_ref idref="fl-5"/>
      </object_component>
      <object_component id="oc-6b8">
         <name>.text:ti_sysbios_knl_Task_restore__E</name>
         <load_address>0x1cf8</load_address>
         <run_address>0x1cf8</run_address>
         <size>0x2c</size>
         <input_file_ref idref="fl-11"/>
      </object_component>
      <object_component id="oc-651">
         <name>.text:ti_sysbios_knl_Swi_Module_startup__E</name>
         <load_address>0x1d28</load_address>
         <run_address>0x1d28</run_address>
         <size>0x28</size>
         <input_file_ref idref="fl-11"/>
      </object_component>
      <object_component id="oc-83">
         <name>.text:ti_sysbios_family_arm_m3_Hwi_pendSV__I</name>
         <load_address>0x1d50</load_address>
         <run_address>0x1d50</run_address>
         <size>0x26</size>
         <input_file_ref idref="fl-14"/>
      </object_component>
      <object_component id="oc-4f9">
         <name>.text:ti_sysbios_BIOS_registerRTSLock__I</name>
         <load_address>0x1d78</load_address>
         <run_address>0x1d78</run_address>
         <size>0x24</size>
         <input_file_ref idref="fl-5"/>
      </object_component>
      <object_component id="oc-51e">
         <name>.text:ti_sysbios_BIOS_removeRTSLock__I</name>
         <load_address>0x1d9c</load_address>
         <run_address>0x1d9c</run_address>
         <size>0x24</size>
         <input_file_ref idref="fl-5"/>
      </object_component>
      <object_component id="oc-426">
         <name>.text:ti_sysbios_BIOS_startFunc__I</name>
         <load_address>0x1dc0</load_address>
         <run_address>0x1dc0</run_address>
         <size>0x24</size>
         <input_file_ref idref="fl-5"/>
      </object_component>
      <object_component id="oc-64b">
         <name>.text:ti_sysbios_knl_Clock_Module_startup__E</name>
         <load_address>0x1de8</load_address>
         <run_address>0x1de8</run_address>
         <size>0x24</size>
         <input_file_ref idref="fl-11"/>
      </object_component>
      <object_component id="oc-914">
         <name>.text:ti_sysbios_knl_Task_restoreHwi__E</name>
         <load_address>0x1e10</load_address>
         <run_address>0x1e10</run_address>
         <size>0x24</size>
         <input_file_ref idref="fl-11"/>
      </object_component>
      <object_component id="oc-6a3">
         <name>.text:ti_sysbios_family_arm_lm4_Timer_write__I</name>
         <load_address>0x1e38</load_address>
         <run_address>0x1e38</run_address>
         <size>0x22</size>
         <input_file_ref idref="fl-11"/>
      </object_component>
      <object_component id="oc-5c6">
         <name>.text:ti_sysbios_BIOS_rtsLock__I</name>
         <load_address>0x1e5c</load_address>
         <run_address>0x1e5c</run_address>
         <size>0x20</size>
         <input_file_ref idref="fl-5"/>
      </object_component>
      <object_component id="oc-7e">
         <name>.text:ti_sysbios_family_arm_m3_Hwi_excHandlerAsm__I</name>
         <load_address>0x1e7c</load_address>
         <run_address>0x1e7c</run_address>
         <size>0x20</size>
         <input_file_ref idref="fl-14"/>
      </object_component>
      <object_component id="oc-1b7">
         <name>.text:ti_sysbios_family_arm_m3_Hwi_excHandler__I</name>
         <load_address>0x1ea0</load_address>
         <run_address>0x1ea0</run_address>
         <size>0x20</size>
         <input_file_ref idref="fl-11"/>
      </object_component>
      <object_component id="oc-7a7">
         <name>.text:ti_sysbios_knl_Idle_run__E</name>
         <load_address>0x1ec0</load_address>
         <run_address>0x1ec0</run_address>
         <size>0x20</size>
         <input_file_ref idref="fl-11"/>
      </object_component>
      <object_component id="oc-78f">
         <name>.text:ti_sysbios_family_xxx_Hwi_switchAndRunFunc</name>
         <load_address>0x1ee0</load_address>
         <run_address>0x1ee0</run_address>
         <size>0x1e</size>
         <input_file_ref idref="fl-15"/>
      </object_component>
      <object_component id="oc-8e3">
         <name>.text:ti_sysbios_BIOS_errorRaiseHook__I</name>
         <load_address>0x1f00</load_address>
         <run_address>0x1f00</run_address>
         <size>0x1c</size>
         <input_file_ref idref="fl-5"/>
      </object_component>
      <object_component id="oc-75f">
         <name>.text:ti_sysbios_knl_Queue_put__E</name>
         <load_address>0x1f20</load_address>
         <run_address>0x1f20</run_address>
         <size>0x1c</size>
         <input_file_ref idref="fl-11"/>
      </object_component>
      <object_component id="oc-817">
         <name>.text:ti_sysbios_knl_Task_enter__I</name>
         <load_address>0x1f40</load_address>
         <run_address>0x1f40</run_address>
         <size>0x1c</size>
         <input_file_ref idref="fl-11"/>
      </object_component>
      <object_component id="oc-61b">
         <name>.text:xdc_runtime_Error_raiseX__E</name>
         <load_address>0x1f5c</load_address>
         <run_address>0x1f5c</run_address>
         <size>0x1c</size>
         <input_file_ref idref="fl-1c"/>
      </object_component>
      <object_component id="oc-4cd">
         <name>.text:xdc_runtime_System_abort__E</name>
         <load_address>0x1f78</load_address>
         <run_address>0x1f78</run_address>
         <size>0x1c</size>
         <input_file_ref idref="fl-1f"/>
      </object_component>
      <object_component id="oc-64">
         <name>.text</name>
         <load_address>0x1f94</load_address>
         <run_address>0x1f94</run_address>
         <size>0x18</size>
         <input_file_ref idref="fl-e0"/>
      </object_component>
      <object_component id="oc-5cc">
         <name>.text:ti_sysbios_BIOS_rtsUnlock__I</name>
         <load_address>0x1fac</load_address>
         <run_address>0x1fac</run_address>
         <size>0x18</size>
         <input_file_ref idref="fl-5"/>
      </object_component>
      <object_component id="oc-70c">
         <name>.text:ti_sysbios_family_arm_lm4_Timer_Module__startupDone__F</name>
         <load_address>0x1fc4</load_address>
         <run_address>0x1fc4</run_address>
         <size>0x18</size>
         <input_file_ref idref="fl-5"/>
      </object_component>
      <object_component id="oc-73f">
         <name>.text:ti_sysbios_family_arm_m3_Hwi_Module__startupDone__F</name>
         <load_address>0x1fdc</load_address>
         <run_address>0x1fdc</run_address>
         <size>0x18</size>
         <input_file_ref idref="fl-5"/>
      </object_component>
      <object_component id="oc-6ce">
         <name>.text:ti_sysbios_family_arm_m3_TaskSupport_swap__E</name>
         <load_address>0x1ff4</load_address>
         <run_address>0x1ff4</run_address>
         <size>0x18</size>
         <input_file_ref idref="fl-13"/>
      </object_component>
      <object_component id="oc-5b4">
         <name>.text:ti_sysbios_gates_GateMutex_leave__E</name>
         <load_address>0x2010</load_address>
         <run_address>0x2010</run_address>
         <size>0x18</size>
         <input_file_ref idref="fl-11"/>
      </object_component>
      <object_component id="oc-80b">
         <name>.text:xdc_runtime_Error_check__E</name>
         <load_address>0x2028</load_address>
         <run_address>0x2028</run_address>
         <size>0x18</size>
         <input_file_ref idref="fl-1c"/>
      </object_component>
      <object_component id="oc-6a">
         <name>.text:xdc_runtime_System_exit__E</name>
         <load_address>0x2040</load_address>
         <run_address>0x2040</run_address>
         <size>0x18</size>
         <input_file_ref idref="fl-1f"/>
      </object_component>
      <object_component id="oc-615">
         <name>.text:xdc_runtime_Text_ropeText__E</name>
         <load_address>0x2058</load_address>
         <run_address>0x2058</run_address>
         <size>0x18</size>
         <input_file_ref idref="fl-21"/>
      </object_component>
      <object_component id="oc-42c">
         <name>.text:ti_sysbios_BIOS_exitFunc__I</name>
         <load_address>0x2070</load_address>
         <run_address>0x2070</run_address>
         <size>0x16</size>
         <input_file_ref idref="fl-5"/>
      </object_component>
      <object_component id="oc-456">
         <name>.text</name>
         <load_address>0x2088</load_address>
         <run_address>0x2088</run_address>
         <size>0x14</size>
         <input_file_ref idref="fl-df"/>
      </object_component>
      <object_component id="oc-746">
         <name>.text:ti_sysbios_family_arm_m3_Hwi_Object__get__S</name>
         <load_address>0x209c</load_address>
         <run_address>0x209c</run_address>
         <size>0x14</size>
         <input_file_ref idref="fl-5"/>
      </object_component>
      <object_component id="oc-6c8">
         <name>.text:ti_sysbios_family_arm_m3_Hwi_switchFromBootStack__E</name>
         <load_address>0x20b0</load_address>
         <run_address>0x20b0</run_address>
         <size>0x14</size>
         <input_file_ref idref="fl-11"/>
      </object_component>
      <object_component id="oc-71c">
         <name>.text:ti_sysbios_knl_Swi_Object__get__S</name>
         <load_address>0x20c4</load_address>
         <run_address>0x20c4</run_address>
         <size>0x14</size>
         <input_file_ref idref="fl-5"/>
      </object_component>
      <object_component id="oc-2ca">
         <name>.text:TimerLoadSet</name>
         <load_address>0x20d8</load_address>
         <run_address>0x20d8</run_address>
         <size>0x12</size>
         <input_file_ref idref="fl-26"/>
      </object_component>
      <object_component id="oc-628">
         <name>.text:ti_catalog_arm_cortexm4_tiva_ce_Boot_sysCtlDelayI__I</name>
         <load_address>0x20ea</load_address>
         <run_address>0x20ea</run_address>
         <size>0x6</size>
         <input_file_ref idref="fl-17"/>
      </object_component>
      <object_component id="oc-65d">
         <name>.text:ti_sysbios_hal_Hwi_Module_startup__E</name>
         <load_address>0x20f0</load_address>
         <run_address>0x20f0</run_address>
         <size>0x12</size>
         <input_file_ref idref="fl-11"/>
      </object_component>
      <object_component id="oc-2a6">
         <name>.text:xdc_runtime_Startup_exec__I</name>
         <load_address>0x2102</load_address>
         <run_address>0x2102</run_address>
         <size>0x12</size>
         <input_file_ref idref="fl-5"/>
      </object_component>
      <object_component id="oc-524">
         <name>.text:ti_sysbios_BIOS_setThreadType__E</name>
         <load_address>0x2118</load_address>
         <run_address>0x2118</run_address>
         <size>0x10</size>
         <input_file_ref idref="fl-11"/>
      </object_component>
      <object_component id="oc-1d6">
         <name>.text:ti_sysbios_BIOS_start__E</name>
         <load_address>0x2128</load_address>
         <run_address>0x2128</run_address>
         <size>0x10</size>
         <input_file_ref idref="fl-11"/>
      </object_component>
      <object_component id="oc-903">
         <name>.text:ti_sysbios_family_arm_m3_TaskSupport_glue</name>
         <load_address>0x2138</load_address>
         <run_address>0x2138</run_address>
         <size>0x10</size>
         <input_file_ref idref="fl-13"/>
      </object_component>
      <object_component id="oc-5ec">
         <name>.text:ti_sysbios_knl_Swi_disable__E</name>
         <load_address>0x2148</load_address>
         <run_address>0x2148</run_address>
         <size>0x10</size>
         <input_file_ref idref="fl-11"/>
      </object_component>
      <object_component id="oc-5f2">
         <name>.text:ti_sysbios_knl_Task_disable__E</name>
         <load_address>0x2158</load_address>
         <run_address>0x2158</run_address>
         <size>0x10</size>
         <input_file_ref idref="fl-11"/>
      </object_component>
      <object_component id="oc-5bc">
         <name>.text:xdc_runtime_Gate_leaveSystem__E</name>
         <load_address>0x2168</load_address>
         <run_address>0x2168</run_address>
         <size>0x10</size>
         <input_file_ref idref="fl-1d"/>
      </object_component>
      <object_component id="oc-583">
         <name>.text:xdc_runtime_SysCallback_abort__E</name>
         <load_address>0x2178</load_address>
         <run_address>0x2178</run_address>
         <size>0x10</size>
         <input_file_ref idref="fl-20"/>
      </object_component>
      <object_component id="oc-1ea">
         <name>.text:xdc_runtime_SysCallback_exit__E</name>
         <load_address>0x2188</load_address>
         <run_address>0x2188</run_address>
         <size>0x10</size>
         <input_file_ref idref="fl-20"/>
      </object_component>
      <object_component id="oc-2d6">
         <name>.text:TimerEnable</name>
         <load_address>0x2198</load_address>
         <run_address>0x2198</run_address>
         <size>0xe</size>
         <input_file_ref idref="fl-26"/>
      </object_component>
      <object_component id="oc-1c">
         <name>.text:decompress:none</name>
         <load_address>0x21a6</load_address>
         <run_address>0x21a6</run_address>
         <size>0xe</size>
         <input_file_ref idref="fl-e2"/>
      </object_component>
      <object_component id="oc-7d7">
         <name>.text:ti_sysbios_knl_Queue_empty__E</name>
         <load_address>0x21b8</load_address>
         <run_address>0x21b8</run_address>
         <size>0xe</size>
         <input_file_ref idref="fl-11"/>
      </object_component>
      <object_component id="oc-72c">
         <name>.text:ti_sysbios_knl_Task_Object__get__S</name>
         <load_address>0x21c6</load_address>
         <run_address>0x21c6</run_address>
         <size>0xe</size>
         <input_file_ref idref="fl-5"/>
      </object_component>
      <object_component id="oc-3f5">
         <name>.text:.bootCodeSection:ti_catalog_arm_cortexm4_tiva_ce_Boot_init__I</name>
         <load_address>0x21d4</load_address>
         <run_address>0x21d4</run_address>
         <size>0xc</size>
         <input_file_ref idref="fl-5"/>
      </object_component>
      <object_component id="oc-22">
         <name>.text:decompress:ZI</name>
         <load_address>0x21e0</load_address>
         <run_address>0x21e0</run_address>
         <size>0xc</size>
         <input_file_ref idref="fl-e3"/>
      </object_component>
      <object_component id="oc-af">
         <name>.text:main</name>
         <load_address>0x21ec</load_address>
         <run_address>0x21ec</run_address>
         <size>0xc</size>
         <input_file_ref idref="fl-2"/>
      </object_component>
      <object_component id="oc-7f4">
         <name>.text:ti_sysbios_family_arm_lm4_Timer_getMaxTicks__E</name>
         <load_address>0x21f8</load_address>
         <run_address>0x21f8</run_address>
         <size>0xc</size>
         <input_file_ref idref="fl-11"/>
      </object_component>
      <object_component id="oc-434">
         <name>.text:ti_sysbios_gates_GateHwi_enter__E</name>
         <load_address>0x2208</load_address>
         <run_address>0x2208</run_address>
         <size>0xc</size>
         <input_file_ref idref="fl-11"/>
      </object_component>
      <object_component id="oc-811">
         <name>.text:ti_sysbios_knl_Queue_Object__get__S</name>
         <load_address>0x2214</load_address>
         <run_address>0x2214</run_address>
         <size>0xc</size>
         <input_file_ref idref="fl-5"/>
      </object_component>
      <object_component id="oc-8cc">
         <name>.text:xdc_runtime_Error_init__E</name>
         <load_address>0x2220</load_address>
         <run_address>0x2220</run_address>
         <size>0xc</size>
         <input_file_ref idref="fl-1c"/>
      </object_component>
      <object_component id="oc-1e4">
         <name>.text:xdc_runtime_Gate_enterSystem__E</name>
         <load_address>0x222c</load_address>
         <run_address>0x222c</run_address>
         <size>0xc</size>
         <input_file_ref idref="fl-1d"/>
      </object_component>
      <object_component id="oc-2d0">
         <name>.text:TimerIntEnable</name>
         <load_address>0x2238</load_address>
         <run_address>0x2238</run_address>
         <size>0x8</size>
         <input_file_ref idref="fl-26"/>
      </object_component>
      <object_component id="oc-4c1">
         <name>.text:ti_sysbios_family_arm_lm4_Timer_masterDisable__I</name>
         <load_address>0x2240</load_address>
         <run_address>0x2240</run_address>
         <size>0x8</size>
         <input_file_ref idref="fl-11"/>
      </object_component>
      <object_component id="oc-8bc">
         <name>.text:ti_sysbios_family_arm_m3_Hwi_doSwiRestore__I</name>
         <load_address>0x2248</load_address>
         <run_address>0x2248</run_address>
         <size>0x8</size>
         <input_file_ref idref="fl-11"/>
      </object_component>
      <object_component id="oc-505">
         <name>.text:ti_sysbios_family_arm_m3_Hwi_startup__E</name>
         <load_address>0x2250</load_address>
         <run_address>0x2250</run_address>
         <size>0x8</size>
         <input_file_ref idref="fl-11"/>
      </object_component>
      <object_component id="oc-8c2">
         <name>.text:ti_sysbios_family_arm_m3_Hwi_doTaskRestore__I</name>
         <load_address>0x2258</load_address>
         <run_address>0x2258</run_address>
         <size>0x6</size>
         <input_file_ref idref="fl-11"/>
      </object_component>
      <object_component id="oc-607">
         <name>.text:ti_sysbios_gates_GateHwi_leave__E</name>
         <load_address>0x2260</load_address>
         <run_address>0x2260</run_address>
         <size>0x6</size>
         <input_file_ref idref="fl-11"/>
      </object_component>
      <object_component id="oc-50b">
         <name>.text:ti_sysbios_knl_Swi_startup__E</name>
         <load_address>0x2268</load_address>
         <run_address>0x2268</run_address>
         <size>0x6</size>
         <input_file_ref idref="fl-11"/>
      </object_component>
      <object_component id="oc-645">
         <name>.text:xdc_runtime_System_Module_startup__E</name>
         <load_address>0x226e</load_address>
         <run_address>0x226e</run_address>
         <size>0x6</size>
         <input_file_ref idref="fl-1f"/>
      </object_component>
      <object_component id="oc-601">
         <name>.text:ti_sysbios_gates_GateHwi_query__E</name>
         <load_address>0x2278</load_address>
         <run_address>0x2278</run_address>
         <size>0x4</size>
         <input_file_ref idref="fl-11"/>
      </object_component>
      <object_component id="oc-5a8">
         <name>.text:ti_sysbios_gates_GateMutex_query__E</name>
         <load_address>0x2280</load_address>
         <run_address>0x2280</run_address>
         <size>0x4</size>
         <input_file_ref idref="fl-11"/>
      </object_component>
      <object_component id="oc-511">
         <name>.text:ti_sysbios_knl_Task_startup__E</name>
         <load_address>0x2288</load_address>
         <run_address>0x2288</run_address>
         <size>0x4</size>
         <input_file_ref idref="fl-11"/>
      </object_component>
      <object_component id="oc-7d1">
         <name>.text:ti_sysbios_knl_Clock_logTick__E</name>
         <load_address>0x2290</load_address>
         <run_address>0x2290</run_address>
         <size>0x2</size>
         <input_file_ref idref="fl-11"/>
      </object_component>
      <object_component id="oc-88a">
         <name>.const:sines</name>
         <load_address>0x2294</load_address>
         <run_address>0x2294</run_address>
         <size>0xc8</size>
         <input_file_ref idref="fl-2"/>
      </object_component>
      <object_component id="oc-41c">
         <name>.const:g_pui32Xtals</name>
         <load_address>0x235c</load_address>
         <run_address>0x235c</run_address>
         <size>0x6c</size>
         <input_file_ref idref="fl-27"/>
      </object_component>
      <object_component id="oc-52c">
         <name>.const:ti_sysbios_gates_GateHwi_Module__FXNS__C</name>
         <load_address>0x23c8</load_address>
         <run_address>0x23c8</run_address>
         <size>0x24</size>
         <input_file_ref idref="fl-5"/>
      </object_component>
      <object_component id="oc-4ee">
         <name>.const:ti_sysbios_gates_GateMutex_Module__FXNS__C</name>
         <load_address>0x23ec</load_address>
         <run_address>0x23ec</run_address>
         <size>0x24</size>
         <input_file_ref idref="fl-5"/>
      </object_component>
      <object_component id="oc-8fe">
         <name>.const:hhpf</name>
         <load_address>0x2410</load_address>
         <run_address>0x2410</run_address>
         <size>0x20</size>
         <input_file_ref idref="fl-2"/>
      </object_component>
      <object_component id="oc-8fa">
         <name>.const:hlpf</name>
         <load_address>0x2430</load_address>
         <run_address>0x2430</run_address>
         <size>0x20</size>
         <input_file_ref idref="fl-2"/>
      </object_component>
      <object_component id="oc-592">
         <name>.const:xdc_runtime_Startup_sfxnTab__A</name>
         <load_address>0x2450</load_address>
         <run_address>0x2450</run_address>
         <size>0x1c</size>
         <input_file_ref idref="fl-5"/>
      </object_component>
      <object_component id="oc-2a1">
         <name>.const:xdc_runtime_Startup_firstFxns__A</name>
         <load_address>0x246c</load_address>
         <run_address>0x246c</run_address>
         <size>0x10</size>
         <input_file_ref idref="fl-5"/>
      </object_component>
      <object_component id="oc-58d">
         <name>.const:xdc_runtime_Startup_sfxnRts__A</name>
         <load_address>0x247c</load_address>
         <run_address>0x247c</run_address>
         <size>0xe</size>
         <input_file_ref idref="fl-5"/>
      </object_component>
      <object_component id="oc-563">
         <name>.const:ti_catalog_arm_cortexm4_tiva_ce_Boot_Module__id__C</name>
         <load_address>0x248a</load_address>
         <run_address>0x248a</run_address>
         <size>0x2</size>
         <input_file_ref idref="fl-5"/>
      </object_component>
      <object_component id="oc-88d">
         <name>.const</name>
         <load_address>0x248c</load_address>
         <run_address>0x248c</run_address>
         <size>0x8</size>
         <input_file_ref idref="fl-5"/>
      </object_component>
      <object_component id="oc-84c">
         <name>.const:ti_sysbios_knl_Idle_funcList__C</name>
         <load_address>0x2494</load_address>
         <run_address>0x2494</run_address>
         <size>0x8</size>
         <input_file_ref idref="fl-5"/>
      </object_component>
      <object_component id="oc-1c3">
         <name>.const:xdc_runtime_Startup_firstFxns__C</name>
         <load_address>0x249c</load_address>
         <run_address>0x249c</run_address>
         <size>0x8</size>
         <input_file_ref idref="fl-5"/>
      </object_component>
      <object_component id="oc-1c9">
         <name>.const:xdc_runtime_Startup_lastFxns__C</name>
         <load_address>0x24a4</load_address>
         <run_address>0x24a4</run_address>
         <size>0x8</size>
         <input_file_ref idref="fl-5"/>
      </object_component>
      <object_component id="oc-560">
         <name>.const:ti_catalog_arm_cortexm4_tiva_ce_Boot_A_mustUseEnhancedClockMode__C</name>
         <load_address>0x24ac</load_address>
         <run_address>0x24ac</run_address>
         <size>0x4</size>
         <input_file_ref idref="fl-5"/>
      </object_component>
      <object_component id="oc-557">
         <name>.const:ti_catalog_arm_cortexm4_tiva_ce_Boot_Module__diagsEnabled__C</name>
         <load_address>0x24b0</load_address>
         <run_address>0x24b0</run_address>
         <size>0x4</size>
         <input_file_ref idref="fl-5"/>
      </object_component>
      <object_component id="oc-55a">
         <name>.const:ti_catalog_arm_cortexm4_tiva_ce_Boot_Module__diagsIncluded__C</name>
         <load_address>0x24b4</load_address>
         <run_address>0x24b4</run_address>
         <size>0x4</size>
         <input_file_ref idref="fl-5"/>
      </object_component>
      <object_component id="oc-55d">
         <name>.const:ti_catalog_arm_cortexm4_tiva_ce_Boot_Module__diagsMask__C</name>
         <load_address>0x24b8</load_address>
         <run_address>0x24b8</run_address>
         <size>0x4</size>
         <input_file_ref idref="fl-5"/>
      </object_component>
      <object_component id="oc-4c9">
         <name>.const:ti_sysbios_family_arm_lm4_Timer_enableFunc__C</name>
         <load_address>0x24bc</load_address>
         <run_address>0x24bc</run_address>
         <size>0x4</size>
         <input_file_ref idref="fl-5"/>
      </object_component>
      <object_component id="oc-4c3">
         <name>.const:ti_sysbios_family_arm_lm4_Timer_numTimerDevices__C</name>
         <load_address>0x24c0</load_address>
         <run_address>0x24c0</run_address>
         <size>0x4</size>
         <input_file_ref idref="fl-5"/>
      </object_component>
      <object_component id="oc-5d9">
         <name>.const:ti_sysbios_family_arm_lm4_Timer_startupNeeded__C</name>
         <load_address>0x24c4</load_address>
         <run_address>0x24c4</run_address>
         <size>0x4</size>
         <input_file_ref idref="fl-5"/>
      </object_component>
      <object_component id="oc-4ae">
         <name>.const:ti_sysbios_family_arm_m3_Hwi_NUM_INTERRUPTS__C</name>
         <load_address>0x24c8</load_address>
         <run_address>0x24c8</run_address>
         <size>0x4</size>
         <input_file_ref idref="fl-5"/>
      </object_component>
      <object_component id="oc-752">
         <name>.const:ti_sysbios_family_arm_m3_Hwi_Object__count__C</name>
         <load_address>0x24cc</load_address>
         <run_address>0x24cc</run_address>
         <size>0x4</size>
         <input_file_ref idref="fl-5"/>
      </object_component>
      <object_component id="oc-4b7">
         <name>.const:ti_sysbios_family_arm_m3_Hwi_ccr__C</name>
         <load_address>0x24d0</load_address>
         <run_address>0x24d0</run_address>
         <size>0x4</size>
         <input_file_ref idref="fl-5"/>
      </object_component>
      <object_component id="oc-290">
         <name>.const:ti_sysbios_family_arm_m3_Hwi_excHandlerFunc__C</name>
         <load_address>0x24d4</load_address>
         <run_address>0x24d4</run_address>
         <size>0x4</size>
         <input_file_ref idref="fl-5"/>
      </object_component>
      <object_component id="oc-4b1">
         <name>.const:ti_sysbios_family_arm_m3_Hwi_nullIsrFunc__C</name>
         <load_address>0x24d8</load_address>
         <run_address>0x24d8</run_address>
         <size>0x4</size>
         <input_file_ref idref="fl-5"/>
      </object_component>
      <object_component id="oc-4b4">
         <name>.const:ti_sysbios_family_arm_m3_Hwi_priGroup__C</name>
         <load_address>0x24dc</load_address>
         <run_address>0x24dc</run_address>
         <size>0x4</size>
         <input_file_ref idref="fl-5"/>
      </object_component>
      <object_component id="oc-680">
         <name>.const:ti_sysbios_gates_GateMutex_Instance_State_sem__O</name>
         <load_address>0x24e0</load_address>
         <run_address>0x24e0</run_address>
         <size>0x4</size>
         <input_file_ref idref="fl-5"/>
      </object_component>
      <object_component id="oc-76b">
         <name>.const:ti_sysbios_knl_Clock_Module_State_clockQ__O</name>
         <load_address>0x24e4</load_address>
         <run_address>0x24e4</run_address>
         <size>0x4</size>
         <input_file_ref idref="fl-5"/>
      </object_component>
      <object_component id="oc-76e">
         <name>.const:ti_sysbios_knl_Semaphore_Instance_State_pendQ__O</name>
         <load_address>0x24e8</load_address>
         <run_address>0x24e8</run_address>
         <size>0x4</size>
         <input_file_ref idref="fl-5"/>
      </object_component>
      <object_component id="oc-722">
         <name>.const:ti_sysbios_knl_Swi_Object__count__C</name>
         <load_address>0x24ec</load_address>
         <run_address>0x24ec</run_address>
         <size>0x4</size>
         <input_file_ref idref="fl-5"/>
      </object_component>
      <object_component id="oc-823">
         <name>.const:ti_sysbios_knl_Task_Module_State_inactiveQ__O</name>
         <load_address>0x24f0</load_address>
         <run_address>0x24f0</run_address>
         <size>0x4</size>
         <input_file_ref idref="fl-5"/>
      </object_component>
      <object_component id="oc-738">
         <name>.const:ti_sysbios_knl_Task_Object__count__C</name>
         <load_address>0x24f4</load_address>
         <run_address>0x24f4</run_address>
         <size>0x4</size>
         <input_file_ref idref="fl-5"/>
      </object_component>
      <object_component id="oc-7ad">
         <name>.const:ti_sysbios_knl_Task_allBlockedFunc__C</name>
         <load_address>0x24f8</load_address>
         <run_address>0x24f8</run_address>
         <size>0x4</size>
         <input_file_ref idref="fl-5"/>
      </object_component>
      <object_component id="oc-73b">
         <name>.const:ti_sysbios_knl_Task_numConstructedTasks__C</name>
         <load_address>0x24fc</load_address>
         <run_address>0x24fc</run_address>
         <size>0x4</size>
         <input_file_ref idref="fl-5"/>
      </object_component>
      <object_component id="oc-624">
         <name>.const:xdc_runtime_Assert_E_assertFailed__C</name>
         <load_address>0x2500</load_address>
         <run_address>0x2500</run_address>
         <size>0x4</size>
         <input_file_ref idref="fl-5"/>
      </object_component>
      <object_component id="oc-864">
         <name>.const:xdc_runtime_Error_Module__diagsEnabled__C</name>
         <load_address>0x2504</load_address>
         <run_address>0x2504</run_address>
         <size>0x4</size>
         <input_file_ref idref="fl-5"/>
      </object_component>
      <object_component id="oc-861">
         <name>.const:xdc_runtime_Error_Module__diagsIncluded__C</name>
         <load_address>0x2508</load_address>
         <run_address>0x2508</run_address>
         <size>0x4</size>
         <input_file_ref idref="fl-5"/>
      </object_component>
      <object_component id="oc-867">
         <name>.const:xdc_runtime_Error_Module__diagsMask__C</name>
         <load_address>0x250c</load_address>
         <run_address>0x250c</run_address>
         <size>0x4</size>
         <input_file_ref idref="fl-5"/>
      </object_component>
      <object_component id="oc-86d">
         <name>.const:xdc_runtime_Error_Module__loggerFxn8__C</name>
         <load_address>0x2510</load_address>
         <run_address>0x2510</run_address>
         <size>0x4</size>
         <input_file_ref idref="fl-5"/>
      </object_component>
      <object_component id="oc-86a">
         <name>.const:xdc_runtime_Error_Module__loggerObj__C</name>
         <load_address>0x2514</load_address>
         <run_address>0x2514</run_address>
         <size>0x4</size>
         <input_file_ref idref="fl-5"/>
      </object_component>
      <object_component id="oc-6ea">
         <name>.const:xdc_runtime_Error_policyFxn__C</name>
         <load_address>0x2518</load_address>
         <run_address>0x2518</run_address>
         <size>0x4</size>
         <input_file_ref idref="fl-5"/>
      </object_component>
      <object_component id="oc-873">
         <name>.const:xdc_runtime_Error_raiseHook__C</name>
         <load_address>0x251c</load_address>
         <run_address>0x251c</run_address>
         <size>0x4</size>
         <input_file_ref idref="fl-5"/>
      </object_component>
      <object_component id="oc-5a5">
         <name>.const:xdc_runtime_IGateProvider_Interface__BASE__C</name>
         <load_address>0x2520</load_address>
         <run_address>0x2520</run_address>
         <size>0x4</size>
         <input_file_ref idref="fl-5"/>
      </object_component>
      <object_component id="oc-671">
         <name>.const:xdc_runtime_IModule_Interface__BASE__C</name>
         <load_address>0x2524</load_address>
         <run_address>0x2524</run_address>
         <size>0x4</size>
         <input_file_ref idref="fl-5"/>
      </object_component>
      <object_component id="oc-85b">
         <name>.const:xdc_runtime_Log_L_error__C</name>
         <load_address>0x2528</load_address>
         <run_address>0x2528</run_address>
         <size>0x4</size>
         <input_file_ref idref="fl-5"/>
      </object_component>
      <object_component id="oc-1c6">
         <name>.const:xdc_runtime_Startup_execImpl__C</name>
         <load_address>0x252c</load_address>
         <run_address>0x252c</run_address>
         <size>0x4</size>
         <input_file_ref idref="fl-5"/>
      </object_component>
      <object_component id="oc-4d9">
         <name>.const:xdc_runtime_Startup_maxPasses__C</name>
         <load_address>0x2530</load_address>
         <run_address>0x2530</run_address>
         <size>0x4</size>
         <input_file_ref idref="fl-5"/>
      </object_component>
      <object_component id="oc-4d3">
         <name>.const:xdc_runtime_Startup_sfxnRts__C</name>
         <load_address>0x2534</load_address>
         <run_address>0x2534</run_address>
         <size>0x4</size>
         <input_file_ref idref="fl-5"/>
      </object_component>
      <object_component id="oc-4d6">
         <name>.const:xdc_runtime_Startup_sfxnTab__C</name>
         <load_address>0x2538</load_address>
         <run_address>0x2538</run_address>
         <size>0x4</size>
         <input_file_ref idref="fl-5"/>
      </object_component>
      <object_component id="oc-63d">
         <name>.const:xdc_runtime_SysCallback_abortFxn__C</name>
         <load_address>0x253c</load_address>
         <run_address>0x253c</run_address>
         <size>0x4</size>
         <input_file_ref idref="fl-5"/>
      </object_component>
      <object_component id="oc-2eb">
         <name>.const:xdc_runtime_SysCallback_exitFxn__C</name>
         <load_address>0x2540</load_address>
         <run_address>0x2540</run_address>
         <size>0x4</size>
         <input_file_ref idref="fl-5"/>
      </object_component>
      <object_component id="oc-2e7">
         <name>.const:xdc_runtime_System_Module__gateObj__C</name>
         <load_address>0x2544</load_address>
         <run_address>0x2544</run_address>
         <size>0x4</size>
         <input_file_ref idref="fl-5"/>
      </object_component>
      <object_component id="oc-589">
         <name>.const:xdc_runtime_System_abortFxn__C</name>
         <load_address>0x2548</load_address>
         <run_address>0x2548</run_address>
         <size>0x4</size>
         <input_file_ref idref="fl-5"/>
      </object_component>
      <object_component id="oc-bd">
         <name>.const:xdc_runtime_System_exitFxn__C</name>
         <load_address>0x254c</load_address>
         <run_address>0x254c</run_address>
         <size>0x4</size>
         <input_file_ref idref="fl-5"/>
      </object_component>
      <object_component id="oc-5c2">
         <name>.const:xdc_runtime_System_maxAtexitHandlers__C</name>
         <load_address>0x2550</load_address>
         <run_address>0x2550</run_address>
         <size>0x4</size>
         <input_file_ref idref="fl-5"/>
      </object_component>
      <object_component id="oc-6e0">
         <name>.const:xdc_runtime_Text_charTab__C</name>
         <load_address>0x2554</load_address>
         <run_address>0x2554</run_address>
         <size>0x4</size>
         <input_file_ref idref="fl-5"/>
      </object_component>
      <object_component id="oc-8a6">
         <name>.const:ti_sysbios_knl_Task_initStackFlag__C</name>
         <load_address>0x2558</load_address>
         <run_address>0x2558</run_address>
         <size>0x2</size>
         <input_file_ref idref="fl-5"/>
      </object_component>
      <object_component id="oc-85e">
         <name>.const:xdc_runtime_Error_Module__loggerDefined__C</name>
         <load_address>0x255a</load_address>
         <run_address>0x255a</run_address>
         <size>0x2</size>
         <input_file_ref idref="fl-5"/>
      </object_component>
      <object_component id="oc-876">
         <name>.const:xdc_runtime_Error_maxDepth__C</name>
         <load_address>0x255c</load_address>
         <run_address>0x255c</run_address>
         <size>0x2</size>
         <input_file_ref idref="fl-5"/>
      </object_component>
      <object_component id="oc-621">
         <name>.const:xdc_runtime_Text_isLoaded__C</name>
         <load_address>0x255e</load_address>
         <run_address>0x255e</run_address>
         <size>0x2</size>
         <input_file_ref idref="fl-5"/>
      </object_component>
      <object_component id="oc-879">
         <name>.const:xdc_runtime_Error_policy__C</name>
         <load_address>0x2560</load_address>
         <run_address>0x2560</run_address>
         <size>0x1</size>
         <input_file_ref idref="fl-5"/>
      </object_component>
      <object_component id="oc-94b">
         <name>.cinit..data.load</name>
         <load_address>0x2568</load_address>
         <run_address>0x2568</run_address>
         <size>0x151</size>
      </object_component>
      <object_component id="oc-949">
         <name>__TI_handler_table</name>
         <load_address>0x26bc</load_address>
         <run_address>0x26bc</run_address>
         <size>0xc</size>
      </object_component>
      <object_component id="oc-94c">
         <name>.cinit..bss.load</name>
         <load_address>0x26c8</load_address>
         <run_address>0x26c8</run_address>
         <size>0x8</size>
      </object_component>
      <object_component id="oc-94d">
         <name>.cinit..vecs.load</name>
         <load_address>0x26d0</load_address>
         <run_address>0x26d0</run_address>
         <size>0x8</size>
      </object_component>
      <object_component id="oc-94a">
         <name>__TI_cinit_table</name>
         <load_address>0x26d8</load_address>
         <run_address>0x26d8</run_address>
         <size>0x18</size>
      </object_component>
      <object_component id="oc-887">
         <name>.data</name>
         <load_address>0x20000b28</load_address>
         <run_address>0x20000b28</run_address>
         <size>0x10</size>
         <input_file_ref idref="fl-2"/>
      </object_component>
      <object_component id="oc-2dd">
         <name>.data:ti_sysbios_BIOS_Module__state__V</name>
         <load_address>0x20000a94</load_address>
         <run_address>0x20000a94</run_address>
         <size>0x24</size>
         <input_file_ref idref="fl-5"/>
      </object_component>
      <object_component id="oc-637">
         <name>.data:ti_sysbios_family_arm_lm4_Timer_Object__table__V</name>
         <load_address>0x20000994</load_address>
         <run_address>0x20000994</run_address>
         <size>0x40</size>
         <input_file_ref idref="fl-5"/>
      </object_component>
      <object_component id="oc-573">
         <name>.data:ti_sysbios_family_arm_lm4_Timer_Module_State_0_device__A</name>
         <load_address>0x20000a08</load_address>
         <run_address>0x20000a08</run_address>
         <size>0x30</size>
         <input_file_ref idref="fl-5"/>
      </object_component>
      <object_component id="oc-576">
         <name>.data:ti_sysbios_family_arm_lm4_Timer_Module_State_0_handles__A</name>
         <load_address>0x20000b10</load_address>
         <run_address>0x20000b10</run_address>
         <size>0x18</size>
         <input_file_ref idref="fl-5"/>
      </object_component>
      <object_component id="oc-4c6">
         <name>.data:ti_sysbios_family_arm_lm4_Timer_Module__state__V</name>
         <load_address>0x20000b44</load_address>
         <run_address>0x20000b44</run_address>
         <size>0xc</size>
         <input_file_ref idref="fl-5"/>
      </object_component>
      <object_component id="oc-6fe">
         <name>.data:ti_sysbios_family_arm_m3_Hwi_Object__table__V</name>
         <load_address>0x20000a38</load_address>
         <run_address>0x20000a38</run_address>
         <size>0x30</size>
         <input_file_ref idref="fl-5"/>
      </object_component>
      <object_component id="oc-372">
         <name>.data:ti_sysbios_family_arm_m3_Hwi_Module_State_0_excActive__A</name>
         <load_address>0x20000b84</load_address>
         <run_address>0x20000b84</run_address>
         <size>0x2</size>
         <input_file_ref idref="fl-5"/>
      </object_component>
      <object_component id="oc-375">
         <name>.data:ti_sysbios_family_arm_m3_Hwi_Module_State_0_excContext__A</name>
         <load_address>0x20000b74</load_address>
         <run_address>0x20000b74</run_address>
         <size>0x4</size>
         <input_file_ref idref="fl-5"/>
      </object_component>
      <object_component id="oc-378">
         <name>.data:ti_sysbios_family_arm_m3_Hwi_Module_State_0_excStack__A</name>
         <load_address>0x20000b78</load_address>
         <run_address>0x20000b78</run_address>
         <size>0x4</size>
         <input_file_ref idref="fl-5"/>
      </object_component>
      <object_component id="oc-28d">
         <name>.data:ti_sysbios_family_arm_m3_Hwi_Module__state__V</name>
         <load_address>0x200009d4</load_address>
         <run_address>0x200009d4</run_address>
         <size>0x34</size>
         <input_file_ref idref="fl-5"/>
      </object_component>
      <object_component id="oc-43b">
         <name>.data:ti_sysbios_gates_GateHwi_Object__table__V</name>
         <load_address>0x20000b7c</load_address>
         <run_address>0x20000b7c</run_address>
         <size>0x4</size>
         <input_file_ref idref="fl-5"/>
      </object_component>
      <object_component id="oc-423">
         <name>.data:ti_sysbios_gates_GateMutex_Object__table__V</name>
         <load_address>0x20000ad8</load_address>
         <run_address>0x20000ad8</run_address>
         <size>0x1c</size>
         <input_file_ref idref="fl-5"/>
      </object_component>
      <object_component id="oc-8f4">
         <name>.data:ti_sysbios_hal_Hwi_Object__table__V</name>
         <load_address>0x20000b58</load_address>
         <run_address>0x20000b58</run_address>
         <size>0x8</size>
         <input_file_ref idref="fl-5"/>
      </object_component>
      <object_component id="oc-718">
         <name>.data:ti_sysbios_knl_Clock_Module__state__V</name>
         <load_address>0x20000a68</load_address>
         <run_address>0x20000a68</run_address>
         <size>0x2c</size>
         <input_file_ref idref="fl-5"/>
      </object_component>
      <object_component id="oc-7fb">
         <name>.data:ti_sysbios_knl_Swi_Object__table__V</name>
         <load_address>0x200008f0</load_address>
         <run_address>0x200008f0</run_address>
         <size>0x60</size>
         <input_file_ref idref="fl-5"/>
      </object_component>
      <object_component id="oc-7a2">
         <name>.data:ti_sysbios_knl_Swi_Module_State_0_readyQ__A</name>
         <load_address>0x20000870</load_address>
         <run_address>0x20000870</run_address>
         <size>0x80</size>
         <input_file_ref idref="fl-5"/>
      </object_component>
      <object_component id="oc-6be">
         <name>.data:ti_sysbios_knl_Swi_Module__state__V</name>
         <load_address>0x20000af4</load_address>
         <run_address>0x20000af4</run_address>
         <size>0x1c</size>
         <input_file_ref idref="fl-5"/>
      </object_component>
      <object_component id="oc-772">
         <name>.data:ti_sysbios_knl_Task_Module_State_0_readyQ__A</name>
         <load_address>0x20000ab8</load_address>
         <run_address>0x20000ab8</run_address>
         <size>0x20</size>
         <input_file_ref idref="fl-5"/>
      </object_component>
      <object_component id="oc-775">
         <name>.data:ti_sysbios_knl_Task_Module_State_0_idleTask__A</name>
         <load_address>0x20000b80</load_address>
         <run_address>0x20000b80</run_address>
         <size>0x4</size>
         <input_file_ref idref="fl-5"/>
      </object_component>
      <object_component id="oc-67d">
         <name>.data:ti_sysbios_knl_Task_Module__state__V</name>
         <load_address>0x20000950</load_address>
         <run_address>0x20000950</run_address>
         <size>0x44</size>
         <input_file_ref idref="fl-5"/>
      </object_component>
      <object_component id="oc-870">
         <name>.data:xdc_runtime_Error_Module__state__V</name>
         <load_address>0x20000b86</load_address>
         <run_address>0x20000b86</run_address>
         <size>0x2</size>
         <input_file_ref idref="fl-5"/>
      </object_component>
      <object_component id="oc-1cc">
         <name>.data:xdc_runtime_Startup_Module__state__V</name>
         <load_address>0x20000b60</load_address>
         <run_address>0x20000b60</run_address>
         <size>0x8</size>
         <input_file_ref idref="fl-5"/>
      </object_component>
      <object_component id="oc-1f0">
         <name>.data:xdc_runtime_System_Module__state__V</name>
         <load_address>0x20000b68</load_address>
         <run_address>0x20000b68</run_address>
         <size>0x8</size>
         <input_file_ref idref="fl-5"/>
      </object_component>
      <object_component id="oc-2f5">
         <name>.data:$O1$$</name>
         <load_address>0x20000b50</load_address>
         <run_address>0x20000b50</run_address>
         <size>0x8</size>
         <input_file_ref idref="fl-df"/>
      </object_component>
      <object_component id="oc-2f2">
         <name>.data:$O1$$</name>
         <load_address>0x20000b38</load_address>
         <run_address>0x20000b38</run_address>
         <size>0xc</size>
         <input_file_ref idref="fl-e5"/>
      </object_component>
      <object_component id="oc-70">
         <name>.data</name>
         <load_address>0x20000b70</load_address>
         <run_address>0x20000b70</run_address>
         <size>0x4</size>
         <input_file_ref idref="fl-e8"/>
      </object_component>
      <object_component id="oc-8f9">
         <name>.common:y</name>
         <uninitialized>true</uninitialized>
         <run_address>0x200006c0</run_address>
         <size>0xc8</size>
      </object_component>
      <object_component id="oc-8fd">
         <name>.common:y2</name>
         <uninitialized>true</uninitialized>
         <run_address>0x20000788</run_address>
         <size>0xc8</size>
      </object_component>
      <object_component id="oc-886">
         <name>.common:circular_buffer</name>
         <uninitialized>true</uninitialized>
         <run_address>0x20000850</run_address>
         <size>0x20</size>
      </object_component>
      <object_component id="oc-37b">
         <name>.common:ti_sysbios_family_arm_m3_Hwi_dispatchTable</name>
         <uninitialized>true</uninitialized>
         <run_address>0x20000360</run_address>
         <size>0x360</size>
      </object_component>
      <object_component id="oc-3a">
         <name>.stack</name>
         <uninitialized>true</uninitialized>
         <run_address>0x20000b88</run_address>
         <size>0x0</size>
         <input_file_ref idref="fl-24"/>
      </object_component>
      <object_component id="oc-94e">
         <name>.stack</name>
         <uninitialized>true</uninitialized>
         <run_address>0x20000b88</run_address>
         <size>0x0</size>
      </object_component>
      <object_component id="oc-5e">
         <name>.bootVecs</name>
         <load_address>0x0</load_address>
         <run_address>0x0</run_address>
         <size>0x8</size>
         <input_file_ref idref="fl-24"/>
      </object_component>
      <object_component id="oc-37">
         <name>.vecs</name>
         <uninitialized>true</uninitialized>
         <run_address>0x20000000</run_address>
         <size>0x360</size>
         <input_file_ref idref="fl-5"/>
      </object_component>
      <object_component id="oc-34">
         <name>.resetVecs</name>
[...]
         <name>ti_sysbios_gates_GateHwi_query__E</name>
         <value>0x2279</value>
         <object_component_ref idref="oc-601"/>
      </symbol>
      <symbol id="sm-952">
         <name>ti_sysbios_family_arm_lm4_Timer_masterDisable__I</name>
         <value>0x2241</value>
         <object_component_ref idref="oc-4c1"/>
      </symbol>
      <symbol id="sm-953">
         <name>ti_sysbios_family_arm_lm4_Timer_startup__E</name>
         <value>0x1a09</value>
         <object_component_ref idref="oc-4ff"/>
      </symbol>
      <symbol id="sm-954">
         <name>ti_sysbios_knl_Swi_restoreHwi__E</name>
         <value>0x12b9</value>
         <object_component_ref idref="oc-90d"/>
      </symbol>
      <symbol id="sm-955">
         <name>ti_sysbios_knl_Task_restoreHwi__E</name>
         <value>0x1e11</value>
         <object_component_ref idref="oc-914"/>
      </symbol>
      <symbol id="sm-956">
         <name>ti_sysbios_knl_Idle_run__E</name>
         <value>0x1ec1</value>
         <object_component_ref idref="oc-7a7"/>
      </symbol>
      <symbol id="sm-957">
         <name>ti_sysbios_family_arm_m3_TaskSupport_start__E</name>
         <value>0x1a49</value>
         <object_component_ref idref="oc-805"/>
      </symbol>
      <symbol id="sm-958">
         <name>ti_sysbios_knl_Swi_startup__E</name>
         <value>0x2269</value>
         <object_component_ref idref="oc-50b"/>
      </symbol>
      <symbol id="sm-959">
         <name>ti_sysbios_knl_Task_schedule__I</name>
         <value>0x17c9</value>
         <object_component_ref idref="oc-79b"/>
      </symbol>
      <symbol id="sm-95a">
         <name>ti_sysbios_gates_GateMutex_leave__E</name>
         <value>0x2011</value>
         <object_component_ref idref="oc-5b4"/>
      </symbol>
      <symbol id="sm-95b">
         <name>ti_sysbios_family_arm_lm4_Timer_enableTiva__I</name>
         <value>0x9e9</value>
         <object_component_ref idref="oc-57b"/>
      </symbol>
      <symbol id="sm-95c">
         <name>ti_sysbios_knl_Task_restore__E</name>
         <value>0x1cf9</value>
         <object_component_ref idref="oc-6b8"/>
      </symbol>
      <symbol id="sm-95d">
         <name>ti_sysbios_family_arm_lm4_Timer_enableTimers__I</name>
         <value>0xa99</value>
         <object_component_ref idref="oc-407"/>
      </symbol>
      <symbol id="sm-95e">
         <name>ti_sysbios_BIOS_start__E</name>
         <value>0x2129</value>
         <object_component_ref idref="oc-1d6"/>
      </symbol>
      <symbol id="sm-95f">
         <name>ti_sysbios_family_arm_m3_Hwi_postInit__I</name>
         <value>0xf51</value>
         <object_component_ref idref="oc-74c"/>
      </symbol>
      <symbol id="sm-960">
         <name>ti_sysbios_family_arm_m3_Hwi_switchFromBootStack__E</name>
         <value>0x20b1</value>
         <object_component_ref idref="oc-6c8"/>
      </symbol>
      <symbol id="sm-961">
         <name>ti_sysbios_gates_GateMutex_query__E</name>
         <value>0x2281</value>
         <object_component_ref idref="oc-5a8"/>
      </symbol>
      <symbol id="sm-962">
         <name>ti_sysbios_knl_Swi_schedule__I</name>
         <value>0x1379</value>
         <object_component_ref idref="oc-6b2"/>
      </symbol>
      <symbol id="sm-963">
         <name>ti_sysbios_family_arm_lm4_Timer_Module_startup__E</name>
         <value>0x11f1</value>
         <object_component_ref idref="oc-669"/>
      </symbol>
      <symbol id="sm-964">
         <name>ti_sysbios_knl_Clock_workFunc__E</name>
         <value>0x1119</value>
         <object_component_ref idref="oc-899"/>
      </symbol>
      <symbol id="sm-965">
         <name>ti_sysbios_family_arm_lm4_Timer_isrStub__E</name>
         <value>0x18f1</value>
         <object_component_ref idref="oc-7ea"/>
      </symbol>
      <symbol id="sm-966">
         <name>ti_sysbios_family_arm_m3_Hwi_initNVIC__E</name>
         <value>0xdb1</value>
         <object_component_ref idref="oc-401"/>
      </symbol>
      <symbol id="sm-967">
         <name>ti_sysbios_knl_Task_unblockI__E</name>
         <value>0x1c69</value>
         <object_component_ref idref="oc-77c"/>
      </symbol>
      <symbol id="sm-968">
         <name>ti_sysbios_family_arm_m3_Hwi_disableInterrupt__E</name>
         <value>0x1819</value>
         <object_component_ref idref="oc-4bb"/>
      </symbol>
      <symbol id="sm-969">
         <name>ti_sysbios_family_arm_lm4_Timer_write__I</name>
         <value>0x1e39</value>
         <object_component_ref idref="oc-6a3"/>
      </symbol>
      <symbol id="sm-96a">
         <name>ti_sysbios_knl_Clock_Module_startup__E</name>
         <value>0x1de9</value>
         <object_component_ref idref="oc-64b"/>
      </symbol>
      <symbol id="sm-96b">
         <name>ti_sysbios_knl_Task_Module_startup__E</name>
         <value>0x13d9</value>
         <object_component_ref idref="oc-657"/>
      </symbol>
      <symbol id="sm-96c">
         <name>ti_sysbios_family_arm_m3_Hwi_Module_startup__E</name>
         <value>0x15f1</value>
         <object_component_ref idref="oc-663"/>
      </symbol>
      <symbol id="sm-96d">
         <name>ti_sysbios_gates_GateMutex_enter__E</name>
         <value>0x1c09</value>
         <object_component_ref idref="oc-5ae"/>
      </symbol>
      <symbol id="sm-987">
         <name>ti_sysbios_knl_Task_swapReturn</name>
         <value>0x2001</value>
         <object_component_ref idref="oc-6ce"/>
      </symbol>
      <symbol id="sm-988">
         <name>ti_sysbios_family_arm_m3_TaskSupport_glue</name>
         <value>0x2139</value>
         <object_component_ref idref="oc-903"/>
      </symbol>
      <symbol id="sm-989">
         <name>ti_sysbios_family_arm_m3_TaskSupport_buildTaskStack</name>
         <value>0xe45</value>
         <object_component_ref idref="oc-8a1"/>
      </symbol>
      <symbol id="sm-98a">
         <name>ti_sysbios_family_arm_m3_TaskSupport_swap__E</name>
         <value>0x1ff5</value>
         <object_component_ref idref="oc-6ce"/>
      </symbol>
      <symbol id="sm-9ac">
         <name>ti_sysbios_family_arm_m3_Hwi_excHandlerAsm__I</name>
         <value>0x1e7d</value>
         <object_component_ref idref="oc-7e"/>
      </symbol>
      <symbol id="sm-9ad">
         <name>ti_sysbios_family_arm_m3_Hwi_return</name>
         <value>0x1d75</value>
         <object_component_ref idref="oc-83"/>
      </symbol>
      <symbol id="sm-9ae">
         <name>ti_sysbios_family_arm_m3_Hwi_pendSV__I</name>
         <value>0x1d51</value>
         <object_component_ref idref="oc-83"/>
      </symbol>
      <symbol id="sm-9af">
         <name>ti_sysbios_family_arm_m3_Hwi_dispatch__I</name>
         <value>0x801</value>
         <object_component_ref idref="oc-82d"/>
      </symbol>
      <symbol id="sm-9c3">
         <name>ti_sysbios_family_xxx_Hwi_switchAndRunFunc</name>
         <value>0x1ee1</value>
         <object_component_ref idref="oc-78f"/>
      </symbol>
      <symbol id="sm-9c4">
         <name>ti_sysbios_family_arm_m3_Hwi_initStacks__E</name>
         <value>0x1545</value>
         <object_component_ref idref="oc-7b1"/>
      </symbol>
      <symbol id="sm-a2e">
         <name>ti_catalog_arm_cortexm4_tiva_ce_Boot_sysCtlClockSet__E</name>
         <value>0xd1d</value>
         <object_component_ref idref="oc-4a0"/>
      </symbol>
      <symbol id="sm-a50">
         <name>ti_catalog_arm_cortexm4_tiva_ce_Boot_sysCtlClockSetI__I</name>
         <value>0x601</value>
         <object_component_ref idref="oc-551"/>
      </symbol>
      <symbol id="sm-a51">
         <name>ti_catalog_arm_cortexm4_tiva_ce_Boot_sysCtlDelayI__I</name>
         <value>0x20eb</value>
         <object_component_ref idref="oc-628"/>
      </symbol>
      <symbol id="sm-a6f">
         <name>xdc_runtime_Assert_raise__I</name>
         <value>0x18a9</value>
         <object_component_ref idref="oc-54b"/>
      </symbol>
      <symbol id="sm-ae1">
         <name>xdc_runtime_Error_raiseX__E</name>
         <value>0x1f5d</value>
         <object_component_ref idref="oc-61b"/>
      </symbol>
      <symbol id="sm-ae2">
         <name>xdc_runtime_Error_init__E</name>
         <value>0x2221</value>
         <object_component_ref idref="oc-8cc"/>
      </symbol>
      <symbol id="sm-ae3">
         <name>xdc_runtime_Error_check__E</name>
         <value>0x2029</value>
         <object_component_ref idref="oc-80b"/>
      </symbol>
      <symbol id="sm-ae4">
         <name>xdc_runtime_Error_policyDefault__E</name>
         <value>0x1b5</value>
         <object_component_ref idref="oc-7c9"/>
      </symbol>
      <symbol id="sm-ae5">
         <name>xdc_runtime_Error_setX__E</name>
         <value>0x19c5</value>
         <object_component_ref idref="oc-855"/>
      </symbol>
      <symbol id="sm-b03">
         <name>xdc_runtime_Gate_leaveSystem__E</name>
         <value>0x2169</value>
         <object_component_ref idref="oc-5bc"/>
      </symbol>
      <symbol id="sm-b04">
         <name>xdc_runtime_Gate_enterSystem__E</name>
         <value>0x222d</value>
         <object_component_ref idref="oc-1e4"/>
      </symbol>
      <symbol id="sm-b3f">
         <name>xdc_runtime_Startup_startMods__I</name>
         <value>0x705</value>
         <object_component_ref idref="oc-40f"/>
      </symbol>
      <symbol id="sm-b40">
         <name>xdc_runtime_Startup_exec__E</name>
         <value>0x1641</value>
         <object_component_ref idref="oc-a8"/>
      </symbol>
      <symbol id="sm-b88">
         <name>xdc_runtime_System_atexit__E</name>
         <value>0x1b01</value>
         <object_component_ref idref="oc-4f3"/>
      </symbol>
      <symbol id="sm-b89">
         <name>xdc_runtime_System_abort__E</name>
         <value>0x1f79</value>
         <object_component_ref idref="oc-4cd"/>
      </symbol>
      <symbol id="sm-b8a">
         <name>xdc_runtime_System_processAtExit__E</name>
         <value>0x1c99</value>
         <object_component_ref idref="oc-b7"/>
      </symbol>
      <symbol id="sm-b8b">
         <name>xdc_runtime_System_exit__E</name>
         <value>0x2041</value>
         <object_component_ref idref="oc-6a"/>
      </symbol>
      <symbol id="sm-b8c">
         <name>xdc_runtime_System_Module_startup__E</name>
         <value>0x226f</value>
         <object_component_ref idref="oc-645"/>
      </symbol>
      <symbol id="sm-bc0">
         <name>xdc_runtime_SysCallback_defaultExit</name>
         <value>0x1437</value>
         <object_component_ref idref="oc-440"/>
      </symbol>
      <symbol id="sm-bc1">
         <name>xdc_runtime_SysCallback_exit__E</name>
         <value>0x2189</value>
         <object_component_ref idref="oc-1ea"/>
      </symbol>
      <symbol id="sm-bc2">
         <name>xdc_runtime_SysCallback_abort__E</name>
         <value>0x2179</value>
         <object_component_ref idref="oc-583"/>
      </symbol>
      <symbol id="sm-bc3">
         <name>xdc_runtime_SysCallback_defaultAbort</name>
         <value>0x1435</value>
         <object_component_ref idref="oc-703"/>
      </symbol>
      <symbol id="sm-be2">
         <name>xdc_runtime_Text_ropeText__E</name>
         <value>0x2059</value>
         <object_component_ref idref="oc-615"/>
      </symbol>
      <symbol id="sm-bf8">
         <name>_c_int00</name>
         <value>0x1495</value>
         <object_component_ref idref="oc-28"/>
      </symbol>
      <symbol id="sm-bf9">
         <name>__stack</name>
         <value>0x20000b88</value>
         <object_component_ref idref="oc-3a"/>
      </symbol>
      <symbol id="sm-c18">
         <name>__TI_auto_init</name>
         <value>0xb41</value>
         <object_component_ref idref="oc-5f"/>
      </symbol>
      <symbol id="sm-c51">
         <name>TimerLoadSet</name>
         <value>0x20d9</value>
         <object_component_ref idref="oc-2ca"/>
      </symbol>
      <symbol id="sm-c52">
         <name>TimerEnable</name>
         <value>0x2199</value>
         <object_component_ref idref="oc-2d6"/>
      </symbol>
      <symbol id="sm-c53">
         <name>TimerIntEnable</name>
         <value>0x2239</value>
         <object_component_ref idref="oc-2d0"/>
      </symbol>
      <symbol id="sm-c54">
         <name>TimerConfigure</name>
         <value>0x1255</value>
         <object_component_ref idref="oc-2be"/>
      </symbol>
      <symbol id="sm-c55">
         <name>TimerIntClear</name>
         <value>0x9e5</value>
         <object_component_ref idref="oc-880"/>
      </symbol>
      <symbol id="sm-ca8">
         <name>SysCtlClockSet</name>
         <value>0x8f5</value>
         <object_component_ref idref="oc-2b2"/>
      </symbol>
      <symbol id="sm-ca9">
         <name>SysCtlDelay</name>
         <value>0xf4b</value>
         <object_component_ref idref="oc-416"/>
      </symbol>
      <symbol id="sm-caa">
         <name>SysCtlPeripheralEnable</name>
         <value>0x1b39</value>
         <object_component_ref idref="oc-2b8"/>
      </symbol>
      <symbol id="sm-cab">
         <name>SysCtlClockGet</name>
         <value>0x2d5</value>
         <object_component_ref idref="oc-2c4"/>
      </symbol>
      <symbol id="sm-cc6">
         <name>_nop</name>
         <value>0x2097</value>
         <object_component_ref idref="oc-456"/>
      </symbol>
      <symbol id="sm-cc7">
         <name>_lock</name>
         <value>0x20000b50</value>
         <object_component_ref idref="oc-2f5"/>
      </symbol>
      <symbol id="sm-cc8">
         <name>_unlock</name>
         <value>0x20000b54</value>
         <object_component_ref idref="oc-2f5"/>
      </symbol>
      <symbol id="sm-cc9">
         <name>_register_lock</name>
         <value>0x208f</value>
         <object_component_ref idref="oc-456"/>
      </symbol>
      <symbol id="sm-cca">
         <name>_register_unlock</name>
         <value>0x2089</value>
         <object_component_ref idref="oc-456"/>
      </symbol>
      <symbol id="sm-cde">
         <name>_args_main</name>
         <value>0x1f95</value>
         <object_component_ref idref="oc-64"/>
      </symbol>
      <symbol id="sm-cfc">
         <name>__TI_decompress_lzss</name>
         <value>0x1185</value>
         <object_component_ref idref="oc-16"/>
      </symbol>
      <symbol id="sm-d13">
         <name>__TI_decompress_none</name>
         <value>0x21a7</value>
         <object_component_ref idref="oc-1c"/>
      </symbol>
      <symbol id="sm-d2a">
         <name>__TI_zero_init</name>
         <value>0x21e1</value>
         <object_component_ref idref="oc-22"/>
      </symbol>
      <symbol id="sm-d4e">
         <name>copy_in</name>
         <value>0x16dd</value>
         <object_component_ref idref="oc-a2"/>
      </symbol>
      <symbol id="sm-d6f">
         <name>C$$EXIT</name>
         <value>0x159d</value>
         <object_component_ref idref="oc-1f4"/>
      </symbol>
      <symbol id="sm-d70">
         <name>abort</name>
         <value>0x15a1</value>
         <object_component_ref idref="oc-1f4"/>
      </symbol>
      <symbol id="sm-d71">
         <name>exit</name>
         <value>0x15a9</value>
         <object_component_ref idref="oc-1f4"/>
      </symbol>
      <symbol id="sm-d72">
         <name>__TI_dtors_ptr</name>
         <value>0x20000b3c</value>
         <object_component_ref idref="oc-2f2"/>
      </symbol>
      <symbol id="sm-d73">
         <name>__TI_cleanup_ptr</name>
         <value>0x20000b38</value>
         <object_component_ref idref="oc-2f2"/>
      </symbol>
      <symbol id="sm-d74">
         <name>__TI_enable_exit_profile_output</name>
         <value>0x20000b40</value>
         <object_component_ref idref="oc-2f2"/>
      </symbol>
      <symbol id="sm-d8f">
         <name>memcpy</name>
         <value>0xbe1</value>
         <object_component_ref idref="oc-46"/>
      </symbol>
      <symbol id="sm-d90">
         <name>__aeabi_memcpy</name>
         <value>0xbe1</value>
         <object_component_ref idref="oc-46"/>
      </symbol>
      <symbol id="sm-d91">
         <name>__aeabi_memcpy8</name>
         <value>0xbe1</value>
         <object_component_ref idref="oc-46"/>
      </symbol>
      <symbol id="sm-d92">
         <name>__aeabi_memcpy4</name>
         <value>0xbe1</value>
         <object_component_ref idref="oc-46"/>
      </symbol>
      <symbol id="sm-da1">
         <name>__aeabi_memset</name>
         <value>0xed3</value>
         <object_component_ref idref="oc-52"/>
      </symbol>
      <symbol id="sm-da2">
         <name>memset</name>
         <value>0xed9</value>
         <object_component_ref idref="oc-52"/>
      </symbol>
      <symbol id="sm-da3">
         <name>__aeabi_memset8</name>
         <value>0xed3</value>
         <object_component_ref idref="oc-52"/>
      </symbol>
      <symbol id="sm-da4">
         <name>__aeabi_memset4</name>
         <value>0xed3</value>
         <object_component_ref idref="oc-52"/>
      </symbol>
      <symbol id="sm-da5">
         <name>__aeabi_memclr8</name>
         <value>0xed1</value>
         <object_component_ref idref="oc-52"/>
      </symbol>
      <symbol id="sm-da6">
         <name>__aeabi_memclr4</name>
         <value>0xed1</value>
         <object_component_ref idref="oc-52"/>
      </symbol>
      <symbol id="sm-da7">
         <name>__aeabi_memclr</name>
         <value>0xed1</value>
         <object_component_ref idref="oc-52"/>
      </symbol>
      <symbol id="sm-daf">
         <name>main_func_sp</name>
         <value>0x20000b70</value>
         <object_component_ref idref="oc-70"/>
      </symbol>
      <symbol id="sm-db5">
         <name>__TI_static_base__</name>
         <value>0x2568</value>
      </symbol>
      <symbol id="sm-db8">
         <name>SHT$$INIT_ARRAY$$Base</name>
         <value>0x0</value>
      </symbol>
      <symbol id="sm-db9">
         <name>SHT$$INIT_ARRAY$$Limit</name>
         <value>0x0</value>
      </symbol>
      <symbol id="sm-dba">
         <name>ti_sysbios_BIOS_RtsGateProxy_query__E</name>
         <value>0x2281</value>
      </symbol>
      <symbol id="sm-dbb">
         <name>ti_sysbios_hal_Hwi_HwiProxy_getStackInfo__E</name>
         <value>0x1939</value>
      </symbol>
      <symbol id="sm-dbc">
         <name>ti_sysbios_hal_Hwi_HwiProxy_startup__E</name>
         <value>0x2251</value>
      </symbol>
      <symbol id="sm-dbd">
         <name>ti_sysbios_hal_Hwi_HwiProxy_switchFromBootStack__E</name>
         <value>0x20b1</value>
      </symbol>
      <symbol id="sm-dbe">
         <name>ti_sysbios_hal_Hwi_HwiProxy_disableInterrupt__E</name>
         <value>0x1819</value>
      </symbol>
      <symbol id="sm-dbf">
         <name>ti_sysbios_hal_Hwi_HwiProxy_enableInterrupt__E</name>
         <value>0x1861</value>
      </symbol>
      <symbol id="sm-dc0">
         <name>ti_sysbios_knl_Clock_TimerProxy_startup__E</name>
         <value>0x1a09</value>
      </symbol>
      <symbol id="sm-dc1">
         <name>ti_sysbios_knl_Task_SupportProxy_start__E</name>
         <value>0x1a49</value>
      </symbol>
      <symbol id="sm-dc2">
         <name>ti_sysbios_knl_Task_SupportProxy_swap__E</name>
         <value>0x1ff5</value>
      </symbol>
      <symbol id="sm-dc3">
         <name>xdc_runtime_Main_Module_GateProxy_query__E</name>
         <value>0x2279</value>
      </symbol>
      <symbol id="sm-dc4">
         <name>xdc_runtime_System_Module_GateProxy_query__E</name>
         <value>0x2279</value>
      </symbol>
      <symbol id="sm-dc5">
         <name>xdc_runtime_System_SupportProxy_abort__E</name>
         <value>0x2179</value>
      </symbol>
      <symbol id="sm-dc6">
         <name>xdc_runtime_System_SupportProxy_exit__E</name>
         <value>0x2189</value>
      </symbol>
      <symbol id="sm-dc7">
         <name>xdc_runtime_System_abortStd__E</name>
         <value>0x15a1</value>
      </symbol>
      <symbol id="sm-dc8">
         <name>xdc_runtime_System_exitStd__E</name>
         <value>0x15a9</value>
      </symbol>
   </symbol_table>
   <title>Link successful</title>
</link_info>
