<?xml version="1.0"?>
<link_info>
   <banner>TI ARM Linker PC v16.9.1.LTS</banner>
   <copyright>Copyright (c) 1996-2015 Texas Instruments Incorporated</copyright>
   <link_time>0x5ad6f101</link_time>
   <link_errors>0x0</link_errors>
   <output_file>DSP_FIR_CB.out</output_file>
   <entry_point>
      <name>_c_int00</name>
      <address>0x1635</address>
   </entry_point>
   <input_file_list>
      <input_file id="fl-2">
         <path>.\</path>
         <kind>object</kind>
         <file>main.obj</file>
         <name>main.obj</name>
      </input_file>
      <input_file id="fl-5">
         <path>D:\TI_RTOS\Workspace\DSP_FIR_CB\Debug\configPkg\package\cfg\</path>
         <kind>object</kind>
         <file>empty_min_pem4f.oem4f</file>
         <name>empty_min_pem4f.oem4f</name>
      </input_file>
      <input_file id="fl-11">
         <path>D:\TI_RTOS\Workspace\DSP_FIR_CB\src\sysbios\</path>
         <kind>archive</kind>
         <file>sysbios.aem4f</file>
         <name>BIOS.obj</name>
      </input_file>
      <input_file id="fl-12">
         <path>D:\TI_RTOS\Workspace\DSP_FIR_CB\src\sysbios\</path>
         <kind>archive</kind>
         <file>sysbios.aem4f</file>
         <name>m3_IntrinsicsSupport_asm.obj</name>
      </input_file>
      <input_file id="fl-13">
         <path>D:\TI_RTOS\Workspace\DSP_FIR_CB\src\sysbios\</path>
         <kind>archive</kind>
         <file>sysbios.aem4f</file>
         <name>m3_TaskSupport_asm.obj</name>
      </input_file>
      <input_file id="fl-14">
         <path>D:\TI_RTOS\Workspace\DSP_FIR_CB\src\sysbios\</path>
         <kind>archive</kind>
         <file>sysbios.aem4f</file>
         <name>m3_Hwi_asm.obj</name>
      </input_file>
      <input_file id="fl-15">
         <path>D:\TI_RTOS\Workspace\DSP_FIR_CB\src\sysbios\</path>
         <kind>archive</kind>
         <file>sysbios.aem4f</file>
         <name>m3_Hwi_asm_switch.obj</name>
      </input_file>
      <input_file id="fl-16">
         <path>D:\ti\tirtos_tivac_2_00_01_23\products\bios_6_40_01_15\packages\ti\catalog\arm\cortexm4\tiva\ce\lib\</path>
         <kind>archive</kind>
         <file>Boot.aem4f</file>
         <name>Boot.oem4f</name>
      </input_file>
      <input_file id="fl-17">
         <path>D:\ti\tirtos_tivac_2_00_01_23\products\bios_6_40_01_15\packages\ti\catalog\arm\cortexm4\tiva\ce\lib\</path>
         <kind>archive</kind>
         <file>Boot.aem4f</file>
         <name>Boot_sysctl.oem4f</name>
      </input_file>
      <input_file id="fl-18">
         <path>D:\ti\tirtos_tivac_2_00_01_23\products\bios_6_40_01_15\packages\ti\targets\arm\rtsarm\lib\</path>
         <kind>archive</kind>
         <file>ti.targets.arm.rtsarm.aem4f</file>
         <name>Assert.oem4f</name>
      </input_file>
      <input_file id="fl-19">
         <path>D:\ti\tirtos_tivac_2_00_01_23\products\bios_6_40_01_15\packages\ti\targets\arm\rtsarm\lib\</path>
         <kind>archive</kind>
         <file>ti.targets.arm.rtsarm.aem4f</file>
         <name>Core-smem.oem4f</name>
      </input_file>
      <input_file id="fl-1a">
         <path>D:\ti\tirtos_tivac_2_00_01_23\products\bios_6_40_01_15\packages\ti\targets\arm\rtsarm\lib\</path>
         <kind>archive</kind>
         <file>ti.targets.arm.rtsarm.aem4f</file>
         <name>Core-label.oem4f</name>
      </input_file>
      <input_file id="fl-1b">
         <path>D:\ti\tirtos_tivac_2_00_01_23\products\bios_6_40_01_15\packages\ti\targets\arm\rtsarm\lib\</path>
         <kind>archive</kind>
         <file>ti.targets.arm.rtsarm.aem4f</file>
         <name>Core-params.oem4f</name>
      </input_file>
      <input_file id="fl-1c">
         <path>D:\ti\tirtos_tivac_2_00_01_23\products\bios_6_40_01_15\packages\ti\targets\arm\rtsarm\lib\</path>
         <kind>archive</kind>
         <file>ti.targets.arm.rtsarm.aem4f</file>
         <name>Error.oem4f</name>
      </input_file>
      <input_file id="fl-1d">
         <path>D:\ti\tirtos_tivac_2_00_01_23\products\bios_6_40_01_15\packages\ti\targets\arm\rtsarm\lib\</path>
         <kind>archive</kind>
         <file>ti.targets.arm.rtsarm.aem4f</file>
         <name>Gate.oem4f</name>
      </input_file>
      <input_file id="fl-1e">
         <path>D:\ti\tirtos_tivac_2_00_01_23\products\bios_6_40_01_15\packages\ti\targets\arm\rtsarm\lib\</path>
         <kind>archive</kind>
         <file>ti.targets.arm.rtsarm.aem4f</file>
         <name>Startup.oem4f</name>
      </input_file>
      <input_file id="fl-1f">
         <path>D:\ti\tirtos_tivac_2_00_01_23\products\bios_6_40_01_15\packages\ti\targets\arm\rtsarm\lib\</path>
         <kind>archive</kind>
         <file>ti.targets.arm.rtsarm.aem4f</file>
         <name>System.oem4f</name>
      </input_file>
      <input_file id="fl-20">
         <path>D:\ti\tirtos_tivac_2_00_01_23\products\bios_6_40_01_15\packages\ti\targets\arm\rtsarm\lib\</path>
         <kind>archive</kind>
         <file>ti.targets.arm.rtsarm.aem4f</file>
         <name>SysCallback.oem4f</name>
      </input_file>
      <input_file id="fl-21">
         <path>D:\ti\tirtos_tivac_2_00_01_23\products\bios_6_40_01_15\packages\ti\targets\arm\rtsarm\lib\</path>
         <kind>archive</kind>
         <file>ti.targets.arm.rtsarm.aem4f</file>
         <name>Text.oem4f</name>
      </input_file>
      <input_file id="fl-22">
         <path>D:\ti\tirtos_tivac_2_00_01_23\products\bios_6_40_01_15\packages\ti\targets\arm\rtsarm\lib\</path>
         <kind>archive</kind>
         <file>ti.targets.arm.rtsarm.aem4f</file>
         <name>xdc_noinit.oem4f</name>
      </input_file>
      <input_file id="fl-23">
         <path>D:\ti\tirtos_tivac_2_00_01_23\products\bios_6_40_01_15\packages\ti\targets\arm\rtsarm\lib\</path>
         <kind>archive</kind>
         <file>ti.targets.arm.rtsarm.aem4f</file>
         <name>Registry.oem4f</name>
      </input_file>
      <input_file id="fl-24">
         <path>D:\ti\tirtos_tivac_2_00_01_23\products\bios_6_40_01_15\packages\ti\targets\arm\rtsarm\lib\</path>
         <kind>archive</kind>
         <file>boot.aem4f</file>
         <name>boot.oem4f</name>
      </input_file>
      <input_file id="fl-25">
         <path>D:\ti\tirtos_tivac_2_00_01_23\products\bios_6_40_01_15\packages\ti\targets\arm\rtsarm\lib\</path>
         <kind>archive</kind>
         <file>auto_init.aem4f</file>
         <name>auto_init.oem4f</name>
      </input_file>
      <input_file id="fl-26">
         <path>D:\ti\tirtos_tivac_2_00_01_23\products\TivaWare_C_Series-2.1.0.12573c\driverlib\ccs\Debug\</path>
         <kind>archive</kind>
         <file>driverlib.lib</file>
         <name>timer.obj</name>
      </input_file>
      <input_file id="fl-27">
         <path>D:\ti\tirtos_tivac_2_00_01_23\products\TivaWare_C_Series-2.1.0.12573c\driverlib\ccs\Debug\</path>
         <kind>archive</kind>
         <file>driverlib.lib</file>
         <name>sysctl.obj</name>
      </input_file>
      <input_file id="fl-28">
         <path>D:\ti\tirtos_tivac_2_00_01_23\products\TivaWare_C_Series-2.1.0.12573c\driverlib\ccs\Debug\</path>
         <kind>archive</kind>
         <file>driverlib.lib</file>
         <name>interrupt.obj</name>
      </input_file>
      <input_file id="fl-29">
         <path>D:\ti\tirtos_tivac_2_00_01_23\products\TivaWare_C_Series-2.1.0.12573c\driverlib\ccs\Debug\</path>
         <kind>archive</kind>
         <file>driverlib.lib</file>
         <name>gpio.obj</name>
      </input_file>
      <input_file id="fl-2a">
         <path>D:\ti\tirtos_tivac_2_00_01_23\products\TivaWare_C_Series-2.1.0.12573c\driverlib\ccs\Debug\</path>
         <kind>archive</kind>
         <file>driverlib.lib</file>
         <name>cpu.obj</name>
      </input_file>
      <input_file id="fl-e0">
         <path>D:\ti\ccsv7\tools\compiler\ti-cgt-arm_16.9.1.LTS\lib\</path>
         <kind>archive</kind>
         <file>rtsv7M4_T_le_v4SPD16_eabi.lib</file>
         <name>_lock.obj</name>
      </input_file>
      <input_file id="fl-e1">
         <path>D:\ti\ccsv7\tools\compiler\ti-cgt-arm_16.9.1.LTS\lib\</path>
         <kind>archive</kind>
         <file>rtsv7M4_T_le_v4SPD16_eabi.lib</file>
         <name>args_main.obj</name>
      </input_file>
      <input_file id="fl-e2">
         <path>D:\ti\ccsv7\tools\compiler\ti-cgt-arm_16.9.1.LTS\lib\</path>
         <kind>archive</kind>
         <file>rtsv7M4_T_le_v4SPD16_eabi.lib</file>
         <name>copy_decompress_lzss.obj</name>
      </input_file>
      <input_file id="fl-e3">
         <path>D:\ti\ccsv7\tools\compiler\ti-cgt-arm_16.9.1.LTS\lib\</path>
         <kind>archive</kind>
         <file>rtsv7M4_T_le_v4SPD16_eabi.lib</file>
         <name>copy_decompress_none.obj</name>
      </input_file>
      <input_file id="fl-e4">
         <path>D:\ti\ccsv7\tools\compiler\ti-cgt-arm_16.9.1.LTS\lib\</path>
         <kind>archive</kind>
         <file>rtsv7M4_T_le_v4SPD16_eabi.lib</file>
         <name>copy_zero_init.obj</name>
      </input_file>
      <input_file id="fl-e5">
         <path>D:\ti\ccsv7\tools\compiler\ti-cgt-arm_16.9.1.LTS\lib\</path>
         <kind>archive</kind>
         <file>rtsv7M4_T_le_v4SPD16_eabi.lib</file>
         <name>cpy_tbl.obj</name>
      </input_file>
      <input_file id="fl-e6">
         <path>D:\ti\ccsv7\tools\compiler\ti-cgt-arm_16.9.1.LTS\lib\</path>
         <kind>archive</kind>
         <file>rtsv7M4_T_le_v4SPD16_eabi.lib</file>
         <name>exit.obj</name>
      </input_file>
      <input_file id="fl-e7">
         <path>D:\ti\ccsv7\tools\compiler\ti-cgt-arm_16.9.1.LTS\lib\</path>
         <kind>archive</kind>
         <file>rtsv7M4_T_le_v4SPD16_eabi.lib</file>
         <name>memcpy_t2.obj</name>
      </input_file>
      <input_file id="fl-e8">
         <path>D:\ti\ccsv7\tools\compiler\ti-cgt-arm_16.9.1.LTS\lib\</path>
         <kind>archive</kind>
         <file>rtsv7M4_T_le_v4SPD16_eabi.lib</file>
         <name>memset_t2.obj</name>
      </input_file>
      <input_file id="fl-e9">
         <path>D:\ti\ccsv7\tools\compiler\ti-cgt-arm_16.9.1.LTS\lib\</path>
         <kind>archive</kind>
         <file>rtsv7M4_T_le_v4SPD16_eabi.lib</file>
         <name>stkdepth_vars.obj</name>
      </input_file>
      <input_file id="fl-ea">
         <path>D:\ti\ccsv7\tools\compiler\ti-cgt-arm_16.9.1.LTS\lib\</path>
         <kind>archive</kind>
         <file>rtsv7M4_T_le_v4SPD16_eabi.lib</file>
         <name>strcmp.obj</name>
      </input_file>
      <input_file id="fl-eb">
         <path>D:\ti\ccsv7\tools\compiler\ti-cgt-arm_16.9.1.LTS\lib\</path>
         <kind>archive</kind>
         <file>rtsv7M4_T_le_v4SPD16_eabi.lib</file>
         <name>strlen.obj</name>
      </input_file>
      <input_file id="fl-ec">
         <path>D:\ti\ccsv7\tools\compiler\ti-cgt-arm_16.9.1.LTS\lib\</path>
         <kind>archive</kind>
         <file>rtsv7M4_T_le_v4SPD16_eabi.lib</file>
         <name>u_divt2.obj</name>
      </input_file>
      <input_file id="fl-ed">
         <path>D:\ti\ccsv7\tools\compiler\ti-cgt-arm_16.9.1.LTS\lib\</path>
         <kind>archive</kind>
         <file>rtsv7M4_T_le_v4SPD16_eabi.lib</file>
         <name>ull_div_t2.obj</name>
      </input_file>
      <input_file id="fl-ee">
         <path>D:\ti\ccsv7\tools\compiler\ti-cgt-arm_16.9.1.LTS\lib\</path>
         <kind>archive</kind>
         <file>rtsv7M4_T_le_v4SPD16_eabi.lib</file>
         <name>i_div0.obj</name>
      </input_file>
   </input_file_list>
   <object_component_list>
      <object_component id="oc-696">
         <name>.text:ti_sysbios_knl_Semaphore_pend__E</name>
         <load_address>0x40</load_address>
         <run_address>0x40</run_address>
         <size>0x174</size>
         <input_file_ref idref="fl-11"/>
      </object_component>
      <object_component id="oc-426">
         <name>.text:GPIOPadConfigSet</name>
         <load_address>0x1b4</load_address>
         <run_address>0x1b4</run_address>
         <size>0x130</size>
         <input_file_ref idref="fl-29"/>
      </object_component>
      <object_component id="oc-7e8">
         <name>.text:xdc_runtime_Error_policyDefault__E</name>
         <load_address>0x2e4</load_address>
         <run_address>0x2e4</run_address>
         <size>0x120</size>
         <input_file_ref idref="fl-1c"/>
      </object_component>
      <object_component id="oc-2d0">
         <name>.text:SysCtlClockGet</name>
         <load_address>0x404</load_address>
         <run_address>0x404</run_address>
         <size>0x118</size>
         <input_file_ref idref="fl-27"/>
      </object_component>
      <object_component id="oc-8b2">
         <name>.text:filter</name>
         <load_address>0x51c</load_address>
         <run_address>0x51c</run_address>
         <size>0x10c</size>
         <input_file_ref idref="fl-2"/>
      </object_component>
      <object_component id="oc-5f2">
         <name>.text:ti_sysbios_family_arm_lm4_Timer_start__E</name>
         <load_address>0x628</load_address>
         <run_address>0x628</run_address>
         <size>0x108</size>
         <input_file_ref idref="fl-11"/>
      </object_component>
      <object_component id="oc-570">
         <name>.text:ti_catalog_arm_cortexm4_tiva_ce_Boot_sysCtlClockSetI__I</name>
         <load_address>0x730</load_address>
         <run_address>0x730</run_address>
         <size>0x104</size>
         <input_file_ref idref="fl-17"/>
      </object_component>
      <object_component id="oc-41b">
         <name>.text:xdc_runtime_Startup_startMods__I</name>
         <load_address>0x834</load_address>
         <run_address>0x834</run_address>
         <size>0xfc</size>
         <input_file_ref idref="fl-1e"/>
      </object_component>
      <object_component id="oc-84c">
         <name>.text:ti_sysbios_family_arm_m3_Hwi_dispatch__I</name>
         <load_address>0x930</load_address>
         <run_address>0x930</run_address>
         <size>0xf4</size>
         <input_file_ref idref="fl-14"/>
      </object_component>
      <object_component id="oc-2b2">
         <name>.text:SysCtlClockSet</name>
         <load_address>0xa24</load_address>
         <run_address>0xa24</run_address>
         <size>0xf0</size>
         <input_file_ref idref="fl-27"/>
      </object_component>
      <object_component id="oc-89f">
         <name>.text:TimerIntClear</name>
         <load_address>0xb14</load_address>
         <run_address>0xb14</run_address>
         <size>0x4</size>
         <input_file_ref idref="fl-26"/>
      </object_component>
      <object_component id="oc-59a">
         <name>.text:ti_sysbios_family_arm_lm4_Timer_enableTiva__I</name>
         <load_address>0xb18</load_address>
         <run_address>0xb18</run_address>
         <size>0xac</size>
         <input_file_ref idref="fl-11"/>
      </object_component>
      <object_component id="oc-6b4">
         <name>.text:ti_sysbios_BIOS_RtsGateProxy_enter__E</name>
         <load_address>0xbc4</load_address>
         <run_address>0xbc4</run_address>
         <size>0x4</size>
         <input_file_ref idref="fl-5"/>
      </object_component>
      <object_component id="oc-413">
         <name>.text:ti_sysbios_family_arm_lm4_Timer_enableTimers__I</name>
         <load_address>0xbc8</load_address>
         <run_address>0xbc8</run_address>
         <size>0xa8</size>
         <input_file_ref idref="fl-11"/>
      </object_component>
      <object_component id="oc-5f">
         <name>.text</name>
         <load_address>0xc70</load_address>
         <run_address>0xc70</run_address>
         <size>0xa0</size>
         <input_file_ref idref="fl-25"/>
      </object_component>
      <object_component id="oc-46">
         <name>.text</name>
         <load_address>0xd10</load_address>
         <run_address>0xd10</run_address>
         <size>0x9c</size>
         <input_file_ref idref="fl-e7"/>
      </object_component>
      <object_component id="oc-6bb">
         <name>.text:ti_sysbios_BIOS_RtsGateProxy_leave__E</name>
         <load_address>0xdac</load_address>
         <run_address>0xdac</run_address>
         <size>0x4</size>
         <input_file_ref idref="fl-5"/>
      </object_component>
      <object_component id="oc-751">
         <name>.text:ti_sysbios_knl_Task_postInit__I</name>
         <load_address>0xdb0</load_address>
         <run_address>0xdb0</run_address>
         <size>0x9c</size>
         <input_file_ref idref="fl-11"/>
      </object_component>
      <object_component id="oc-4bb">
         <name>.text:ti_catalog_arm_cortexm4_tiva_ce_Boot_sysCtlClockSet__E</name>
         <load_address>0xe4c</load_address>
         <run_address>0xe4c</run_address>
         <size>0x94</size>
         <input_file_ref idref="fl-16"/>
      </object_component>
      <object_component id="oc-40d">
         <name>.text:ti_sysbios_family_arm_m3_Hwi_initNVIC__E</name>
         <load_address>0xee0</load_address>
         <run_address>0xee0</run_address>
         <size>0x94</size>
         <input_file_ref idref="fl-11"/>
      </object_component>
      <object_component id="oc-8c0">
         <name>.text:ti_sysbios_family_arm_m3_TaskSupport_buildTaskStack</name>
         <load_address>0xf74</load_address>
         <run_address>0xf74</run_address>
         <size>0x8c</size>
         <input_file_ref idref="fl-13"/>
      </object_component>
      <object_component id="oc-52">
         <name>.text</name>
         <load_address>0x1000</load_address>
         <run_address>0x1000</run_address>
         <size>0x7a</size>
         <input_file_ref idref="fl-e8"/>
      </object_component>
      <object_component id="oc-2c4">
         <name>.text:GPIOPinWrite</name>
         <load_address>0x107a</load_address>
         <run_address>0x107a</run_address>
         <size>0x6</size>
         <input_file_ref idref="fl-29"/>
      </object_component>
      <object_component id="oc-76b">
         <name>.text:ti_sysbios_family_arm_m3_Hwi_postInit__I</name>
         <load_address>0x1080</load_address>
         <run_address>0x1080</run_address>
         <size>0x74</size>
         <input_file_ref idref="fl-11"/>
      </object_component>
      <object_component id="oc-4dd">
         <name>.text:ti_sysbios_family_arm_lm4_Timer_masterEnable__I</name>
         <load_address>0x10f4</load_address>
         <run_address>0x10f4</run_address>
         <size>0x4</size>
         <input_file_ref idref="fl-11"/>
      </object_component>
      <object_component id="oc-8d5">
         <name>.text:ti_sysbios_family_arm_m3_Hwi_dispatchC__I</name>
         <load_address>0x10f8</load_address>
         <run_address>0x10f8</run_address>
         <size>0x70</size>
         <input_file_ref idref="fl-11"/>
      </object_component>
      <object_component id="oc-6a3">
         <name>.text:ti_sysbios_knl_Semaphore_post__E</name>
         <load_address>0x1168</load_address>
         <run_address>0x1168</run_address>
         <size>0x70</size>
         <input_file_ref idref="fl-11"/>
      </object_component>
      <object_component id="oc-83c">
         <name>.text:ti_sysbios_knl_Task_exit__E</name>
         <load_address>0x11d8</load_address>
         <run_address>0x11d8</run_address>
         <size>0x70</size>
         <input_file_ref idref="fl-11"/>
      </object_component>
      <object_component id="oc-1d0">
         <name>.text:hardware_init</name>
         <load_address>0x1248</load_address>
         <run_address>0x1248</run_address>
         <size>0x6c</size>
         <input_file_ref idref="fl-2"/>
      </object_component>
      <object_component id="oc-745">
         <name>.text:ti_sysbios_family_arm_m3_TaskSupport_Module__startupDone__S</name>
         <load_address>0x12b4</load_address>
         <run_address>0x12b4</run_address>
         <size>0x4</size>
         <input_file_ref idref="fl-5"/>
      </object_component>
      <object_component id="oc-8b8">
         <name>.text:ti_sysbios_knl_Clock_workFunc__E</name>
         <load_address>0x12b8</load_address>
         <run_address>0x12b8</run_address>
         <size>0x6c</size>
         <input_file_ref idref="fl-11"/>
      </object_component>
      <object_component id="oc-16">
         <name>.text:decompress:lzss</name>
         <load_address>0x1324</load_address>
         <run_address>0x1324</run_address>
         <size>0x68</size>
         <input_file_ref idref="fl-e2"/>
      </object_component>
      <object_component id="oc-731">
         <name>.text:ti_sysbios_knl_Clock_TimerProxy_getMaxTicks__E</name>
         <load_address>0x138c</load_address>
         <run_address>0x138c</run_address>
         <size>0x4</size>
         <input_file_ref idref="fl-5"/>
      </object_component>
      <object_component id="oc-688">
         <name>.text:ti_sysbios_family_arm_lm4_Timer_Module_startup__E</name>
         <load_address>0x1390</load_address>
         <run_address>0x1390</run_address>
         <size>0x64</size>
         <input_file_ref idref="fl-11"/>
      </object_component>
      <object_component id="oc-2ca">
         <name>.text:TimerConfigure</name>
         <load_address>0x13f4</load_address>
         <run_address>0x13f4</run_address>
         <size>0x60</size>
         <input_file_ref idref="fl-26"/>
      </object_component>
      <object_component id="oc-2ed">
         <name>.text:xdc_runtime_System_Module_GateProxy_enter__E</name>
         <load_address>0x1454</load_address>
         <run_address>0x1454</run_address>
         <size>0x4</size>
         <input_file_ref idref="fl-5"/>
      </object_component>
      <object_component id="oc-92c">
         <name>.text:ti_sysbios_knl_Swi_restoreHwi__E</name>
         <load_address>0x1458</load_address>
         <run_address>0x1458</run_address>
         <size>0x5c</size>
         <input_file_ref idref="fl-11"/>
      </object_component>
      <object_component id="oc-6aa">
         <name>.text:xdc_runtime_System_Module_GateProxy_leave__E</name>
         <load_address>0x14b4</load_address>
         <run_address>0x14b4</run_address>
         <size>0x4</size>
         <input_file_ref idref="fl-5"/>
      </object_component>
      <object_component id="oc-861">
         <name>.text:ti_sysbios_knl_Swi_run__I</name>
         <load_address>0x14b8</load_address>
         <run_address>0x14b8</run_address>
         <size>0x5c</size>
         <input_file_ref idref="fl-11"/>
      </object_component>
      <object_component id="oc-618">
         <name>.text:ti_sysbios_BIOS_nullFunc__I</name>
         <load_address>0x1514</load_address>
         <run_address>0x1514</run_address>
         <size>0x2</size>
         <input_file_ref idref="fl-5"/>
      </object_component>
      <object_component id="oc-73">
         <name>.text:xdc_runtime_Startup_reset__I</name>
         <load_address>0x1516</load_address>
         <run_address>0x1516</run_address>
         <size>0x2</size>
         <input_file_ref idref="fl-5"/>
      </object_component>
      <object_component id="oc-6d1">
         <name>.text:ti_sysbios_knl_Swi_schedule__I</name>
         <load_address>0x1518</load_address>
         <run_address>0x1518</run_address>
         <size>0x5c</size>
         <input_file_ref idref="fl-11"/>
      </object_component>
      <object_component id="oc-722">
         <name>.text:xdc_runtime_SysCallback_defaultAbort</name>
         <load_address>0x1574</load_address>
         <run_address>0x1574</run_address>
         <size>0x2</size>
         <input_file_ref idref="fl-20"/>
      </object_component>
      <object_component id="oc-45b">
         <name>.text:xdc_runtime_SysCallback_defaultExit</name>
         <load_address>0x1576</load_address>
         <run_address>0x1576</run_address>
         <size>0x2</size>
         <input_file_ref idref="fl-20"/>
      </object_component>
      <object_component id="oc-676">
         <name>.text:ti_sysbios_knl_Task_Module_startup__E</name>
         <load_address>0x1578</load_address>
         <run_address>0x1578</run_address>
         <size>0x5c</size>
         <input_file_ref idref="fl-11"/>
      </object_component>
      <object_component id="oc-604">
         <name>.text:ti_sysbios_knl_Task_startCore__E</name>
         <load_address>0x15d8</load_address>
         <run_address>0x15d8</run_address>
         <size>0x5c</size>
         <input_file_ref idref="fl-11"/>
      </object_component>
      <object_component id="oc-28">
         <name>.text</name>
         <load_address>0x1634</load_address>
         <run_address>0x1634</run_address>
         <size>0x58</size>
         <input_file_ref idref="fl-24"/>
      </object_component>
      <object_component id="oc-803">
         <name>.text:Timer_ISR</name>
         <load_address>0x168c</load_address>
         <run_address>0x168c</run_address>
         <size>0x58</size>
         <input_file_ref idref="fl-2"/>
      </object_component>
      <object_component id="oc-7d0">
         <name>.text:ti_sysbios_family_arm_m3_Hwi_initStacks__E</name>
         <load_address>0x16e4</load_address>
         <run_address>0x16e4</run_address>
         <size>0x58</size>
         <input_file_ref idref="fl-15"/>
      </object_component>
      <object_component id="oc-1f4">
         <name>.text</name>
         <load_address>0x173c</load_address>
         <run_address>0x173c</run_address>
         <size>0x54</size>
         <input_file_ref idref="fl-e6"/>
      </object_component>
      <object_component id="oc-682">
         <name>.text:ti_sysbios_family_arm_m3_Hwi_Module_startup__E</name>
         <load_address>0x1790</load_address>
         <run_address>0x1790</run_address>
         <size>0x50</size>
         <input_file_ref idref="fl-11"/>
      </object_component>
      <object_component id="oc-a8">
         <name>.text:xdc_runtime_Startup_exec__E</name>
         <load_address>0x17e0</load_address>
         <run_address>0x17e0</run_address>
         <size>0x50</size>
         <input_file_ref idref="fl-1e"/>
      </object_component>
      <object_component id="oc-a2">
         <name>.text</name>
         <load_address>0x1830</load_address>
         <run_address>0x1830</run_address>
         <size>0x4c</size>
         <input_file_ref idref="fl-e5"/>
      </object_component>
      <object_component id="oc-7b3">
         <name>.text:ti_sysbios_knl_Swi_runLoop__I</name>
         <load_address>0x1880</load_address>
         <run_address>0x1880</run_address>
         <size>0x4c</size>
         <input_file_ref idref="fl-11"/>
      </object_component>
      <object_component id="oc-6e1">
         <name>.text:ti_sysbios_knl_Task_allBlockedFunction__I</name>
         <load_address>0x18d0</load_address>
         <run_address>0x18d0</run_address>
         <size>0x4c</size>
         <input_file_ref idref="fl-11"/>
      </object_component>
      <object_component id="oc-7ba">
         <name>.text:ti_sysbios_knl_Task_schedule__I</name>
         <load_address>0x1920</load_address>
         <run_address>0x1920</run_address>
         <size>0x4c</size>
         <input_file_ref idref="fl-11"/>
      </object_component>
      <object_component id="oc-4d6">
         <name>.text:ti_sysbios_family_arm_m3_Hwi_disableInterrupt__E</name>
         <load_address>0x1970</load_address>
         <run_address>0x1970</run_address>
         <size>0x48</size>
         <input_file_ref idref="fl-11"/>
      </object_component>
      <object_component id="oc-6c8">
         <name>.text:ti_sysbios_family_arm_m3_Hwi_enableInterrupt__E</name>
         <load_address>0x19b8</load_address>
         <run_address>0x19b8</run_address>
         <size>0x48</size>
         <input_file_ref idref="fl-11"/>
      </object_component>
      <object_component id="oc-56a">
         <name>.text:xdc_runtime_Assert_raise__I</name>
         <load_address>0x1a00</load_address>
         <run_address>0x1a00</run_address>
         <size>0x48</size>
         <input_file_ref idref="fl-18"/>
      </object_component>
      <object_component id="oc-809">
         <name>.text:ti_sysbios_family_arm_lm4_Timer_isrStub__E</name>
         <load_address>0x1a48</load_address>
         <run_address>0x1a48</run_address>
         <size>0x44</size>
         <input_file_ref idref="fl-11"/>
      </object_component>
      <object_component id="oc-4c2">
         <name>.text:ti_sysbios_family_arm_m3_Hwi_getStackInfo__E</name>
         <load_address>0x1a90</load_address>
         <run_address>0x1a90</run_address>
         <size>0x44</size>
         <input_file_ref idref="fl-11"/>
      </object_component>
      <object_component id="oc-7fc">
         <name>.text:ti_sysbios_knl_Swi_post__E</name>
         <load_address>0x1ad8</load_address>
         <run_address>0x1ad8</run_address>
         <size>0x44</size>
         <input_file_ref idref="fl-11"/>
      </object_component>
      <object_component id="oc-874">
         <name>.text:xdc_runtime_Error_setX__E</name>
         <load_address>0x1b1c</load_address>
         <run_address>0x1b1c</run_address>
         <size>0x44</size>
         <input_file_ref idref="fl-1c"/>
      </object_component>
      <object_component id="oc-51e">
         <name>.text:ti_sysbios_family_arm_lm4_Timer_startup__E</name>
         <load_address>0x1b60</load_address>
         <run_address>0x1b60</run_address>
         <size>0x40</size>
         <input_file_ref idref="fl-11"/>
      </object_component>
      <object_component id="oc-824">
         <name>.text:ti_sysbios_family_arm_m3_TaskSupport_start__E</name>
         <load_address>0x1ba0</load_address>
         <run_address>0x1ba0</run_address>
         <size>0x3c</size>
         <input_file_ref idref="fl-11"/>
      </object_component>
      <object_component id="oc-5fd">
         <name>.text:ti_sysbios_knl_Swi_restore__E</name>
         <load_address>0x1be0</load_address>
         <run_address>0x1be0</run_address>
         <size>0x3c</size>
         <input_file_ref idref="fl-11"/>
      </object_component>
      <object_component id="oc-8cc">
         <name>.text:ti_sysbios_knl_Task_processVitalTaskFlag__I</name>
         <load_address>0x1c20</load_address>
         <run_address>0x1c20</run_address>
         <size>0x38</size>
         <input_file_ref idref="fl-11"/>
      </object_component>
      <object_component id="oc-512">
         <name>.text:xdc_runtime_System_atexit__E</name>
         <load_address>0x1c58</load_address>
         <run_address>0x1c58</run_address>
         <size>0x38</size>
         <input_file_ref idref="fl-1f"/>
      </object_component>
      <object_component id="oc-2b8">
         <name>.text:SysCtlPeripheralEnable</name>
         <load_address>0x1c90</load_address>
         <run_address>0x1c90</run_address>
         <size>0x34</size>
         <input_file_ref idref="fl-27"/>
      </object_component>
      <object_component id="oc-407">
         <name>.text:ti_sysbios_hal_Hwi_initStack</name>
         <load_address>0x1cc8</load_address>
         <run_address>0x1cc8</run_address>
         <size>0x32</size>
         <input_file_ref idref="fl-11"/>
      </object_component>
      <object_component id="oc-536">
         <name>.text:ti_sysbios_BIOS_atExitFunc__I</name>
         <load_address>0x1cfc</load_address>
         <run_address>0x1cfc</run_address>
         <size>0x30</size>
         <input_file_ref idref="fl-5"/>
      </object_component>
      <object_component id="oc-775">
         <name>.text:ti_sysbios_family_arm_lm4_Timer_stop__E</name>
         <load_address>0x1d30</load_address>
         <run_address>0x1d30</run_address>
         <size>0x30</size>
         <input_file_ref idref="fl-11"/>
      </object_component>
      <object_component id="oc-5cd">
         <name>.text:ti_sysbios_gates_GateMutex_enter__E</name>
         <load_address>0x1d60</load_address>
         <run_address>0x1d60</run_address>
         <size>0x30</size>
         <input_file_ref idref="fl-11"/>
      </object_component>
      <object_component id="oc-784">
         <name>.text:ti_sysbios_knl_Semaphore_pendTimeout__I</name>
         <load_address>0x1d90</load_address>
         <run_address>0x1d90</run_address>
         <size>0x30</size>
         <input_file_ref idref="fl-11"/>
      </object_component>
      <object_component id="oc-79b">
         <name>.text:ti_sysbios_knl_Task_unblockI__E</name>
         <load_address>0x1dc0</load_address>
         <run_address>0x1dc0</run_address>
         <size>0x30</size>
         <input_file_ref idref="fl-11"/>
      </object_component>
      <object_component id="oc-b7">
         <name>.text:xdc_runtime_System_processAtExit__E</name>
         <load_address>0x1df0</load_address>
         <run_address>0x1df0</run_address>
         <size>0x30</size>
         <input_file_ref idref="fl-1f"/>
      </object_component>
      <object_component id="oc-717">
         <name>.text:ti_sysbios_knl_Clock_doTick__I</name>
         <load_address>0x1e20</load_address>
         <run_address>0x1e20</run_address>
         <size>0x2c</size>
         <input_file_ref idref="fl-5"/>
      </object_component>
      <object_component id="oc-6d7">
         <name>.text:ti_sysbios_knl_Task_restore__E</name>
         <load_address>0x1e50</load_address>
         <run_address>0x1e50</run_address>
         <size>0x2c</size>
         <input_file_ref idref="fl-11"/>
      </object_component>
      <object_component id="oc-42c">
         <name>.text:GPIODirModeSet</name>
         <load_address>0x1e7c</load_address>
         <run_address>0x1e7c</run_address>
         <size>0x2a</size>
         <input_file_ref idref="fl-29"/>
      </object_component>
      <object_component id="oc-670">
         <name>.text:ti_sysbios_knl_Swi_Module_startup__E</name>
         <load_address>0x1ea8</load_address>
         <run_address>0x1ea8</run_address>
         <size>0x28</size>
         <input_file_ref idref="fl-11"/>
      </object_component>
      <object_component id="oc-83">
         <name>.text:ti_sysbios_family_arm_m3_Hwi_pendSV__I</name>
         <load_address>0x1ed0</load_address>
         <run_address>0x1ed0</run_address>
         <size>0x26</size>
         <input_file_ref idref="fl-14"/>
      </object_component>
      <object_component id="oc-518">
         <name>.text:ti_sysbios_BIOS_registerRTSLock__I</name>
         <load_address>0x1ef8</load_address>
         <run_address>0x1ef8</run_address>
         <size>0x24</size>
         <input_file_ref idref="fl-5"/>
      </object_component>
      <object_component id="oc-53d">
         <name>.text:ti_sysbios_BIOS_removeRTSLock__I</name>
         <load_address>0x1f1c</load_address>
         <run_address>0x1f1c</run_address>
         <size>0x24</size>
         <input_file_ref idref="fl-5"/>
      </object_component>
      <object_component id="oc-441">
         <name>.text:ti_sysbios_BIOS_startFunc__I</name>
         <load_address>0x1f40</load_address>
         <run_address>0x1f40</run_address>
         <size>0x24</size>
         <input_file_ref idref="fl-5"/>
      </object_component>
      <object_component id="oc-66a">
         <name>.text:ti_sysbios_knl_Clock_Module_startup__E</name>
         <load_address>0x1f68</load_address>
         <run_address>0x1f68</run_address>
         <size>0x24</size>
         <input_file_ref idref="fl-11"/>
      </object_component>
      <object_component id="oc-933">
         <name>.text:ti_sysbios_knl_Task_restoreHwi__E</name>
         <load_address>0x1f90</load_address>
         <run_address>0x1f90</run_address>
         <size>0x24</size>
         <input_file_ref idref="fl-11"/>
      </object_component>
      <object_component id="oc-6c2">
         <name>.text:ti_sysbios_family_arm_lm4_Timer_write__I</name>
         <load_address>0x1fb8</load_address>
         <run_address>0x1fb8</run_address>
         <size>0x22</size>
         <input_file_ref idref="fl-11"/>
      </object_component>
      <object_component id="oc-5e5">
         <name>.text:ti_sysbios_BIOS_rtsLock__I</name>
         <load_address>0x1fdc</load_address>
         <run_address>0x1fdc</run_address>
         <size>0x20</size>
         <input_file_ref idref="fl-5"/>
      </object_component>
      <object_component id="oc-7e">
         <name>.text:ti_sysbios_family_arm_m3_Hwi_excHandlerAsm__I</name>
         <load_address>0x1ffc</load_address>
         <run_address>0x1ffc</run_address>
         <size>0x20</size>
         <input_file_ref idref="fl-14"/>
      </object_component>
      <object_component id="oc-1b7">
         <name>.text:ti_sysbios_family_arm_m3_Hwi_excHandler__I</name>
         <load_address>0x2020</load_address>
         <run_address>0x2020</run_address>
         <size>0x20</size>
         <input_file_ref idref="fl-11"/>
      </object_component>
      <object_component id="oc-7c6">
         <name>.text:ti_sysbios_knl_Idle_run__E</name>
         <load_address>0x2040</load_address>
         <run_address>0x2040</run_address>
         <size>0x20</size>
         <input_file_ref idref="fl-11"/>
      </object_component>
      <object_component id="oc-7ae">
         <name>.text:ti_sysbios_family_xxx_Hwi_switchAndRunFunc</name>
         <load_address>0x2060</load_address>
         <run_address>0x2060</run_address>
         <size>0x1e</size>
         <input_file_ref idref="fl-15"/>
      </object_component>
      <object_component id="oc-902">
         <name>.text:ti_sysbios_BIOS_errorRaiseHook__I</name>
         <load_address>0x2080</load_address>
         <run_address>0x2080</run_address>
         <size>0x1c</size>
         <input_file_ref idref="fl-5"/>
      </object_component>
      <object_component id="oc-77e">
         <name>.text:ti_sysbios_knl_Queue_put__E</name>
         <load_address>0x20a0</load_address>
         <run_address>0x20a0</run_address>
         <size>0x1c</size>
         <input_file_ref idref="fl-11"/>
      </object_component>
      <object_component id="oc-836">
         <name>.text:ti_sysbios_knl_Task_enter__I</name>
         <load_address>0x20c0</load_address>
         <run_address>0x20c0</run_address>
         <size>0x1c</size>
         <input_file_ref idref="fl-11"/>
      </object_component>
      <object_component id="oc-63a">
         <name>.text:xdc_runtime_Error_raiseX__E</name>
         <load_address>0x20dc</load_address>
         <run_address>0x20dc</run_address>
         <size>0x1c</size>
         <input_file_ref idref="fl-1c"/>
      </object_component>
      <object_component id="oc-4e8">
         <name>.text:xdc_runtime_System_abort__E</name>
         <load_address>0x20f8</load_address>
         <run_address>0x20f8</run_address>
         <size>0x1c</size>
         <input_file_ref idref="fl-1f"/>
      </object_component>
      <object_component id="oc-2be">
         <name>.text:GPIOPinTypeGPIOOutput</name>
         <load_address>0x2114</load_address>
         <run_address>0x2114</run_address>
         <size>0x18</size>
         <input_file_ref idref="fl-29"/>
      </object_component>
      <object_component id="oc-64">
         <name>.text</name>
         <load_address>0x212c</load_address>
         <run_address>0x212c</run_address>
         <size>0x18</size>
         <input_file_ref idref="fl-e1"/>
      </object_component>
      <object_component id="oc-5eb">
         <name>.text:ti_sysbios_BIOS_rtsUnlock__I</name>
         <load_address>0x2144</load_address>
         <run_address>0x2144</run_address>
         <size>0x18</size>
         <input_file_ref idref="fl-5"/>
      </object_component>
      <object_component id="oc-72b">
         <name>.text:ti_sysbios_family_arm_lm4_Timer_Module__startupDone__F</name>
         <load_address>0x215c</load_address>
         <run_address>0x215c</run_address>
         <size>0x18</size>
         <input_file_ref idref="fl-5"/>
      </object_component>
      <object_component id="oc-75e">
         <name>.text:ti_sysbios_family_arm_m3_Hwi_Module__startupDone__F</name>
         <load_address>0x2174</load_address>
         <run_address>0x2174</run_address>
         <size>0x18</size>
         <input_file_ref idref="fl-5"/>
      </object_component>
      <object_component id="oc-6ed">
         <name>.text:ti_sysbios_family_arm_m3_TaskSupport_swap__E</name>
         <load_address>0x218c</load_address>
         <run_address>0x218c</run_address>
         <size>0x18</size>
         <input_file_ref idref="fl-13"/>
      </object_component>
      <object_component id="oc-5d3">
         <name>.text:ti_sysbios_gates_GateMutex_leave__E</name>
         <load_address>0x21a8</load_address>
         <run_address>0x21a8</run_address>
         <size>0x18</size>
         <input_file_ref idref="fl-11"/>
      </object_component>
      <object_component id="oc-82a">
         <name>.text:xdc_runtime_Error_check__E</name>
         <load_address>0x21c0</load_address>
         <run_address>0x21c0</run_address>
         <size>0x18</size>
         <input_file_ref idref="fl-1c"/>
      </object_component>
      <object_component id="oc-6a">
         <name>.text:xdc_runtime_System_exit__E</name>
         <load_address>0x21d8</load_address>
         <run_address>0x21d8</run_address>
         <size>0x18</size>
         <input_file_ref idref="fl-1f"/>
      </object_component>
      <object_component id="oc-634">
         <name>.text:xdc_runtime_Text_ropeText__E</name>
         <load_address>0x21f0</load_address>
         <run_address>0x21f0</run_address>
         <size>0x18</size>
         <input_file_ref idref="fl-21"/>
      </object_component>
      <object_component id="oc-447">
         <name>.text:ti_sysbios_BIOS_exitFunc__I</name>
         <load_address>0x2208</load_address>
         <run_address>0x2208</run_address>
         <size>0x16</size>
         <input_file_ref idref="fl-5"/>
      </object_component>
      <object_component id="oc-471">
         <name>.text</name>
         <load_address>0x2220</load_address>
         <run_address>0x2220</run_address>
         <size>0x14</size>
         <input_file_ref idref="fl-e0"/>
      </object_component>
      <object_component id="oc-765">
         <name>.text:ti_sysbios_family_arm_m3_Hwi_Object__get__S</name>
         <load_address>0x2234</load_address>
         <run_address>0x2234</run_address>
         <size>0x14</size>
         <input_file_ref idref="fl-5"/>
      </object_component>
      <object_component id="oc-6e7">
         <name>.text:ti_sysbios_family_arm_m3_Hwi_switchFromBootStack__E</name>
         <load_address>0x2248</load_address>
         <run_address>0x2248</run_address>
         <size>0x14</size>
         <input_file_ref idref="fl-11"/>
      </object_component>
      <object_component id="oc-73b">
         <name>.text:ti_sysbios_knl_Swi_Object__get__S</name>
         <load_address>0x225c</load_address>
         <run_address>0x225c</run_address>
         <size>0x14</size>
         <input_file_ref idref="fl-5"/>
      </object_component>
      <object_component id="oc-2d6">
         <name>.text:TimerLoadSet</name>
         <load_address>0x2270</load_address>
         <run_address>0x2270</run_address>
         <size>0x12</size>
         <input_file_ref idref="fl-26"/>
      </object_component>
      <object_component id="oc-422">
         <name>.text:SysCtlDelay</name>
         <load_address>0x2282</load_address>
         <run_address>0x2282</run_address>
         <size>0x6</size>
         <input_file_ref idref="fl-27"/>
      </object_component>
      <object_component id="oc-67c">
         <name>.text:ti_sysbios_hal_Hwi_Module_startup__E</name>
         <load_address>0x2288</load_address>
         <run_address>0x2288</run_address>
         <size>0x12</size>
         <input_file_ref idref="fl-11"/>
      </object_component>
      <object_component id="oc-2a6">
         <name>.text:xdc_runtime_Startup_exec__I</name>
         <load_address>0x229a</load_address>
         <run_address>0x229a</run_address>
         <size>0x12</size>
         <input_file_ref idref="fl-5"/>
      </object_component>
      <object_component id="oc-543">
         <name>.text:ti_sysbios_BIOS_setThreadType__E</name>
         <load_address>0x22b0</load_address>
         <run_address>0x22b0</run_address>
         <size>0x10</size>
         <input_file_ref idref="fl-11"/>
      </object_component>
      <object_component id="oc-1d6">
         <name>.text:ti_sysbios_BIOS_start__E</name>
         <load_address>0x22c0</load_address>
         <run_address>0x22c0</run_address>
         <size>0x10</size>
         <input_file_ref idref="fl-11"/>
      </object_component>
      <object_component id="oc-922">
         <name>.text:ti_sysbios_family_arm_m3_TaskSupport_glue</name>
         <load_address>0x22d0</load_address>
         <run_address>0x22d0</run_address>
         <size>0x10</size>
         <input_file_ref idref="fl-13"/>
      </object_component>
      <object_component id="oc-60b">
         <name>.text:ti_sysbios_knl_Swi_disable__E</name>
         <load_address>0x22e0</load_address>
         <run_address>0x22e0</run_address>
         <size>0x10</size>
         <input_file_ref idref="fl-11"/>
      </object_component>
      <object_component id="oc-611">
         <name>.text:ti_sysbios_knl_Task_disable__E</name>
         <load_address>0x22f0</load_address>
         <run_address>0x22f0</run_address>
         <size>0x10</size>
         <input_file_ref idref="fl-11"/>
      </object_component>
      <object_component id="oc-5db">
         <name>.text:xdc_runtime_Gate_leaveSystem__E</name>
         <load_address>0x2300</load_address>
         <run_address>0x2300</run_address>
         <size>0x10</size>
         <input_file_ref idref="fl-1d"/>
      </object_component>
      <object_component id="oc-5a2">
         <name>.text:xdc_runtime_SysCallback_abort__E</name>
         <load_address>0x2310</load_address>
         <run_address>0x2310</run_address>
         <size>0x10</size>
         <input_file_ref idref="fl-20"/>
      </object_component>
      <object_component id="oc-1ea">
         <name>.text:xdc_runtime_SysCallback_exit__E</name>
         <load_address>0x2320</load_address>
         <run_address>0x2320</run_address>
         <size>0x10</size>
         <input_file_ref idref="fl-20"/>
      </object_component>
      <object_component id="oc-2e2">
         <name>.text:TimerEnable</name>
         <load_address>0x2330</load_address>
         <run_address>0x2330</run_address>
         <size>0xe</size>
         <input_file_ref idref="fl-26"/>
      </object_component>
      <object_component id="oc-1c">
         <name>.text:decompress:none</name>
         <load_address>0x233e</load_address>
         <run_address>0x233e</run_address>
         <size>0xe</size>
         <input_file_ref idref="fl-e3"/>
      </object_component>
      <object_component id="oc-7f6">
         <name>.text:ti_sysbios_knl_Queue_empty__E</name>
         <load_address>0x2350</load_address>
         <run_address>0x2350</run_address>
         <size>0xe</size>
         <input_file_ref idref="fl-11"/>
      </object_component>
      <object_component id="oc-74b">
         <name>.text:ti_sysbios_knl_Task_Object__get__S</name>
         <load_address>0x235e</load_address>
         <run_address>0x235e</run_address>
         <size>0xe</size>
         <input_file_ref idref="fl-5"/>
      </object_component>
      <object_component id="oc-401">
         <name>.text:.bootCodeSection:ti_catalog_arm_cortexm4_tiva_ce_Boot_init__I</name>
         <load_address>0x236c</load_address>
         <run_address>0x236c</run_address>
         <size>0xc</size>
         <input_file_ref idref="fl-5"/>
      </object_component>
      <object_component id="oc-22">
         <name>.text:decompress:ZI</name>
         <load_address>0x2378</load_address>
         <run_address>0x2378</run_address>
         <size>0xc</size>
         <input_file_ref idref="fl-e4"/>
      </object_component>
      <object_component id="oc-af">
         <name>.text:main</name>
         <load_address>0x2384</load_address>
         <run_address>0x2384</run_address>
         <size>0xc</size>
         <input_file_ref idref="fl-2"/>
      </object_component>
      <object_component id="oc-813">
         <name>.text:ti_sysbios_family_arm_lm4_Timer_getMaxTicks__E</name>
         <load_address>0x2390</load_address>
         <run_address>0x2390</run_address>
         <size>0xc</size>
         <input_file_ref idref="fl-11"/>
      </object_component>
      <object_component id="oc-44f">
         <name>.text:ti_sysbios_gates_GateHwi_enter__E</name>
         <load_address>0x23a0</load_address>
         <run_address>0x23a0</run_address>
         <size>0xc</size>
         <input_file_ref idref="fl-11"/>
      </object_component>
      <object_component id="oc-830">
         <name>.text:ti_sysbios_knl_Queue_Object__get__S</name>
         <load_address>0x23ac</load_address>
         <run_address>0x23ac</run_address>
         <size>0xc</size>
         <input_file_ref idref="fl-5"/>
      </object_component>
      <object_component id="oc-8eb">
         <name>.text:xdc_runtime_Error_init__E</name>
         <load_address>0x23b8</load_address>
         <run_address>0x23b8</run_address>
         <size>0xc</size>
         <input_file_ref idref="fl-1c"/>
      </object_component>
      <object_component id="oc-1e4">
         <name>.text:xdc_runtime_Gate_enterSystem__E</name>
         <load_address>0x23c4</load_address>
         <run_address>0x23c4</run_address>
         <size>0xc</size>
         <input_file_ref idref="fl-1d"/>
      </object_component>
      <object_component id="oc-2dc">
         <name>.text:TimerIntEnable</name>
         <load_address>0x23d0</load_address>
         <run_address>0x23d0</run_address>
         <size>0x8</size>
         <input_file_ref idref="fl-26"/>
      </object_component>
      <object_component id="oc-4dc">
         <name>.text:ti_sysbios_family_arm_lm4_Timer_masterDisable__I</name>
         <load_address>0x23d8</load_address>
         <run_address>0x23d8</run_address>
         <size>0x8</size>
         <input_file_ref idref="fl-11"/>
      </object_component>
      <object_component id="oc-8db">
         <name>.text:ti_sysbios_family_arm_m3_Hwi_doSwiRestore__I</name>
         <load_address>0x23e0</load_address>
         <run_address>0x23e0</run_address>
         <size>0x8</size>
         <input_file_ref idref="fl-11"/>
      </object_component>
      <object_component id="oc-524">
         <name>.text:ti_sysbios_family_arm_m3_Hwi_startup__E</name>
         <load_address>0x23e8</load_address>
         <run_address>0x23e8</run_address>
         <size>0x8</size>
         <input_file_ref idref="fl-11"/>
      </object_component>
      <object_component id="oc-647">
         <name>.text:ti_catalog_arm_cortexm4_tiva_ce_Boot_sysCtlDelayI__I</name>
         <load_address>0x23f0</load_address>
         <run_address>0x23f0</run_address>
         <size>0x6</size>
         <input_file_ref idref="fl-17"/>
      </object_component>
      <object_component id="oc-8e1">
         <name>.text:ti_sysbios_family_arm_m3_Hwi_doTaskRestore__I</name>
         <load_address>0x23f8</load_address>
         <run_address>0x23f8</run_address>
         <size>0x6</size>
         <input_file_ref idref="fl-11"/>
      </object_component>
      <object_component id="oc-626">
         <name>.text:ti_sysbios_gates_GateHwi_leave__E</name>
         <load_address>0x2400</load_address>
         <run_address>0x2400</run_address>
         <size>0x6</size>
         <input_file_ref idref="fl-11"/>
      </object_component>
      <object_component id="oc-52a">
         <name>.text:ti_sysbios_knl_Swi_startup__E</name>
         <load_address>0x2408</load_address>
         <run_address>0x2408</run_address>
         <size>0x6</size>
         <input_file_ref idref="fl-11"/>
      </object_component>
      <object_component id="oc-664">
         <name>.text:xdc_runtime_System_Module_startup__E</name>
         <load_address>0x240e</load_address>
         <run_address>0x240e</run_address>
         <size>0x6</size>
         <input_file_ref idref="fl-1f"/>
      </object_component>
      <object_component id="oc-620">
         <name>.text:ti_sysbios_gates_GateHwi_query__E</name>
         <load_address>0x2418</load_address>
         <run_address>0x2418</run_address>
         <size>0x4</size>
         <input_file_ref idref="fl-11"/>
      </object_component>
      <object_component id="oc-5c7">
         <name>.text:ti_sysbios_gates_GateMutex_query__E</name>
         <load_address>0x2420</load_address>
         <run_address>0x2420</run_address>
         <size>0x4</size>
         <input_file_ref idref="fl-11"/>
      </object_component>
      <object_component id="oc-530">
         <name>.text:ti_sysbios_knl_Task_startup__E</name>
         <load_address>0x2428</load_address>
         <run_address>0x2428</run_address>
         <size>0x4</size>
         <input_file_ref idref="fl-11"/>
      </object_component>
      <object_component id="oc-7f0">
         <name>.text:ti_sysbios_knl_Clock_logTick__E</name>
         <load_address>0x2430</load_address>
         <run_address>0x2430</run_address>
         <size>0x2</size>
         <input_file_ref idref="fl-11"/>
      </object_component>
      <object_component id="oc-8a9">
         <name>.const:sines</name>
         <load_address>0x2434</load_address>
         <run_address>0x2434</run_address>
         <size>0xc8</size>
         <input_file_ref idref="fl-2"/>
      </object_component>
      <object_component id="oc-437">
         <name>.const:g_pui32Xtals</name>
         <load_address>0x24fc</load_address>
         <run_address>0x24fc</run_address>
         <size>0x6c</size>
         <input_file_ref idref="fl-27"/>
      </object_component>
      <object_component id="oc-54b">
         <name>.const:ti_sysbios_gates_GateHwi_Module__FXNS__C</name>
         <load_address>0x2568</load_address>
         <run_address>0x2568</run_address>
         <size>0x24</size>
         <input_file_ref idref="fl-5"/>
      </object_component>
      <object_component id="oc-50d">
         <name>.const:ti_sysbios_gates_GateMutex_Module__FXNS__C</name>
         <load_address>0x258c</load_address>
         <run_address>0x258c</run_address>
         <size>0x24</size>
         <input_file_ref idref="fl-5"/>
      </object_component>
      <object_component id="oc-91d">
         <name>.const:hhpf</name>
         <load_address>0x25b0</load_address>
         <run_address>0x25b0</run_address>
         <size>0x20</size>
         <input_file_ref idref="fl-2"/>
      </object_component>
      <object_component id="oc-919">
         <name>.const:hlpf</name>
         <load_address>0x25d0</load_address>
         <run_address>0x25d0</run_address>
         <size>0x20</size>
         <input_file_ref idref="fl-2"/>
      </object_component>
      <object_component id="oc-5b1">
         <name>.const:xdc_runtime_Startup_sfxnTab__A</name>
         <load_address>0x25f0</load_address>
         <run_address>0x25f0</run_address>
         <size>0x1c</size>
         <input_file_ref idref="fl-5"/>
      </object_component>
      <object_component id="oc-2a1">
         <name>.const:xdc_runtime_Startup_firstFxns__A</name>
         <load_address>0x260c</load_address>
         <run_address>0x260c</run_address>
         <size>0x10</size>
         <input_file_ref idref="fl-5"/>
      </object_component>
      <object_component id="oc-5ac">
         <name>.const:xdc_runtime_Startup_sfxnRts__A</name>
         <load_address>0x261c</load_address>
         <run_address>0x261c</run_address>
         <size>0xe</size>
         <input_file_ref idref="fl-5"/>
      </object_component>
      <object_component id="oc-582">
         <name>.const:ti_catalog_arm_cortexm4_tiva_ce_Boot_Module__id__C</name>
         <load_address>0x262a</load_address>
         <run_address>0x262a</run_address>
         <size>0x2</size>
         <input_file_ref idref="fl-5"/>
      </object_component>
      <object_component id="oc-8ac">
         <name>.const</name>
         <load_address>0x262c</load_address>
         <run_address>0x262c</run_address>
         <size>0x8</size>
         <input_file_ref idref="fl-5"/>
      </object_component>
      <object_component id="oc-86b">
         <name>.const:ti_sysbios_knl_Idle_funcList__C</name>
         <load_address>0x2634</load_address>
         <run_address>0x2634</run_address>
         <size>0x8</size>
         <input_file_ref idref="fl-5"/>
      </object_component>
      <object_component id="oc-1c3">
         <name>.const:xdc_runtime_Startup_firstFxns__C</name>
         <load_address>0x263c</load_address>
         <run_address>0x263c</run_address>
         <size>0x8</size>
         <input_file_ref idref="fl-5"/>
      </object_component>
      <object_component id="oc-1c9">
         <name>.const:xdc_runtime_Startup_lastFxns__C</name>
         <load_address>0x2644</load_address>
         <run_address>0x2644</run_address>
         <size>0x8</size>
         <input_file_ref idref="fl-5"/>
      </object_component>
      <object_component id="oc-57f">
         <name>.const:ti_catalog_arm_cortexm4_tiva_ce_Boot_A_mustUseEnhancedClockMode__C</name>
         <load_address>0x264c</load_address>
         <run_address>0x264c</run_address>
         <size>0x4</size>
         <input_file_ref idref="fl-5"/>
      </object_component>
      <object_component id="oc-576">
         <name>.const:ti_catalog_arm_cortexm4_tiva_ce_Boot_Module__diagsEnabled__C</name>
         <load_address>0x2650</load_address>
         <run_address>0x2650</run_address>
         <size>0x4</size>
         <input_file_ref idref="fl-5"/>
      </object_component>
      <object_component id="oc-579">
         <name>.const:ti_catalog_arm_cortexm4_tiva_ce_Boot_Module__diagsIncluded__C</name>
         <load_address>0x2654</load_address>
         <run_address>0x2654</run_address>
         <size>0x4</size>
         <input_file_ref idref="fl-5"/>
      </object_component>
      <object_component id="oc-57c">
         <name>.const:ti_catalog_arm_cortexm4_tiva_ce_Boot_Module__diagsMask__C</name>
         <load_address>0x2658</load_address>
         <run_address>0x2658</run_address>
         <size>0x4</size>
         <input_file_ref idref="fl-5"/>
      </object_component>
      <object_component id="oc-4e4">
         <name>.const:ti_sysbios_family_arm_lm4_Timer_enableFunc__C</name>
         <load_address>0x265c</load_address>
         <run_address>0x265c</run_address>
         <size>0x4</size>
         <input_file_ref idref="fl-5"/>
      </object_component>
      <object_component id="oc-4de">
         <name>.const:ti_sysbios_family_arm_lm4_Timer_numTimerDevices__C</name>
         <load_address>0x2660</load_address>
         <run_address>0x2660</run_address>
         <size>0x4</size>
         <input_file_ref idref="fl-5"/>
      </object_component>
      <object_component id="oc-5f8">
         <name>.const:ti_sysbios_family_arm_lm4_Timer_startupNeeded__C</name>
         <load_address>0x2664</load_address>
         <run_address>0x2664</run_address>
         <size>0x4</size>
         <input_file_ref idref="fl-5"/>
      </object_component>
      <object_component id="oc-4c9">
         <name>.const:ti_sysbios_family_arm_m3_Hwi_NUM_INTERRUPTS__C</name>
         <load_address>0x2668</load_address>
         <run_address>0x2668</run_address>
         <size>0x4</size>
         <input_file_ref idref="fl-5"/>
      </object_component>
      <object_component id="oc-771">
         <name>.const:ti_sysbios_family_arm_m3_Hwi_Object__count__C</name>
         <load_address>0x266c</load_address>
         <run_address>0x266c</run_address>
         <size>0x4</size>
         <input_file_ref idref="fl-5"/>
      </object_component>
      <object_component id="oc-4d2">
         <name>.const:ti_sysbios_family_arm_m3_Hwi_ccr__C</name>
         <load_address>0x2670</load_address>
         <run_address>0x2670</run_address>
         <size>0x4</size>
         <input_file_ref idref="fl-5"/>
      </object_component>
      <object_component id="oc-290">
         <name>.const:ti_sysbios_family_arm_m3_Hwi_excHandlerFunc__C</name>
         <load_address>0x2674</load_address>
         <run_address>0x2674</run_address>
         <size>0x4</size>
         <input_file_ref idref="fl-5"/>
      </object_component>
      <object_component id="oc-4cc">
         <name>.const:ti_sysbios_family_arm_m3_Hwi_nullIsrFunc__C</name>
         <load_address>0x2678</load_address>
         <run_address>0x2678</run_address>
         <size>0x4</size>
         <input_file_ref idref="fl-5"/>
      </object_component>
      <object_component id="oc-4cf">
         <name>.const:ti_sysbios_family_arm_m3_Hwi_priGroup__C</name>
         <load_address>0x267c</load_address>
         <run_address>0x267c</run_address>
         <size>0x4</size>
         <input_file_ref idref="fl-5"/>
      </object_component>
      <object_component id="oc-69f">
         <name>.const:ti_sysbios_gates_GateMutex_Instance_State_sem__O</name>
         <load_address>0x2680</load_address>
         <run_address>0x2680</run_address>
         <size>0x4</size>
         <input_file_ref idref="fl-5"/>
      </object_component>
      <object_component id="oc-78a">
         <name>.const:ti_sysbios_knl_Clock_Module_State_clockQ__O</name>
         <load_address>0x2684</load_address>
         <run_address>0x2684</run_address>
         <size>0x4</size>
         <input_file_ref idref="fl-5"/>
      </object_component>
      <object_component id="oc-78d">
         <name>.const:ti_sysbios_knl_Semaphore_Instance_State_pendQ__O</name>
         <load_address>0x2688</load_address>
         <run_address>0x2688</run_address>
         <size>0x4</size>
         <input_file_ref idref="fl-5"/>
      </object_component>
      <object_component id="oc-741">
         <name>.const:ti_sysbios_knl_Swi_Object__count__C</name>
         <load_address>0x268c</load_address>
         <run_address>0x268c</run_address>
         <size>0x4</size>
         <input_file_ref idref="fl-5"/>
      </object_component>
      <object_component id="oc-842">
         <name>.const:ti_sysbios_knl_Task_Module_State_inactiveQ__O</name>
         <load_address>0x2690</load_address>
         <run_address>0x2690</run_address>
         <size>0x4</size>
         <input_file_ref idref="fl-5"/>
      </object_component>
      <object_component id="oc-757">
         <name>.const:ti_sysbios_knl_Task_Object__count__C</name>
         <load_address>0x2694</load_address>
         <run_address>0x2694</run_address>
         <size>0x4</size>
         <input_file_ref idref="fl-5"/>
      </object_component>
      <object_component id="oc-7cc">
         <name>.const:ti_sysbios_knl_Task_allBlockedFunc__C</name>
         <load_address>0x2698</load_address>
         <run_address>0x2698</run_address>
         <size>0x4</size>
         <input_file_ref idref="fl-5"/>
      </object_component>
      <object_component id="oc-75a">
         <name>.const:ti_sysbios_knl_Task_numConstructedTasks__C</name>
         <load_address>0x269c</load_address>
         <run_address>0x269c</run_address>
         <size>0x4</size>
         <input_file_ref idref="fl-5"/>
      </object_component>
      <object_component id="oc-643">
         <name>.const:xdc_runtime_Assert_E_assertFailed__C</name>
         <load_address>0x26a0</load_address>
         <run_address>0x26a0</run_address>
         <size>0x4</size>
         <input_file_ref idref="fl-5"/>
      </object_component>
      <object_component id="oc-883">
         <name>.const:xdc_runtime_Error_Module__diagsEnabled__C</name>
         <load_address>0x26a4</load_address>
         <run_address>0x26a4</run_address>
         <size>0x4</size>
         <input_file_ref idref="fl-5"/>
      </object_component>
      <object_component id="oc-880">
         <name>.const:xdc_runtime_Error_Module__diagsIncluded__C</name>
         <load_address>0x26a8</load_address>
         <run_address>0x26a8</run_address>
         <size>0x4</size>
         <input_file_ref idref="fl-5"/>
      </object_component>
      <object_component id="oc-886">
         <name>.const:xdc_runtime_Error_Module__diagsMask__C</name>
         <load_address>0x26ac</load_address>
         <run_address>0x26ac</run_address>
         <size>0x4</size>
         <input_file_ref idref="fl-5"/>
      </object_component>
      <object_component id="oc-88c">
         <name>.const:xdc_runtime_Error_Module__loggerFxn8__C</name>
         <load_address>0x26b0</load_address>
         <run_address>0x26b0</run_address>
         <size>0x4</size>
         <input_file_ref idref="fl-5"/>
      </object_component>
      <object_component id="oc-889">
         <name>.const:xdc_runtime_Error_Module__loggerObj__C</name>
         <load_address>0x26b4</load_address>
         <run_address>0x26b4</run_address>
         <size>0x4</size>
         <input_file_ref idref="fl-5"/>
      </object_component>
      <object_component id="oc-709">
         <name>.const:xdc_runtime_Error_policyFxn__C</name>
         <load_address>0x26b8</load_address>
         <run_address>0x26b8</run_address>
         <size>0x4</size>
         <input_file_ref idref="fl-5"/>
      </object_component>
      <object_component id="oc-892">
         <name>.const:xdc_runtime_Error_raiseHook__C</name>
         <load_address>0x26bc</load_address>
         <run_address>0x26bc</run_address>
         <size>0x4</size>
         <input_file_ref idref="fl-5"/>
      </object_component>
      <object_component id="oc-5c4">
         <name>.const:xdc_runtime_IGateProvider_Interface__BASE__C</name>
         <load_address>0x26c0</load_address>
         <run_address>0x26c0</run_address>
         <size>0x4</size>
         <input_file_ref idref="fl-5"/>
      </object_component>
      <object_component id="oc-690">
         <name>.const:xdc_runtime_IModule_Interface__BASE__C</name>
         <load_address>0x26c4</load_address>
         <run_address>0x26c4</run_address>
         <size>0x4</size>
         <input_file_ref idref="fl-5"/>
      </object_component>
      <object_component id="oc-87a">
         <name>.const:xdc_runtime_Log_L_error__C</name>
         <load_address>0x26c8</load_address>
         <run_address>0x26c8</run_address>
         <size>0x4</size>
         <input_file_ref idref="fl-5"/>
      </object_component>
      <object_component id="oc-1c6">
         <name>.const:xdc_runtime_Startup_execImpl__C</name>
         <load_address>0x26cc</load_address>
         <run_address>0x26cc</run_address>
         <size>0x4</size>
         <input_file_ref idref="fl-5"/>
      </object_component>
      <object_component id="oc-4f4">
         <name>.const:xdc_runtime_Startup_maxPasses__C</name>
         <load_address>0x26d0</load_address>
         <run_address>0x26d0</run_address>
         <size>0x4</size>
         <input_file_ref idref="fl-5"/>
      </object_component>
      <object_component id="oc-4ee">
         <name>.const:xdc_runtime_Startup_sfxnRts__C</name>
         <load_address>0x26d4</load_address>
         <run_address>0x26d4</run_address>
         <size>0x4</size>
         <input_file_ref idref="fl-5"/>
      </object_component>
      <object_component id="oc-4f1">
         <name>.const:xdc_runtime_Startup_sfxnTab__C</name>
         <load_address>0x26d8</load_address>
         <run_address>0x26d8</run_address>
         <size>0x4</size>
         <input_file_ref idref="fl-5"/>
      </object_component>
      <object_component id="oc-65c">
         <name>.const:xdc_runtime_SysCallback_abortFxn__C</name>
         <load_address>0x26dc</load_address>
         <run_address>0x26dc</run_address>
         <size>0x4</size>
         <input_file_ref idref="fl-5"/>
      </object_component>
      <object_component id="oc-2f7">
         <name>.const:xdc_runtime_SysCallback_exitFxn__C</name>
         <load_address>0x26e0</load_address>
         <run_address>0x26e0</run_address>
         <size>0x4</size>
         <input_file_ref idref="fl-5"/>
      </object_component>
      <object_component id="oc-2f3">
         <name>.const:xdc_runtime_System_Module__gateObj__C</name>
         <load_address>0x26e4</load_address>
         <run_address>0x26e4</run_address>
         <size>0x4</size>
         <input_file_ref idref="fl-5"/>
      </object_component>
      <object_component id="oc-5a8">
         <name>.const:xdc_runtime_System_abortFxn__C</name>
         <load_address>0x26e8</load_address>
         <run_address>0x26e8</run_address>
         <size>0x4</size>
         <input_file_ref idref="fl-5"/>
      </object_component>
      <object_component id="oc-bd">
         <name>.const:xdc_runtime_System_exitFxn__C</name>
         <load_address>0x26ec</load_address>
         <run_address>0x26ec</run_address>
         <size>0x4</size>
         <input_file_ref idref="fl-5"/>
      </object_component>
      <object_component id="oc-5e1">
         <name>.const:xdc_runtime_System_maxAtexitHandlers__C</name>
         <load_address>0x26f0</load_address>
         <run_address>0x26f0</run_address>
         <size>0x4</size>
         <input_file_ref idref="fl-5"/>
      </object_component>
      <object_component id="oc-6ff">
         <name>.const:xdc_runtime_Text_charTab__C</name>
         <load_address>0x26f4</load_address>
         <run_address>0x26f4</run_address>
         <size>0x4</size>
         <input_file_ref idref="fl-5"/>
      </object_component>
      <object_component id="oc-8c5">
         <name>.const:ti_sysbios_knl_Task_initStackFlag__C</name>
         <load_address>0x26f8</load_address>
         <run_address>0x26f8</run_address>
         <size>0x2</size>
         <input_file_ref idref="fl-5"/>
      </object_component>
      <object_component id="oc-87d">
         <name>.const:xdc_runtime_Error_Module__loggerDefined__C</name>
         <load_address>0x26fa</load_address>
         <run_address>0x26fa</run_address>
         <size>0x2</size>
         <input_file_ref idref="fl-5"/>
      </object_component>
      <object_component id="oc-895">
         <name>.const:xdc_runtime_Error_maxDepth__C</name>
         <load_address>0x26fc</load_address>
         <run_address>0x26fc</run_address>
         <size>0x2</size>
         <input_file_ref idref="fl-5"/>
      </object_component>
      <object_component id="oc-640">
         <name>.const:xdc_runtime_Text_isLoaded__C</name>
         <load_address>0x26fe</load_address>
         <run_address>0x26fe</run_address>
         <size>0x2</size>
         <input_file_ref idref="fl-5"/>
      </object_component>
      <object_component id="oc-898">
         <name>.const:xdc_runtime_Error_policy__C</name>
         <load_address>0x2700</load_address>
         <run_address>0x2700</run_address>
         <size>0x1</size>
         <input_file_ref idref="fl-5"/>
      </object_component>
      <object_component id="oc-96a">
         <name>.cinit..data.load</name>
         <load_address>0x2708</load_address>
         <run_address>0x2708</run_address>
         <size>0x152</size>
      </object_component>
      <object_component id="oc-968">
         <name>__TI_handler_table</name>
         <load_address>0x285c</load_address>
         <run_address>0x285c</run_address>
         <size>0xc</size>
      </object_component>
      <object_component id="oc-96b">
         <name>.cinit..bss.load</name>
         <load_address>0x2868</load_address>
         <run_address>0x2868</run_address>
         <size>0x8</size>
      </object_component>
      <object_component id="oc-96c">
         <name>.cinit..vecs.load</name>
         <load_address>0x2870</load_address>
         <run_address>0x2870</run_address>
         <size>0x8</size>
      </object_component>
      <object_component id="oc-969">
         <name>__TI_cinit_table</name>
         <load_address>0x2878</load_address>
         <run_address>0x2878</run_address>
         <size>0x18</size>
      </object_component>
      <object_component id="oc-8a6">
         <name>.data</name>
         <load_address>0x20000b28</load_address>
         <run_address>0x20000b28</run_address>
         <size>0x10</size>
         <input_file_ref idref="fl-2"/>
      </object_component>
      <object_component id="oc-2e9">
         <name>.data:ti_sysbios_BIOS_Module__state__V</name>
         <load_address>0x20000a94</load_address>
         <run_address>0x20000a94</run_address>
         <size>0x24</size>
         <input_file_ref idref="fl-5"/>
      </object_component>
      <object_component id="oc-656">
         <name>.data:ti_sysbios_family_arm_lm4_Timer_Object__table__V</name>
         <load_address>0x20000994</load_address>
         <run_address>0x20000994</run_address>
         <size>0x40</size>
         <input_file_ref idref="fl-5"/>
      </object_component>
      <object_component id="oc-592">
         <name>.data:ti_sysbios_family_arm_lm4_Timer_Module_State_0_device__A</name>
         <load_address>0x20000a08</load_address>
         <run_address>0x20000a08</run_address>
         <size>0x30</size>
         <input_file_ref idref="fl-5"/>
      </object_component>
      <object_component id="oc-595">
         <name>.data:ti_sysbios_family_arm_lm4_Timer_Module_State_0_handles__A</name>
         <load_address>0x20000b10</load_address>
         <run_address>0x20000b10</run_address>
         <size>0x18</size>
         <input_file_ref idref="fl-5"/>
      </object_component>
      <object_component id="oc-4e1">
         <name>.data:ti_sysbios_family_arm_lm4_Timer_Module__state__V</name>
         <load_address>0x20000b44</load_address>
         <run_address>0x20000b44</run_address>
         <size>0xc</size>
         <input_file_ref idref="fl-5"/>
      </object_component>
      <object_component id="oc-71d">
         <name>.data:ti_sysbios_family_arm_m3_Hwi_Object__table__V</name>
         <load_address>0x20000a38</load_address>
         <run_address>0x20000a38</run_address>
         <size>0x30</size>
         <input_file_ref idref="fl-5"/>
      </object_component>
      <object_component id="oc-37e">
         <name>.data:ti_sysbios_family_arm_m3_Hwi_Module_State_0_excActive__A</name>
         <load_address>0x20000b84</load_address>
         <run_address>0x20000b84</run_address>
         <size>0x2</size>
         <input_file_ref idref="fl-5"/>
      </object_component>
      <object_component id="oc-381">
         <name>.data:ti_sysbios_family_arm_m3_Hwi_Module_State_0_excContext__A</name>
         <load_address>0x20000b74</load_address>
         <run_address>0x20000b74</run_address>
         <size>0x4</size>
         <input_file_ref idref="fl-5"/>
      </object_component>
      <object_component id="oc-384">
         <name>.data:ti_sysbios_family_arm_m3_Hwi_Module_State_0_excStack__A</name>
         <load_address>0x20000b78</load_address>
         <run_address>0x20000b78</run_address>
         <size>0x4</size>
         <input_file_ref idref="fl-5"/>
      </object_component>
      <object_component id="oc-28d">
         <name>.data:ti_sysbios_family_arm_m3_Hwi_Module__state__V</name>
         <load_address>0x200009d4</load_address>
         <run_address>0x200009d4</run_address>
         <size>0x34</size>
         <input_file_ref idref="fl-5"/>
      </object_component>
      <object_component id="oc-456">
         <name>.data:ti_sysbios_gates_GateHwi_Object__table__V</name>
         <load_address>0x20000b7c</load_address>
         <run_address>0x20000b7c</run_address>
         <size>0x4</size>
         <input_file_ref idref="fl-5"/>
      </object_component>
      <object_component id="oc-43e">
         <name>.data:ti_sysbios_gates_GateMutex_Object__table__V</name>
         <load_address>0x20000ad8</load_address>
         <run_address>0x20000ad8</run_address>
         <size>0x1c</size>
         <input_file_ref idref="fl-5"/>
      </object_component>
      <object_component id="oc-913">
         <name>.data:ti_sysbios_hal_Hwi_Object__table__V</name>
         <load_address>0x20000b58</load_address>
         <run_address>0x20000b58</run_address>
         <size>0x8</size>
         <input_file_ref idref="fl-5"/>
      </object_component>
      <object_component id="oc-737">
         <name>.data:ti_sysbios_knl_Clock_Module__state__V</name>
         <load_address>0x20000a68</load_address>
         <run_address>0x20000a68</run_address>
         <size>0x2c</size>
         <input_file_ref idref="fl-5"/>
      </object_component>
      <object_component id="oc-81a">
         <name>.data:ti_sysbios_knl_Swi_Object__table__V</name>
         <load_address>0x200008f0</load_address>
         <run_address>0x200008f0</run_address>
         <size>0x60</size>
         <input_file_ref idref="fl-5"/>
      </object_component>
      <object_component id="oc-7c1">
         <name>.data:ti_sysbios_knl_Swi_Module_State_0_readyQ__A</name>
         <load_address>0x20000870</load_address>
         <run_address>0x20000870</run_address>
         <size>0x80</size>
         <input_file_ref idref="fl-5"/>
      </object_component>
      <object_component id="oc-6dd">
         <name>.data:ti_sysbios_knl_Swi_Module__state__V</name>
         <load_address>0x20000af4</load_address>
         <run_address>0x20000af4</run_address>
         <size>0x1c</size>
         <input_file_ref idref="fl-5"/>
      </object_component>
      <object_component id="oc-791">
         <name>.data:ti_sysbios_knl_Task_Module_State_0_readyQ__A</name>
         <load_address>0x20000ab8</load_address>
         <run_address>0x20000ab8</run_address>
         <size>0x20</size>
         <input_file_ref idref="fl-5"/>
      </object_component>
      <object_component id="oc-794">
         <name>.data:ti_sysbios_knl_Task_Module_State_0_idleTask__A</name>
         <load_address>0x20000b80</load_address>
         <run_address>0x20000b80</run_address>
         <size>0x4</size>
         <input_file_ref idref="fl-5"/>
      </object_component>
      <object_component id="oc-69c">
         <name>.data:ti_sysbios_knl_Task_Module__state__V</name>
         <load_address>0x20000950</load_address>
         <run_address>0x20000950</run_address>
         <size>0x44</size>
         <input_file_ref idref="fl-5"/>
      </object_component>
      <object_component id="oc-88f">
         <name>.data:xdc_runtime_Error_Module__state__V</name>
         <load_address>0x20000b86</load_address>
         <run_address>0x20000b86</run_address>
         <size>0x2</size>
         <input_file_ref idref="fl-5"/>
      </object_component>
      <object_component id="oc-1cc">
         <name>.data:xdc_runtime_Startup_Module__state__V</name>
         <load_address>0x20000b60</load_address>
         <run_address>0x20000b60</run_address>
         <size>0x8</size>
         <input_file_ref idref="fl-5"/>
      </object_component>
      <object_component id="oc-1f0">
         <name>.data:xdc_runtime_System_Module__state__V</name>
         <load_address>0x20000b68</load_address>
         <run_address>0x20000b68</run_address>
         <size>0x8</size>
         <input_file_ref idref="fl-5"/>
      </object_component>
      <object_component id="oc-301">
         <name>.data:$O1$$</name>
         <load_address>0x20000b50</load_address>
         <run_address>0x20000b50</run_address>
         <size>0x8</size>
         <input_file_ref idref="fl-e0"/>
      </object_component>
      <object_component id="oc-2fe">
         <name>.data:$O1$$</name>
         <load_address>0x20000b38</load_address>
         <run_address>0x20000b38</run_address>
         <size>0xc</size>
         <input_file_ref idref="fl-e6"/>
      </object_component>
      <object_component id="oc-70">
         <name>.data</name>
         <load_address>0x20000b70</load_address>
         <run_address>0x20000b70</run_address>
         <size>0x4</size>
         <input_file_ref idref="fl-e9"/>
      </object_component>
      <object_component id="oc-918">
         <name>.common:y</name>
         <uninitialized>true</uninitialized>
         <run_address>0x200006c0</run_address>
         <size>0xc8</size>
      </object_component>
      <object_component id="oc-91c">
         <name>.common:y2</name>
         <uninitialized>true</uninitialized>
         <run_address>0x20000788</run_address>
         <size>0xc8</size>
      </object_component>
      <object_component id="oc-8a5">
         <name>.common:circular_buffer</name>
         <uninitialized>true</uninitialized>
         <run_address>0x20000850</run_address>
[...]
         <object_component_ref idref="oc-92c"/>
      </symbol>
      <symbol id="sm-957">
         <name>ti_sysbios_knl_Task_restoreHwi__E</name>
         <value>0x1f91</value>
         <object_component_ref idref="oc-933"/>
      </symbol>
      <symbol id="sm-958">
         <name>ti_sysbios_knl_Idle_run__E</name>
         <value>0x2041</value>
         <object_component_ref idref="oc-7c6"/>
      </symbol>
      <symbol id="sm-959">
         <name>ti_sysbios_family_arm_m3_TaskSupport_start__E</name>
         <value>0x1ba1</value>
         <object_component_ref idref="oc-824"/>
      </symbol>
      <symbol id="sm-95a">
         <name>ti_sysbios_knl_Swi_startup__E</name>
         <value>0x2409</value>
         <object_component_ref idref="oc-52a"/>
      </symbol>
      <symbol id="sm-95b">
         <name>ti_sysbios_knl_Task_schedule__I</name>
         <value>0x1921</value>
         <object_component_ref idref="oc-7ba"/>
      </symbol>
      <symbol id="sm-95c">
         <name>ti_sysbios_gates_GateMutex_leave__E</name>
         <value>0x21a9</value>
         <object_component_ref idref="oc-5d3"/>
      </symbol>
      <symbol id="sm-95d">
         <name>ti_sysbios_family_arm_lm4_Timer_enableTiva__I</name>
         <value>0xb19</value>
         <object_component_ref idref="oc-59a"/>
      </symbol>
      <symbol id="sm-95e">
         <name>ti_sysbios_knl_Task_restore__E</name>
         <value>0x1e51</value>
         <object_component_ref idref="oc-6d7"/>
      </symbol>
      <symbol id="sm-95f">
         <name>ti_sysbios_family_arm_lm4_Timer_enableTimers__I</name>
         <value>0xbc9</value>
         <object_component_ref idref="oc-413"/>
      </symbol>
      <symbol id="sm-960">
         <name>ti_sysbios_BIOS_start__E</name>
         <value>0x22c1</value>
         <object_component_ref idref="oc-1d6"/>
      </symbol>
      <symbol id="sm-961">
         <name>ti_sysbios_family_arm_m3_Hwi_postInit__I</name>
         <value>0x1081</value>
         <object_component_ref idref="oc-76b"/>
      </symbol>
      <symbol id="sm-962">
         <name>ti_sysbios_family_arm_m3_Hwi_switchFromBootStack__E</name>
         <value>0x2249</value>
         <object_component_ref idref="oc-6e7"/>
      </symbol>
      <symbol id="sm-963">
         <name>ti_sysbios_gates_GateMutex_query__E</name>
         <value>0x2421</value>
         <object_component_ref idref="oc-5c7"/>
      </symbol>
      <symbol id="sm-964">
         <name>ti_sysbios_knl_Swi_schedule__I</name>
         <value>0x1519</value>
         <object_component_ref idref="oc-6d1"/>
      </symbol>
      <symbol id="sm-965">
         <name>ti_sysbios_family_arm_lm4_Timer_Module_startup__E</name>
         <value>0x1391</value>
         <object_component_ref idref="oc-688"/>
      </symbol>
      <symbol id="sm-966">
         <name>ti_sysbios_knl_Clock_workFunc__E</name>
         <value>0x12b9</value>
         <object_component_ref idref="oc-8b8"/>
      </symbol>
      <symbol id="sm-967">
         <name>ti_sysbios_family_arm_lm4_Timer_isrStub__E</name>
         <value>0x1a49</value>
         <object_component_ref idref="oc-809"/>
      </symbol>
      <symbol id="sm-968">
         <name>ti_sysbios_family_arm_m3_Hwi_initNVIC__E</name>
         <value>0xee1</value>
         <object_component_ref idref="oc-40d"/>
      </symbol>
      <symbol id="sm-969">
         <name>ti_sysbios_knl_Task_unblockI__E</name>
         <value>0x1dc1</value>
         <object_component_ref idref="oc-79b"/>
      </symbol>
      <symbol id="sm-96a">
         <name>ti_sysbios_family_arm_m3_Hwi_disableInterrupt__E</name>
         <value>0x1971</value>
         <object_component_ref idref="oc-4d6"/>
      </symbol>
      <symbol id="sm-96b">
         <name>ti_sysbios_family_arm_lm4_Timer_write__I</name>
         <value>0x1fb9</value>
         <object_component_ref idref="oc-6c2"/>
      </symbol>
      <symbol id="sm-96c">
         <name>ti_sysbios_knl_Clock_Module_startup__E</name>
         <value>0x1f69</value>
         <object_component_ref idref="oc-66a"/>
      </symbol>
      <symbol id="sm-96d">
         <name>ti_sysbios_knl_Task_Module_startup__E</name>
         <value>0x1579</value>
         <object_component_ref idref="oc-676"/>
      </symbol>
      <symbol id="sm-96e">
         <name>ti_sysbios_family_arm_m3_Hwi_Module_startup__E</name>
         <value>0x1791</value>
         <object_component_ref idref="oc-682"/>
      </symbol>
      <symbol id="sm-96f">
         <name>ti_sysbios_gates_GateMutex_enter__E</name>
         <value>0x1d61</value>
         <object_component_ref idref="oc-5cd"/>
      </symbol>
      <symbol id="sm-989">
         <name>ti_sysbios_knl_Task_swapReturn</name>
         <value>0x2199</value>
         <object_component_ref idref="oc-6ed"/>
      </symbol>
      <symbol id="sm-98a">
         <name>ti_sysbios_family_arm_m3_TaskSupport_glue</name>
         <value>0x22d1</value>
         <object_component_ref idref="oc-922"/>
      </symbol>
      <symbol id="sm-98b">
         <name>ti_sysbios_family_arm_m3_TaskSupport_buildTaskStack</name>
         <value>0xf75</value>
         <object_component_ref idref="oc-8c0"/>
      </symbol>
      <symbol id="sm-98c">
         <name>ti_sysbios_family_arm_m3_TaskSupport_swap__E</name>
         <value>0x218d</value>
         <object_component_ref idref="oc-6ed"/>
      </symbol>
      <symbol id="sm-9ae">
         <name>ti_sysbios_family_arm_m3_Hwi_excHandlerAsm__I</name>
         <value>0x1ffd</value>
         <object_component_ref idref="oc-7e"/>
      </symbol>
      <symbol id="sm-9af">
         <name>ti_sysbios_family_arm_m3_Hwi_return</name>
         <value>0x1ef5</value>
         <object_component_ref idref="oc-83"/>
      </symbol>
      <symbol id="sm-9b0">
         <name>ti_sysbios_family_arm_m3_Hwi_pendSV__I</name>
         <value>0x1ed1</value>
         <object_component_ref idref="oc-83"/>
      </symbol>
      <symbol id="sm-9b1">
         <name>ti_sysbios_family_arm_m3_Hwi_dispatch__I</name>
         <value>0x931</value>
         <object_component_ref idref="oc-84c"/>
      </symbol>
      <symbol id="sm-9c5">
         <name>ti_sysbios_family_xxx_Hwi_switchAndRunFunc</name>
         <value>0x2061</value>
         <object_component_ref idref="oc-7ae"/>
      </symbol>
      <symbol id="sm-9c6">
         <name>ti_sysbios_family_arm_m3_Hwi_initStacks__E</name>
         <value>0x16e5</value>
         <object_component_ref idref="oc-7d0"/>
      </symbol>
      <symbol id="sm-a30">
         <name>ti_catalog_arm_cortexm4_tiva_ce_Boot_sysCtlClockSet__E</name>
         <value>0xe4d</value>
         <object_component_ref idref="oc-4bb"/>
      </symbol>
      <symbol id="sm-a52">
         <name>ti_catalog_arm_cortexm4_tiva_ce_Boot_sysCtlClockSetI__I</name>
         <value>0x731</value>
         <object_component_ref idref="oc-570"/>
      </symbol>
      <symbol id="sm-a53">
         <name>ti_catalog_arm_cortexm4_tiva_ce_Boot_sysCtlDelayI__I</name>
         <value>0x23f1</value>
         <object_component_ref idref="oc-647"/>
      </symbol>
      <symbol id="sm-a71">
         <name>xdc_runtime_Assert_raise__I</name>
         <value>0x1a01</value>
         <object_component_ref idref="oc-56a"/>
      </symbol>
      <symbol id="sm-ae3">
         <name>xdc_runtime_Error_raiseX__E</name>
         <value>0x20dd</value>
         <object_component_ref idref="oc-63a"/>
      </symbol>
      <symbol id="sm-ae4">
         <name>xdc_runtime_Error_init__E</name>
         <value>0x23b9</value>
         <object_component_ref idref="oc-8eb"/>
      </symbol>
      <symbol id="sm-ae5">
         <name>xdc_runtime_Error_check__E</name>
         <value>0x21c1</value>
         <object_component_ref idref="oc-82a"/>
      </symbol>
      <symbol id="sm-ae6">
         <name>xdc_runtime_Error_policyDefault__E</name>
         <value>0x2e5</value>
         <object_component_ref idref="oc-7e8"/>
      </symbol>
      <symbol id="sm-ae7">
         <name>xdc_runtime_Error_setX__E</name>
         <value>0x1b1d</value>
         <object_component_ref idref="oc-874"/>
      </symbol>
      <symbol id="sm-b05">
         <name>xdc_runtime_Gate_leaveSystem__E</name>
         <value>0x2301</value>
         <object_component_ref idref="oc-5db"/>
      </symbol>
      <symbol id="sm-b06">
         <name>xdc_runtime_Gate_enterSystem__E</name>
         <value>0x23c5</value>
         <object_component_ref idref="oc-1e4"/>
      </symbol>
      <symbol id="sm-b41">
         <name>xdc_runtime_Startup_startMods__I</name>
         <value>0x835</value>
         <object_component_ref idref="oc-41b"/>
      </symbol>
      <symbol id="sm-b42">
         <name>xdc_runtime_Startup_exec__E</name>
         <value>0x17e1</value>
         <object_component_ref idref="oc-a8"/>
      </symbol>
      <symbol id="sm-b8a">
         <name>xdc_runtime_System_atexit__E</name>
         <value>0x1c59</value>
         <object_component_ref idref="oc-512"/>
      </symbol>
      <symbol id="sm-b8b">
         <name>xdc_runtime_System_abort__E</name>
         <value>0x20f9</value>
         <object_component_ref idref="oc-4e8"/>
      </symbol>
      <symbol id="sm-b8c">
         <name>xdc_runtime_System_processAtExit__E</name>
         <value>0x1df1</value>
         <object_component_ref idref="oc-b7"/>
      </symbol>
      <symbol id="sm-b8d">
         <name>xdc_runtime_System_exit__E</name>
         <value>0x21d9</value>
         <object_component_ref idref="oc-6a"/>
      </symbol>
      <symbol id="sm-b8e">
         <name>xdc_runtime_System_Module_startup__E</name>
         <value>0x240f</value>
         <object_component_ref idref="oc-664"/>
      </symbol>
      <symbol id="sm-bc2">
         <name>xdc_runtime_SysCallback_defaultExit</name>
         <value>0x1577</value>
         <object_component_ref idref="oc-45b"/>
      </symbol>
      <symbol id="sm-bc3">
         <name>xdc_runtime_SysCallback_exit__E</name>
         <value>0x2321</value>
         <object_component_ref idref="oc-1ea"/>
      </symbol>
      <symbol id="sm-bc4">
         <name>xdc_runtime_SysCallback_abort__E</name>
         <value>0x2311</value>
         <object_component_ref idref="oc-5a2"/>
      </symbol>
      <symbol id="sm-bc5">
         <name>xdc_runtime_SysCallback_defaultAbort</name>
         <value>0x1575</value>
         <object_component_ref idref="oc-722"/>
      </symbol>
      <symbol id="sm-be4">
         <name>xdc_runtime_Text_ropeText__E</name>
         <value>0x21f1</value>
         <object_component_ref idref="oc-634"/>
      </symbol>
      <symbol id="sm-bfa">
         <name>_c_int00</name>
         <value>0x1635</value>
         <object_component_ref idref="oc-28"/>
      </symbol>
      <symbol id="sm-bfb">
         <name>__stack</name>
         <value>0x20000b88</value>
         <object_component_ref idref="oc-3a"/>
      </symbol>
      <symbol id="sm-c1a">
         <name>__TI_auto_init</name>
         <value>0xc71</value>
         <object_component_ref idref="oc-5f"/>
      </symbol>
      <symbol id="sm-c53">
         <name>TimerLoadSet</name>
         <value>0x2271</value>
         <object_component_ref idref="oc-2d6"/>
      </symbol>
      <symbol id="sm-c54">
         <name>TimerEnable</name>
         <value>0x2331</value>
         <object_component_ref idref="oc-2e2"/>
      </symbol>
      <symbol id="sm-c55">
         <name>TimerIntEnable</name>
         <value>0x23d1</value>
         <object_component_ref idref="oc-2dc"/>
      </symbol>
      <symbol id="sm-c56">
         <name>TimerConfigure</name>
         <value>0x13f5</value>
         <object_component_ref idref="oc-2ca"/>
      </symbol>
      <symbol id="sm-c57">
         <name>TimerIntClear</name>
         <value>0xb15</value>
         <object_component_ref idref="oc-89f"/>
      </symbol>
      <symbol id="sm-caa">
         <name>SysCtlClockSet</name>
         <value>0xa25</value>
         <object_component_ref idref="oc-2b2"/>
      </symbol>
      <symbol id="sm-cab">
         <name>SysCtlDelay</name>
         <value>0x2283</value>
         <object_component_ref idref="oc-422"/>
      </symbol>
      <symbol id="sm-cac">
         <name>SysCtlPeripheralEnable</name>
         <value>0x1c91</value>
         <object_component_ref idref="oc-2b8"/>
      </symbol>
      <symbol id="sm-cad">
         <name>SysCtlClockGet</name>
         <value>0x405</value>
         <object_component_ref idref="oc-2d0"/>
      </symbol>
      <symbol id="sm-cd5">
         <name>GPIOPinTypeGPIOOutput</name>
         <value>0x2115</value>
         <object_component_ref idref="oc-2be"/>
      </symbol>
      <symbol id="sm-cd6">
         <name>GPIODirModeSet</name>
         <value>0x1e7d</value>
         <object_component_ref idref="oc-42c"/>
      </symbol>
      <symbol id="sm-cd7">
         <name>GPIOPinWrite</name>
         <value>0x107b</value>
         <object_component_ref idref="oc-2c4"/>
      </symbol>
      <symbol id="sm-cd8">
         <name>GPIOPadConfigSet</name>
         <value>0x1b5</value>
         <object_component_ref idref="oc-426"/>
      </symbol>
      <symbol id="sm-cf2">
         <name>_nop</name>
         <value>0x222f</value>
         <object_component_ref idref="oc-471"/>
      </symbol>
      <symbol id="sm-cf3">
         <name>_lock</name>
         <value>0x20000b50</value>
         <object_component_ref idref="oc-301"/>
      </symbol>
      <symbol id="sm-cf4">
         <name>_unlock</name>
         <value>0x20000b54</value>
         <object_component_ref idref="oc-301"/>
      </symbol>
      <symbol id="sm-cf5">
         <name>_register_lock</name>
         <value>0x2227</value>
         <object_component_ref idref="oc-471"/>
      </symbol>
      <symbol id="sm-cf6">
         <name>_register_unlock</name>
         <value>0x2221</value>
         <object_component_ref idref="oc-471"/>
      </symbol>
      <symbol id="sm-d0a">
         <name>_args_main</name>
         <value>0x212d</value>
         <object_component_ref idref="oc-64"/>
      </symbol>
      <symbol id="sm-d28">
         <name>__TI_decompress_lzss</name>
         <value>0x1325</value>
         <object_component_ref idref="oc-16"/>
      </symbol>
      <symbol id="sm-d3f">
         <name>__TI_decompress_none</name>
         <value>0x233f</value>
         <object_component_ref idref="oc-1c"/>
      </symbol>
      <symbol id="sm-d56">
         <name>__TI_zero_init</name>
         <value>0x2379</value>
         <object_component_ref idref="oc-22"/>
      </symbol>
      <symbol id="sm-d7a">
         <name>copy_in</name>
         <value>0x1831</value>
         <object_component_ref idref="oc-a2"/>
      </symbol>
      <symbol id="sm-d9b">
         <name>C$$EXIT</name>
         <value>0x173d</value>
         <object_component_ref idref="oc-1f4"/>
      </symbol>
      <symbol id="sm-d9c">
         <name>abort</name>
         <value>0x1741</value>
         <object_component_ref idref="oc-1f4"/>
      </symbol>
      <symbol id="sm-d9d">
         <name>exit</name>
         <value>0x1749</value>
         <object_component_ref idref="oc-1f4"/>
      </symbol>
      <symbol id="sm-d9e">
         <name>__TI_dtors_ptr</name>
         <value>0x20000b3c</value>
         <object_component_ref idref="oc-2fe"/>
      </symbol>
      <symbol id="sm-d9f">
         <name>__TI_cleanup_ptr</name>
         <value>0x20000b38</value>
         <object_component_ref idref="oc-2fe"/>
      </symbol>
      <symbol id="sm-da0">
         <name>__TI_enable_exit_profile_output</name>
         <value>0x20000b40</value>
         <object_component_ref idref="oc-2fe"/>
      </symbol>
      <symbol id="sm-dbb">
         <name>memcpy</name>
         <value>0xd11</value>
         <object_component_ref idref="oc-46"/>
      </symbol>
      <symbol id="sm-dbc">
         <name>__aeabi_memcpy</name>
         <value>0xd11</value>
         <object_component_ref idref="oc-46"/>
      </symbol>
      <symbol id="sm-dbd">
         <name>__aeabi_memcpy8</name>
         <value>0xd11</value>
         <object_component_ref idref="oc-46"/>
      </symbol>
      <symbol id="sm-dbe">
         <name>__aeabi_memcpy4</name>
         <value>0xd11</value>
         <object_component_ref idref="oc-46"/>
      </symbol>
      <symbol id="sm-dcd">
         <name>__aeabi_memset</name>
         <value>0x1003</value>
         <object_component_ref idref="oc-52"/>
      </symbol>
      <symbol id="sm-dce">
         <name>memset</name>
         <value>0x1009</value>
         <object_component_ref idref="oc-52"/>
      </symbol>
      <symbol id="sm-dcf">
         <name>__aeabi_memset8</name>
         <value>0x1003</value>
         <object_component_ref idref="oc-52"/>
      </symbol>
      <symbol id="sm-dd0">
         <name>__aeabi_memset4</name>
         <value>0x1003</value>
         <object_component_ref idref="oc-52"/>
      </symbol>
      <symbol id="sm-dd1">
         <name>__aeabi_memclr8</name>
         <value>0x1001</value>
         <object_component_ref idref="oc-52"/>
      </symbol>
      <symbol id="sm-dd2">
         <name>__aeabi_memclr4</name>
         <value>0x1001</value>
         <object_component_ref idref="oc-52"/>
      </symbol>
      <symbol id="sm-dd3">
         <name>__aeabi_memclr</name>
         <value>0x1001</value>
         <object_component_ref idref="oc-52"/>
      </symbol>
      <symbol id="sm-ddb">
         <name>main_func_sp</name>
         <value>0x20000b70</value>
         <object_component_ref idref="oc-70"/>
      </symbol>
      <symbol id="sm-de1">
         <name>__TI_static_base__</name>
         <value>0x2708</value>
      </symbol>
      <symbol id="sm-de4">
         <name>SHT$$INIT_ARRAY$$Base</name>
         <value>0x0</value>
      </symbol>
      <symbol id="sm-de5">
         <name>SHT$$INIT_ARRAY$$Limit</name>
         <value>0x0</value>
      </symbol>
      <symbol id="sm-de6">
         <name>ti_sysbios_BIOS_RtsGateProxy_query__E</name>
         <value>0x2421</value>
      </symbol>
      <symbol id="sm-de7">
         <name>ti_sysbios_hal_Hwi_HwiProxy_getStackInfo__E</name>
         <value>0x1a91</value>
      </symbol>
      <symbol id="sm-de8">
         <name>ti_sysbios_hal_Hwi_HwiProxy_startup__E</name>
         <value>0x23e9</value>
      </symbol>
      <symbol id="sm-de9">
         <name>ti_sysbios_hal_Hwi_HwiProxy_switchFromBootStack__E</name>
         <value>0x2249</value>
      </symbol>
      <symbol id="sm-dea">
         <name>ti_sysbios_hal_Hwi_HwiProxy_disableInterrupt__E</name>
         <value>0x1971</value>
      </symbol>
      <symbol id="sm-deb">
         <name>ti_sysbios_hal_Hwi_HwiProxy_enableInterrupt__E</name>
         <value>0x19b9</value>
      </symbol>
      <symbol id="sm-dec">
         <name>ti_sysbios_knl_Clock_TimerProxy_startup__E</name>
         <value>0x1b61</value>
      </symbol>
      <symbol id="sm-ded">
         <name>ti_sysbios_knl_Task_SupportProxy_start__E</name>
         <value>0x1ba1</value>
      </symbol>
      <symbol id="sm-dee">
         <name>ti_sysbios_knl_Task_SupportProxy_swap__E</name>
         <value>0x218d</value>
      </symbol>
      <symbol id="sm-def">
         <name>xdc_runtime_Main_Module_GateProxy_query__E</name>
         <value>0x2419</value>
      </symbol>
      <symbol id="sm-df0">
         <name>xdc_runtime_System_Module_GateProxy_query__E</name>
         <value>0x2419</value>
      </symbol>
      <symbol id="sm-df1">
         <name>xdc_runtime_System_SupportProxy_abort__E</name>
         <value>0x2311</value>
      </symbol>
      <symbol id="sm-df2">
         <name>xdc_runtime_System_SupportProxy_exit__E</name>
         <value>0x2321</value>
      </symbol>
      <symbol id="sm-df3">
         <name>xdc_runtime_System_abortStd__E</name>
         <value>0x1741</value>
      </symbol>
      <symbol id="sm-df4">
         <name>xdc_runtime_System_exitStd__E</name>
         <value>0x1749</value>
      </symbol>
   </symbol_table>
   <title>Link successful</title>
</link_info>
