******************************************************************************
                  TI ARM Linker PC v16.9.1                     
******************************************************************************
>> Linked Mon Jan 08 19:12:56 2018

OUTPUT FILE NAME:   <blink_TM4C_MBX_QUEUE.out>
ENTRY POINT SYMBOL: "_c_int00"  address: 00005029


MEMORY CONFIGURATION

         name            origin    length      used     unused   attr    fill
----------------------  --------  ---------  --------  --------  ----  --------
  FLASH                 00000000   00040000  0000906c  00036f94  R  X
  SRAM                  20000000   00008000  00003ac4  0000453c  RW X


SEGMENT ALLOCATION MAP

run origin  load origin   length   init length attrs members
----------  ----------- ---------- ----------- ----- -------
00000000    00000000    00009078   00009078    r-x
  00000000    00000000    0000003c   0000003c    r-- .resetVecs
  00000040    00000040    0000671a   0000671a    r-x .text
  0000675c    0000675c    00002616   00002616    r-- .const
  00008d78    00008d78    00000300   00000300    r-- .cinit
20000000    20000000    00000360   00000000    rw-
  20000000    20000000    00000360   00000000    rw- .vecs
20000380    20000380    00003764   00000000    rw-
  20000380    20000380    00002c30   00000000    rw- .bss
  20002fb0    20002fb0    00000734   00000000    rw- .data
  200036e4    200036e4    00000400   00000000    rw- .stack


SECTION ALLOCATION MAP

 output                                  attributes/
section   page    origin      length       input sections
--------  ----  ----------  ----------   ----------------
.resetVecs 
*          0    00000000    0000003c     
                  00000000    0000003c     empty_pem4f.oem4f (.resetVecs)

.text      0    00000040    0000671a     
                  00000040    00000430     sysbios.aem4f : BIOS.obj (.text:ti_sysbios_family_arm_m3_Hwi_excDumpRegs__I)
                  00000470    0000033c     ti.targets.arm.rtsarm.aem4f : System.oem4f (.text:xdc_runtime_System_doPrint__I)
                  000007ac    00000324     rtsv7M4_T_le_v4SPD16_eabi.lib : trgdrv.obj (.text)
                  00000ad0    00000314     sysbios.aem4f : BIOS.obj (.text:ti_sysbios_knl_Semaphore_pend__E)
                  00000de4    00000004     driverlib.lib : timer.obj (.text:TimerIntClear)
                  00000de8    00000248     sysbios.aem4f : BIOS.obj (.text:ti_sysbios_family_arm_lm4_Timer_start__E)
                  00001030    000001fc                   : BIOS.obj (.text:ti_sysbios_family_arm_m3_Hwi_excHandlerMax__I)
                  0000122c    00000004     empty_pem4f.oem4f (.text:malloc)
                  00001230    00000174     sysbios.aem4f : BIOS.obj (.text:ti_sysbios_family_arm_m3_Hwi_excBusFault__I)
                  000013a4    00000004     empty_pem4f.oem4f (.text:ti_sysbios_BIOS_RtsGateProxy_enter__E)
                  000013a8    00000164     sysbios.aem4f : BIOS.obj (.text:ti_sysbios_family_arm_m3_Hwi_excUsageFault__I)
                  0000150c    00000004     empty_pem4f.oem4f (.text:ti_sysbios_BIOS_RtsGateProxy_leave__E)
                  00001510    0000014c     sysbios.aem4f : BIOS.obj (.text:ti_sysbios_family_arm_lm4_TimestampProvider_get64__E)
                  0000165c    00000004                   : BIOS.obj (.text:ti_sysbios_family_arm_lm4_Timer_masterEnable__I)
                  00001660    0000014c                   : BIOS.obj (.text:ti_sysbios_family_arm_m3_Hwi_dispatchC__I)
                  000017ac    00000004     empty_pem4f.oem4f (.text:ti_sysbios_family_arm_m3_TaskSupport_Module__startupDone__S)
                  000017b0    00000148     sysbios.aem4f : BIOS.obj (.text:ti_sysbios_family_arm_m3_Hwi_excMemFault__I)
                  000018f8    00000144     ti.targets.arm.rtsarm.aem4f : HeapStd.oem4f (.text:xdc_runtime_HeapStd_alloc__E)
                  00001a3c    00000004     empty_pem4f.oem4f (.text:ti_sysbios_knl_Clock_TimerProxy_getMaxTicks__E)
                  00001a40    00000140     sysbios.aem4f : BIOS.obj (.text:ti_sysbios_knl_Semaphore_post__E)
                  00001b80    0000013c                   : BIOS.obj (.text:ti_sysbios_knl_Clock_workFunc__E)
                  00001cbc    00000004     empty_pem4f.oem4f (.text:ti_sysbios_knl_Clock_TimerProxy_getPeriod__E)
                  00001cc0    00000134     sysbios.aem4f : BIOS.obj (.text:ti_sysbios_utils_Load_logLoads__I)
                  00001df4    00000130     driverlib.lib : gpio.obj (.text:GPIOPadConfigSet)
                  00001f24    00000130     empty_pem4f.oem4f (.text:ti_uia_loggers_LoggerStopMode_writeMemoryRange__E)
                  00002054    00000120     ti.targets.arm.rtsarm.aem4f : Error.oem4f (.text:xdc_runtime_Error_policyDefault__E)
                  00002174    00000004     empty_pem4f.oem4f (.text:ti_sysbios_knl_Queue_destruct)
                  00002178    0000011c     sysbios.aem4f : BIOS.obj (.text:ti_sysbios_knl_Swi_run__I)
                  00002294    00000118     driverlib.lib : sysctl.obj (.text:SysCtlClockGet)
                  000023ac    00000118     empty_pem4f.oem4f (.text:ti_uia_loggers_LoggerStopMode_write8__E)
                  000024c4    00000004     empty_pem4f.oem4f (.text:ti_sysbios_knl_Semaphore_destruct)
                  000024c8    00000110     sysbios.aem4f : BIOS.obj (.text:ti_sysbios_knl_Task_schedule__I)
                  000025d8    00000110                   : BIOS.obj (.text:ti_sysbios_utils_Load_updateThreadContexts__E)
                  000026e8    00000104     Boot.aem4f : Boot_sysctl.oem4f (.text:ti_catalog_arm_cortexm4_tiva_ce_Boot_sysCtlClockSetI__I)
                  000027ec    00000004     ti.uia.loggers.aem4f : LoggerStopMode.oem4f (.text:ti_uia_loggers_LoggerStopMode_getContents__E)
                  000027f0    00000104     sysbios.aem4f : BIOS.obj (.text:ti_sysbios_knl_Task_postInit__I)
                  000028f4    00000104     ti.targets.arm.rtsarm.aem4f : Core-mem.oem4f (.text:xdc_runtime_Core_createObject__I)
                  000029f8    00000100     empty_pem4f.oem4f (.text:ti_uia_loggers_LoggerStopMode_write4__E)
                  00002af8    000000fc     sysbios.aem4f : BIOS.obj (.text:ti_sysbios_knl_Task_startCore__E)
                  00002bf4    000000fc     ti.targets.arm.rtsarm.aem4f : Startup.oem4f (.text:xdc_runtime_Startup_startMods__I)
                  00002cf0    000000f8     empty_pem4f.oem4f (.text:xdc_runtime_System_printfExtend__I)
                  00002de8    000000f4     sysbios.aem4f : m3_Hwi_asm.obj (.text:ti_sysbios_family_arm_m3_Hwi_dispatch__I)
                  00002edc    000000f4     empty_pem4f.oem4f (.text:ti_uia_loggers_LoggerStopMode_write1__E)
                  00002fd0    000000f4     empty_pem4f.oem4f (.text:ti_uia_loggers_LoggerStopMode_write2__E)
                  000030c4    000000f0     driverlib.lib : sysctl.obj (.text:SysCtlClockSet)
                  000031b4    00000004     empty_pem4f.oem4f (.text:ti_uia_loggers_LoggerStopMode_getFilterLevel__E)
                  000031b8    000000f0     sysbios.aem4f : BIOS.obj (.text:ti_sysbios_knl_Task_exit__E)
                  000032a8    000000e4     empty_pem4f.oem4f (.text:ti_uia_loggers_LoggerStopMode_write0__E)
                  0000338c    000000e0     main.obj (.text:ledToggle)
                  0000346c    000000cc     ti.targets.arm.rtsarm.aem4f : Core-smem.oem4f (.text:xdc_runtime_Core_constructObject__I)
                  00003538    000000cc                                 : HeapStd.oem4f (.text:xdc_runtime_HeapStd_Instance_init__E)
                  00003604    00000004     ti.uia.loggers.aem4f : LoggerStopMode.oem4f (.text:ti_uia_loggers_LoggerStopMode_getInstanceId__E)
                  00003608    000000c8     sysbios.aem4f : BIOS.obj (.text:ti_sysbios_family_arm_lm4_TimestampProvider_get32__E)
                  000036d0    000000c4                   : BIOS.obj (.text:ti_sysbios_family_arm_m3_Hwi_Module_startup__E)
                  00003794    00000004     ti.uia.loggers.aem4f : LoggerStopMode.oem4f (.text:ti_uia_loggers_LoggerStopMode_getMaxLength__E)
                  00003798    000000bc     sysbios.aem4f : BIOS.obj (.text:ti_sysbios_family_arm_m3_Hwi_excDebugMon__I)
                  00003854    00000004     ti.uia.loggers.aem4f : LoggerStopMode.oem4f (.text:ti_uia_loggers_LoggerStopMode_getPriority__E)
                  00003858    000000bc     sysbios.aem4f : BIOS.obj (.text:ti_sysbios_family_arm_m3_Hwi_excHardFault__I)
                  00003914    00000004     ti.uia.loggers.aem4f : LoggerStopMode.oem4f (.text:ti_uia_loggers_LoggerStopMode_getTransferType__E)
                  00003918    000000b8     sysbios.aem4f : BIOS.obj (.text:ti_sysbios_knl_Task_unblockI__E)
                  000039d0    000000b4                   : BIOS.obj (.text:ti_sysbios_gates_GateMutex_enter__E)
                  00003a84    00000004     ti.targets.arm.rtsarm.aem4f : Error.oem4f (.text:xdc_runtime_Error_getSite__E)
                  00003a88    000000b4     sysbios.aem4f : BIOS.obj (.text:ti_sysbios_knl_Task_checkStacks__E)
                  00003b3c    00000004     ti.targets.arm.rtsarm.aem4f : HeapStd.oem4f (.text:xdc_runtime_HeapStd_isBlocking__E)
                  00003b40    000000b0     sysbios.aem4f : BIOS.obj (.text:ti_sysbios_utils_Load_idleFxn__E)
                  00003bf0    000000b0                   : BIOS.obj (.text:ti_sysbios_utils_Load_updateLoads__E)
                  00003ca0    000000ac                   : BIOS.obj (.text:ti_sysbios_family_arm_lm4_Timer_enableTiva__I)
                  00003d4c    00000004     empty_pem4f.oem4f (.text:xdc_runtime_System_Module_GateProxy_enter__E)
                  00003d50    000000ac     sysbios.aem4f : BIOS.obj (.text:ti_sysbios_knl_Swi_post__E)
                  00003dfc    00000004     empty_pem4f.oem4f (.text:xdc_runtime_System_Module_GateProxy_leave__E)
                  00003e00    000000a8     sysbios.aem4f : BIOS.obj (.text:ti_sysbios_family_arm_lm4_Timer_enableTimers__I)
                  00003ea8    000000a8                   : BIOS.obj (.text:ti_sysbios_knl_Task_blockI__E)
                  00003f50    000000a4     ti.targets.arm.rtsarm.aem4f : HeapStd.oem4f (.text:xdc_runtime_HeapStd_free__E)
                  00003ff4    000000a0     auto_init.aem4f : auto_init.oem4f (.text)
                  00004094    0000009c     rtsv7M4_T_le_v4SPD16_eabi.lib : memcpy_t2.obj (.text)
                  00004130    0000009c     sysbios.aem4f : BIOS.obj (.text:ti_sysbios_knl_Semaphore_Instance_init__E)
                  000041cc    0000009a     ti.targets.arm.rtsarm.aem4f : Text.oem4f (.text:xdc_runtime_Text_putSite__E)
                  00004266    00000002     empty_pem4f.oem4f (.text:free)
                  00004268    00000098     sysbios.aem4f : BIOS.obj (.text:ti_sysbios_knl_Mailbox_post__E)
                  00004300    00000094     Boot.aem4f : Boot.oem4f (.text:ti_catalog_arm_cortexm4_tiva_ce_Boot_sysCtlClockSet__E)
                  00004394    00000004     ti.targets.arm.rtsarm.aem4f : System.oem4f (.text:xdc_runtime_System_aprintf_va__F)
                  00004398    00000094     sysbios.aem4f : BIOS.obj (.text:ti_sysbios_family_arm_m3_Hwi_initNVIC__E)
                  0000442c    00000004     ti.targets.arm.rtsarm.aem4f : System.oem4f (.text:xdc_runtime_System_printf_va__F)
                  00004430    00000094     sysbios.aem4f : BIOS.obj (.text:ti_sysbios_knl_Mailbox_Module_startup__E)
                  000044c4    00000094     ti.targets.arm.rtsarm.aem4f : Text.oem4f (.text:xdc_runtime_Text_putMod__E)
                  00004558    00000090     sysbios.aem4f : BIOS.obj (.text:ti_sysbios_knl_Task_Module_startup__E)
                  000045e8    00000090     ti.uia.loggers.aem4f : LoggerStopMode.oem4f (.text:ti_uia_loggers_LoggerStopMode_initQueueDescriptor__E)
                  00004678    0000008c     sysbios.aem4f : m3_TaskSupport_asm.obj (.text:ti_sysbios_family_arm_m3_TaskSupport_buildTaskStack)
                  00004704    00000002     rtsv7M4_T_le_v4SPD16_eabi.lib : i_div0.obj (.text)
                  00004706    00000002     empty_pem4f.oem4f (.text:ti_sysbios_BIOS_nullFunc__I)
                  00004708    0000008c     sysbios.aem4f : BIOS.obj (.text:ti_sysbios_knl_Mailbox_pend__E)
                  00004794    00000002     empty_pem4f.oem4f (.text:ti_uia_loggers_LoggerStopMode_setFilterLevel__E)
                  00004796    00000002     ti.uia.loggers.aem4f : LoggerStopMode.oem4f (.text:ti_uia_loggers_LoggerStopMode_setPriority__E)
                  00004798    00000080     sysbios.aem4f : BIOS.obj (.text:ti_sysbios_utils_Load_updateCurrentThreadTime__E)
                  00004818    0000007a     rtsv7M4_T_le_v4SPD16_eabi.lib : memset_t2.obj (.text)
                  00004892    00000002     empty_pem4f.oem4f (.text:xdc_runtime_Startup_reset__I)
                  00004894    00000070     ti.uia.runtime.aem4f : QueueDescriptor.oem4f (.text:ti_uia_runtime_QueueDescriptor_addToList__E)
                  00004904    00000070     ti.targets.arm.rtsarm.aem4f : Memory.oem4f (.text:xdc_runtime_Memory_alloc__E)
                  00004974    00000004     --HOLE-- [fill = 0]
                  00004978    0000006c     sysbios.aem4f : BIOS.obj (.text:ti_sysbios_utils_Load_taskCreateHook__E)
                  000049e4    0000006c     ti.targets.arm.rtsarm.aem4f : Error.oem4f (.text:xdc_runtime_Error_print__E)
                  00004a50    0000006a     ti.uia.loggers.aem4f : LoggerStopMode.oem4f (.text:ti_uia_loggers_LoggerStopMode_flush__E)
                  00004aba    00000068     rtsv7M4_T_le_v4SPD16_eabi.lib : copy_decompress_lzss.obj (.text:decompress:lzss)
                  00004b22    00000002     --HOLE-- [fill = 0]
                  00004b24    00000068     main.obj (.text:hardware_init)
                  00004b8c    00000068     rtsv7M4_T_le_v4SPD16_eabi.lib : trgmsg.obj (.text)
                  00004bf4    00000004     --HOLE-- [fill = 0]
                  00004bf8    00000068     sysbios.aem4f : BIOS.obj (.text:ti_sysbios_utils_Load_addTask__E)
                  00004c60    00000066     ti.targets.arm.rtsarm.aem4f : Core-mem.oem4f (.text:xdc_runtime_Core_deleteObject__I)
                  00004cc6    00000002     --HOLE-- [fill = 0]
                  00004cc8    00000064     sysbios.aem4f : BIOS.obj (.text:ti_sysbios_family_arm_lm4_Timer_Module_startup__E)
                  00004d2c    00000060     driverlib.lib : timer.obj (.text:TimerConfigure)
                  00004d8c    00000004     --HOLE-- [fill = 0]
                  00004d90    00000060     sysbios.aem4f : BIOS.obj (.text:ti_sysbios_family_arm_lm4_Timer_isrStub__E)
                  00004df0    00000060                   : BIOS.obj (.text:ti_sysbios_knl_Clock_logTick__E)
                  00004e50    00000060                   : BIOS.obj (.text:ti_sysbios_utils_Load_logCPULoad__I)
                  00004eb0    00000060     ti.targets.arm.rtsarm.aem4f : System.oem4f (.text:xdc_runtime_System_formatNum__I)
                  00004f10    0000005c     sysbios.aem4f : BIOS.obj (.text:ti_sysbios_knl_Swi_restoreHwi__E)
                  00004f6c    00000004     --HOLE-- [fill = 0]
                  00004f70    0000005c                   : BIOS.obj (.text:ti_sysbios_knl_Swi_schedule__I)
                  00004fcc    0000005b     ti.targets.arm.rtsarm.aem4f : Text.oem4f (.text:xdc_runtime_Text_putLab__E)
                  00005027    00000001     --HOLE-- [fill = 0]
                  00005028    00000058     boot.aem4f : boot.oem4f (.text)
                  00005080    00000058     sysbios.aem4f : m3_Hwi_asm_switch.obj (.text:ti_sysbios_family_arm_m3_Hwi_initStacks__E)
                  000050d8    00000058     empty_pem4f.oem4f (.text:xdc_runtime_HeapStd_Object__create__S)
                  00005130    00000054     rtsv7M4_T_le_v4SPD16_eabi.lib : exit.obj (.text)
                  00005184    00000004     --HOLE-- [fill = 0]
                  00005188    00000054     sysbios.aem4f : BIOS.obj (.text:ti_sysbios_utils_Load_taskSwitchHook__E)
                  000051dc    00000050     ti.targets.arm.rtsarm.aem4f : Startup.oem4f (.text:xdc_runtime_Startup_exec__E)
                  0000522c    00000050                                 : Text.oem4f (.text:xdc_runtime_Text_visitRope2__I)
                  0000527c    0000004c     rtsv7M4_T_le_v4SPD16_eabi.lib : cpy_tbl.obj (.text)
                  000052c8    0000004c     sysbios.aem4f : BIOS.obj (.text:ti_sysbios_knl_Swi_runLoop__I)
                  00005314    00000004     --HOLE-- [fill = 0]
                  00005318    0000004c                   : BIOS.obj (.text:ti_sysbios_knl_Task_allBlockedFunction__I)
                  00005364    0000004c     ti.uia.loggers.aem4f : LoggerStopMode.oem4f (.text:ti_uia_loggers_LoggerStopMode_Module_startup__E)
                  000053b0    00000048     sysbios.aem4f : BIOS.obj (.text:ti_sysbios_family_arm_m3_Hwi_disableInterrupt__E)
                  000053f8    00000048                   : BIOS.obj (.text:ti_sysbios_family_arm_m3_Hwi_enableInterrupt__E)
                  00005440    00000048                   : BIOS.obj (.text:ti_sysbios_family_arm_m3_Hwi_excReserved__I)
                  00005488    00000048                   : BIOS.obj (.text:ti_sysbios_utils_Load_taskDeleteHook__E)
                  000054d0    00000048     ti.uia.loggers.aem4f : LoggerStopMode.oem4f (.text:ti_uia_loggers_LoggerStopMode_initBuffer__I)
                  00005518    00000048     ti.targets.arm.rtsarm.aem4f : Assert.oem4f (.text:xdc_runtime_Assert_raise__I)
                  00005560    00000046                                 : Core-params.oem4f (.text:xdc_runtime_Core_assignParams__I)
                  000055a6    00000002     --HOLE-- [fill = 0]
                  000055a8    00000044     sysbios.aem4f : BIOS.obj (.text:ti_sysbios_family_arm_lm4_Timer_stop__E)
                  000055ec    00000004     --HOLE-- [fill = 0]
                  000055f0    00000044                   : BIOS.obj (.text:ti_sysbios_family_arm_m3_Hwi_getStackInfo__E)
                  00005634    00000004     --HOLE-- [fill = 0]
                  00005638    00000044                   : BIOS.obj (.text:ti_sysbios_utils_Load_removeTask__E)
                  0000567c    00000044     ti.targets.arm.rtsarm.aem4f : Error.oem4f (.text:xdc_runtime_Error_setX__E)
                  000056c0    00000044                                 : SysMin.oem4f (.text:xdc_runtime_SysMin_flush__E)
                  00005704    00000040     rtsv7M4_T_le_v4SPD16_eabi.lib : u_divt2.obj (.text)
                  00005744    00000004     --HOLE-- [fill = 0]
                  00005748    00000040     sysbios.aem4f : BIOS.obj (.text:ti_sysbios_family_arm_lm4_Timer_startup__E)
                  00005788    0000003c                   : BIOS.obj (.text:ti_sysbios_family_arm_m3_Hwi_excSvCall__I)
                  000057c4    00000004     --HOLE-- [fill = 0]
                  000057c8    0000003c                   : BIOS.obj (.text:ti_sysbios_family_arm_m3_TaskSupport_start__E)
                  00005804    00000004     --HOLE-- [fill = 0]
                  00005808    0000003c                   : BIOS.obj (.text:ti_sysbios_heaps_HeapMem_init__I)
                  00005844    00000004     --HOLE-- [fill = 0]
                  00005848    0000003c                   : BIOS.obj (.text:ti_sysbios_knl_Swi_startup__E)
                  00005884    0000003c     ti.targets.arm.rtsarm.aem4f : Text.oem4f (.text:xdc_runtime_Text_xprintf__I)
                  000058c0    00000038     sysbios.aem4f : BIOS.obj (.text:ti_sysbios_family_arm_m3_Hwi_excNoIsr__I)
                  000058f8    00000038     ti.targets.arm.rtsarm.aem4f : SysMin.oem4f (.text:xdc_runtime_SysMin_putch__E)
                  00005930    00000038                                 : System.oem4f (.text:xdc_runtime_System_atexit__E)
                  00005968    00000034     driverlib.lib : sysctl.obj (.text:SysCtlPeripheralEnable)
                  0000599c    00000034     main.obj (.text:mailbox_queue)
                  000059d0    00000034     sysbios.aem4f : BIOS.obj (.text:ti_sysbios_family_arm_m3_Hwi_excNmi__I)
                  00005a04    00000004     --HOLE-- [fill = 0]
                  00005a08    00000034                   : BIOS.obj (.text:ti_sysbios_hal_Hwi_checkStack)
                  00005a3c    00000034     ti.uia.loggers.aem4f : LoggerStopMode.oem4f (.text:ti_uia_loggers_LoggerStopMode_reset__E)
                  00005a70    00000034     ti.targets.arm.rtsarm.aem4f : Core-label.oem4f (.text:xdc_runtime_Core_assignLabel__I)
                  00005aa4    00000033                                 : Text.oem4f (.text:xdc_runtime_Text_printVisFxn__I)
                  00005ad7    00000001     --HOLE-- [fill = 0]
                  00005ad8    00000032     sysbios.aem4f : BIOS.obj (.text:ti_sysbios_hal_Hwi_initStack)
                  00005b0a    00000006     driverlib.lib : gpio.obj (.text:GPIOPinWrite)
                  00005b10    00000032     sysbios.aem4f : BIOS.obj (.text:ti_sysbios_knl_Semaphore_pendTimeout__I)
                  00005b42    00000002     --HOLE-- [fill = 0]
                  00005b44    00000030     empty_pem4f.oem4f (.text:ti_sysbios_BIOS_atExitFunc__I)
                  00005b74    00000030     empty_pem4f.oem4f (.text:ti_sysbios_gates_GateHwi_Object__create__S)
                  00005ba4    00000030     empty_pem4f.oem4f (.text:ti_sysbios_gates_GateMutex_Object__create__S)
                  00005bd4    00000030     empty_pem4f.oem4f (.text:ti_sysbios_knl_Semaphore_construct)
                  00005c04    00000030     empty_pem4f.oem4f (.text:ti_uia_loggers_LoggerStopMode_Object__create__S)
                  00005c34    00000030     ti.targets.arm.rtsarm.aem4f : SysMin.oem4f (.text:xdc_runtime_SysMin_abort__E)
                  00005c64    00000030                                 : System.oem4f (.text:xdc_runtime_System_processAtExit__E)
                  00005c94    0000002c     empty_pem4f.oem4f (.text:ti_sysbios_knl_Clock_doTick__I)
                  00005cc0    0000002c     empty_pem4f.oem4f (.text:ti_sysbios_knl_Queue_construct)
                  00005cec    00000004     --HOLE-- [fill = 0]
                  00005cf0    0000002c     sysbios.aem4f : BIOS.obj (.text:ti_sysbios_knl_Task_restore__E)
                  00005d1c    0000002c     ti.targets.arm.rtsarm.aem4f : Text.oem4f (.text:xdc_runtime_Text_cordText__E)
                  00005d48    0000002a     driverlib.lib : gpio.obj (.text:GPIODirModeSet)
                  00005d72    0000002a     ti.targets.arm.rtsarm.aem4f : System.oem4f (.text:xdc_runtime_System_putchar__I)
                  00005d9c    00000004     --HOLE-- [fill = 0]
                  00005da0    00000028     sysbios.aem4f : BIOS.obj (.text:ti_sysbios_knl_Swi_Module_startup__E)
                  00005dc8    00000026                   : m3_Hwi_asm.obj (.text:ti_sysbios_family_arm_m3_Hwi_pendSV__I)
                  00005dee    00000026     ti.targets.arm.rtsarm.aem4f : System.oem4f (.text:xdc_runtime_System_avprintf__E)
                  00005e14    00000024     empty_pem4f.oem4f (.text:ti_sysbios_BIOS_errorRaiseHook__I)
                  00005e38    00000024     empty_pem4f.oem4f (.text:ti_sysbios_BIOS_registerRTSLock__I)
                  00005e5c    00000024     empty_pem4f.oem4f (.text:ti_sysbios_BIOS_removeRTSLock__I)
                  00005e80    00000024     empty_pem4f.oem4f (.text:ti_sysbios_BIOS_startFunc__I)
                  00005ea4    00000004     --HOLE-- [fill = 0]
                  00005ea8    00000024     sysbios.aem4f : BIOS.obj (.text:ti_sysbios_family_arm_m3_Hwi_doTaskRestore__I)
                  00005ecc    00000024     empty_pem4f.oem4f (.text:ti_sysbios_gates_GateMutex_Object__delete__S)
                  00005ef0    00000024     sysbios.aem4f : BIOS.obj (.text:ti_sysbios_knl_Clock_Module_startup__E)
                  00005f14    00000024     ti.targets.arm.rtsarm.aem4f : System.oem4f (.text:xdc_runtime_System_vprintf__E)
                  00005f38    00000022     empty_pem4f.oem4f (.text:xdc_runtime_SysMin_output__I)
                  00005f5a    00000002     --HOLE-- [fill = 0]
                  00005f5c    00000020     empty_pem4f.oem4f (.text:ti_sysbios_BIOS_rtsLock__I)
                  00005f7c    00000020     sysbios.aem4f : m3_Hwi_asm.obj (.text:ti_sysbios_family_arm_m3_Hwi_excHandlerAsm__I)
                  00005f9c    00000004     --HOLE-- [fill = 0]
                  00005fa0    00000020                   : BIOS.obj (.text:ti_sysbios_family_arm_m3_Hwi_excHandler__I)
                  00005fc0    00000020     empty_pem4f.oem4f (.text:ti_sysbios_gates_GateHwi_Object__delete__S)
                  00005fe0    00000020     sysbios.aem4f : BIOS.obj (.text:ti_sysbios_knl_Idle_run__E)
                  00006000    00000020     empty_pem4f.oem4f (.text:ti_sysbios_knl_Semaphore_Object__destruct__S)
                  00006020    00000020     empty_pem4f.oem4f (.text:ti_uia_loggers_LoggerStopMode_Object__delete__S)
                  00006040    00000020     ti.targets.arm.rtsarm.aem4f : Registry.oem4f (.text:xdc_runtime_Registry_findById__E)
                  00006060    00000020                                 : SysMin.oem4f (.text:xdc_runtime_SysMin_Module_startup__E)
                  00006080    0000001e     sysbios.aem4f : m3_Hwi_asm_switch.obj (.text:ti_sysbios_family_xxx_Hwi_switchAndRunFunc)
                  0000609e    00000002     --HOLE-- [fill = 0]
                  000060a0    0000001c     main.obj (.text:Timer_ISR)
                  000060bc    00000004     --HOLE-- [fill = 0]
                  000060c0    0000001c     sysbios.aem4f : BIOS.obj (.text:ti_sysbios_gates_GateMutex_Instance_init__E)
                  000060dc    0000001c     empty_pem4f.oem4f (.text:ti_sysbios_knl_Queue_Object__destruct__S)
                  000060f8    0000001c     sysbios.aem4f : BIOS.obj (.text:ti_sysbios_knl_Task_enter__I)
                  00006114    0000001c     ti.targets.arm.rtsarm.aem4f : Error.oem4f (.text:xdc_runtime_Error_raiseX__E)
                  00006130    0000001c     empty_pem4f.oem4f (.text:xdc_runtime_HeapStd_Object__delete__S)
                  0000614c    0000001c     ti.targets.arm.rtsarm.aem4f : Memory.oem4f (.text:xdc_runtime_Memory_valloc__E)
                  00006168    0000001c                                 : SysMin.oem4f (.text:xdc_runtime_SysMin_exit__E)
                  00006184    0000001c                                 : System.oem4f (.text:xdc_runtime_System_abort__E)
                  000061a0    0000001a     empty_pem4f.oem4f (.text:ti_sysbios_family_arm_m3_Hwi_Handle__label__S)
                  000061ba    0000001a     empty_pem4f.oem4f (.text:ti_sysbios_gates_GateHwi_Handle__label__S)
                  000061d4    0000001a     empty_pem4f.oem4f (.text:ti_sysbios_gates_GateMutex_Handle__label__S)
                  000061ee    0000001a     empty_pem4f.oem4f (.text:ti_sysbios_knl_Swi_Handle__label__S)
                  00006208    0000001a     empty_pem4f.oem4f (.text:ti_sysbios_knl_Task_Handle__label__S)
                  00006222    0000001a     empty_pem4f.oem4f (.text:ti_uia_loggers_LoggerStopMode_Handle__label__S)
                  0000623c    0000001a     ti.uia.loggers.aem4f : LoggerStopMode.oem4f (.text:ti_uia_loggers_LoggerStopMode_Instance_init__E)
                  00006256    0000001a     empty_pem4f.oem4f (.text:xdc_runtime_HeapStd_Handle__label__S)
                  00006270    0000001a     empty_pem4f.oem4f (.text:xdc_runtime_System_aprintf__E)
                  0000628a    0000001a     empty_pem4f.oem4f (.text:xdc_runtime_System_printf__E)
                  000062a4    00000018     driverlib.lib : gpio.obj (.text:GPIOPinTypeGPIOOutput)
                  000062bc    00000018     rtsv7M4_T_le_v4SPD16_eabi.lib : args_main.obj (.text)
                  000062d4    00000018     empty_pem4f.oem4f (.text:ti_sysbios_BIOS_rtsUnlock__I)
                  000062ec    00000018     empty_pem4f.oem4f (.text:ti_sysbios_family_arm_lm4_Timer_Module__startupDone__F)
                  00006304    00000018     empty_pem4f.oem4f (.text:ti_sysbios_family_arm_m3_Hwi_Module__startupDone__F)
                  0000631c    00000018     sysbios.aem4f : m3_TaskSupport_asm.obj (.text:ti_sysbios_family_arm_m3_TaskSupport_swap__E)
                  00006334    00000004     --HOLE-- [fill = 0]
                  00006338    00000018                   : BIOS.obj (.text:ti_sysbios_gates_GateMutex_leave__E)
                  00006350    00000018     ti.targets.arm.rtsarm.aem4f : Error.oem4f (.text:xdc_runtime_Error_check__E)
                  00006368    00000018                                 : System.oem4f (.text:xdc_runtime_System_exit__E)
                  00006380    00000018                                 : Text.oem4f (.text:xdc_runtime_Text_ropeText__E)
                  00006398    00000016     empty_pem4f.oem4f (.text:ti_sysbios_BIOS_exitFunc__I)
                  000063ae    00000016     ti.uia.loggers.aem4f : LoggerStopMode.oem4f (.text:ti_uia_loggers_LoggerStopMode_disable__E)
                  000063c4    00000016                          : LoggerStopMode.oem4f (.text:ti_uia_loggers_LoggerStopMode_enable__E)
                  000063da    00000002     --HOLE-- [fill = 0]
                  000063dc    00000014     rtsv7M4_T_le_v4SPD16_eabi.lib : _lock.obj (.text)
                  000063f0    00000014                                   : strcpy.obj (.text)
                  00006404    00000014                                   : strlen.obj (.text)
                  00006418    00000014     empty_pem4f.oem4f (.text:ti_sysbios_family_arm_m3_Hwi_Object__get__S)
                  0000642c    00000004     --HOLE-- [fill = 0]
                  00006430    00000014     sysbios.aem4f : BIOS.obj (.text:ti_sysbios_family_arm_m3_Hwi_switchFromBootStack__E)
                  00006444    00000014     empty_pem4f.oem4f (.text:ti_sysbios_knl_Mailbox_Object__get__S)
                  00006458    00000014     empty_pem4f.oem4f (.text:ti_sysbios_knl_Swi_Object__get__S)
                  0000646c    00000014     empty_pem4f.oem4f (.text:ti_sysbios_knl_Task_Object__get__S)
                  00006480    00000012     driverlib.lib : timer.obj (.text:TimerLoadSet)
                  00006492    00000006                   : sysctl.obj (.text:SysCtlDelay)
                  00006498    00000012     sysbios.aem4f : BIOS.obj (.text:ti_sysbios_hal_Hwi_Module_startup__E)
                  000064aa    00000012     empty_pem4f.oem4f (.text:xdc_runtime_Startup_exec__I)
                  000064bc    00000004     --HOLE-- [fill = 0]
                  000064c0    00000010     sysbios.aem4f : BIOS.obj (.text:ti_sysbios_BIOS_getCpuFreq__E)
                  000064d0    00000010                   : BIOS.obj (.text:ti_sysbios_BIOS_setThreadType__E)
                  000064e0    00000010                   : BIOS.obj (.text:ti_sysbios_BIOS_start__E)
                  000064f0    00000010                   : BIOS.obj (.text:ti_sysbios_family_arm_lm4_TimestampProvider_rolloverFunc__E)
                  00006500    00000010                   : m3_TaskSupport_asm.obj (.text:ti_sysbios_family_arm_m3_TaskSupport_glue)
                  00006510    00000010                   : BIOS.obj (.text:ti_sysbios_gates_GateMutex_Instance_finalize__E)
                  00006520    00000010     empty_pem4f.oem4f (.text:ti_sysbios_heaps_HeapMem_Object__get__S)
                  00006530    00000010     sysbios.aem4f : BIOS.obj (.text:ti_sysbios_knl_Semaphore_Instance_finalize__E)
                  00006540    00000010                   : BIOS.obj (.text:ti_sysbios_knl_Swi_disable__E)
                  00006550    00000010                   : BIOS.obj (.text:ti_sysbios_knl_Task_disable__E)
                  00006560    00000010     empty_pem4f.oem4f (.text:ti_uia_loggers_LoggerStopMode_Object__get__S)
                  00006570    00000010     ti.uia.loggers.aem4f : LoggerStopMode.oem4f (.text:ti_uia_loggers_LoggerStopMode_isEmpty__E)
                  00006580    00000010     ti.targets.arm.rtsarm.aem4f : Gate.oem4f (.text:xdc_runtime_Gate_leaveSystem__E)
                  00006590    00000010                                 : Memory.oem4f (.text:xdc_runtime_Memory_free__E)
                  000065a0    00000010                                 : SysMin.oem4f (.text:xdc_runtime_SysMin_ready__E)
                  000065b0    00000010                                 : System.oem4f (.text:xdc_runtime_System_vsnprintf__E)
                  000065c0    00000010     empty_pem4f.oem4f (.text:xdc_runtime_Text_visitRope__I)
                  000065d0    0000000e     driverlib.lib : timer.obj (.text:TimerEnable)
                  000065de    0000000e     rtsv7M4_T_le_v4SPD16_eabi.lib : copy_decompress_none.obj (.text:decompress:none)
                  000065ec    00000004     --HOLE-- [fill = 0]
                  000065f0    0000000e     sysbios.aem4f : BIOS.obj (.text:ti_sysbios_knl_Idle_loop__E)
                  000065fe    00000002     --HOLE-- [fill = 0]
                  00006600    0000000e                   : BIOS.obj (.text:ti_sysbios_knl_Queue_empty__E)
                  0000660e    0000000e     ti.targets.arm.rtsarm.aem4f : HeapStd.oem4f (.text:xdc_runtime_HeapStd_getStats__E)
                  0000661c    0000000c     empty_pem4f.oem4f (.text:.bootCodeSection:ti_catalog_arm_cortexm4_tiva_ce_Boot_init__I)
                  00006628    0000000c     rtsv7M4_T_le_v4SPD16_eabi.lib : copy_zero_init.obj (.text:decompress:ZI)
                  00006634    0000000c     main.obj (.text:main)
                  00006640    0000000c     sysbios.aem4f : BIOS.obj (.text:ti_sysbios_family_arm_lm4_Timer_getMaxTicks__E)
                  0000664c    00000004     --HOLE-- [fill = 0]
                  00006650    0000000c                   : BIOS.obj (.text:ti_sysbios_family_arm_lm4_TimestampProvider_startTimer__E)
                  0000665c    00000004     --HOLE-- [fill = 0]
                  00006660    0000000c                   : BIOS.obj (.text:ti_sysbios_family_arm_m3_Hwi_disableFxn__E)
                  0000666c    00000004     --HOLE-- [fill = 0]
                  00006670    0000000c                   : BIOS.obj (.text:ti_sysbios_family_arm_m3_TaskSupport_checkStack__E)
                  0000667c    00000004     --HOLE-- [fill = 0]
                  00006680    0000000c                   : BIOS.obj (.text:ti_sysbios_gates_GateHwi_enter__E)
                  0000668c    0000000c     empty_pem4f.oem4f (.text:ti_sysbios_knl_Queue_Object__get__S)
                  00006698    0000000c     sysbios.aem4f : BIOS.obj (.text:ti_sysbios_utils_Load_taskRegHook__E)
                  000066a4    0000000c     ti.targets.arm.rtsarm.aem4f : Error.oem4f (.text:xdc_runtime_Error_init__E)
                  000066b0    0000000c                                 : Gate.oem4f (.text:xdc_runtime_Gate_enterSystem__E)
                  000066bc    0000000c                                 : Memory.oem4f (.text:xdc_runtime_Memory_calloc__E)
                  000066c8    0000000c                                 : Memory.oem4f (.text:xdc_runtime_Memory_getMaxDefaultTypeAlign__E)
                  000066d4    0000000a     empty_pem4f.oem4f (.text:xdc_runtime_IHeap_alloc)
                  000066de    0000000a     empty_pem4f.oem4f (.text:xdc_runtime_IHeap_free)
                  000066e8    00000008     driverlib.lib : timer.obj (.text:TimerIntEnable)
                  000066f0    00000008     sysbios.aem4f : BIOS.obj (.text:ti_sysbios_family_arm_lm4_Timer_masterDisable__I)
                  000066f8    00000008                   : BIOS.obj (.text:ti_sysbios_family_arm_m3_Hwi_doSwiRestore__I)
                  00006700    00000008                   : BIOS.obj (.text:ti_sysbios_family_arm_m3_Hwi_startup__E)
                  00006708    00000006     Boot.aem4f : Boot_sysctl.oem4f (.text:ti_catalog_arm_cortexm4_tiva_ce_Boot_sysCtlDelayI__I)
                  0000670e    00000002     --HOLE-- [fill = 0]
                  00006710    00000006     sysbios.aem4f : BIOS.obj (.text:ti_sysbios_family_arm_lm4_TimestampProvider_Module_startup__E)
                  00006716    00000002     --HOLE-- [fill = 0]
                  00006718    00000006                   : BIOS.obj (.text:ti_sysbios_family_arm_m3_Hwi_restoreFxn__E)
                  0000671e    00000002     --HOLE-- [fill = 0]
                  00006720    00000006                   : BIOS.obj (.text:ti_sysbios_gates_GateHwi_leave__E)
                  00006726    00000002     --HOLE-- [fill = 0]
                  00006728    00000006                   : BIOS.obj (.text:ti_sysbios_knl_Queue_Instance_init__E)
                  0000672e    00000006     ti.targets.arm.rtsarm.aem4f : System.oem4f (.text:xdc_runtime_System_Module_startup__E)
                  00006734    00000004     --HOLE-- [fill = 0]
                  00006738    00000004     sysbios.aem4f : BIOS.obj (.text:ti_sysbios_family_arm_lm4_Timer_getPeriod__E)
                  0000673c    00000004     --HOLE-- [fill = 0]
                  00006740    00000004                   : BIOS.obj (.text:ti_sysbios_gates_GateHwi_query__E)
                  00006744    00000004     --HOLE-- [fill = 0]
                  00006748    00000004                   : BIOS.obj (.text:ti_sysbios_gates_GateMutex_query__E)
                  0000674c    00000004     --HOLE-- [fill = 0]
                  00006750    00000004                   : BIOS.obj (.text:ti_sysbios_knl_Task_startup__E)
                  00006754    00000004     --HOLE-- [fill = 0]
                  00006758    00000002                   : BIOS.obj (.text:ti_sysbios_gates_GateHwi_Instance_init__E)

.const     0    0000675c    00002616     
                  0000675c    00001e86     empty_pem4f.oem4f (.const:xdc_runtime_Text_charTab__A)
                  000085e2    00000108     empty_pem4f.oem4f (.const:xdc_runtime_Text_nodeTab__A)
                  000086ea    00000002     empty_pem4f.oem4f (.const:ti_catalog_arm_cortexm4_tiva_ce_Boot_Module__id__C)
                  000086ec    0000006c     driverlib.lib : sysctl.obj (.const:g_pui32Xtals)
                  00008758    00000060     empty_pem4f.oem4f (.const:ti_uia_loggers_LoggerStopMode_Module__FXNS__C)
                  000087b8    00000048     empty_pem4f.oem4f (.const:.string)
                  00008800    0000002c     empty_pem4f.oem4f (.const:xdc_runtime_Startup_sfxnTab__A)
                  0000882c    00000028     empty_pem4f.oem4f (.const:ti_uia_loggers_LoggerStopMode_Object__PARAMS__C)
                  00008854    00000028     empty_pem4f.oem4f (.const:xdc_runtime_HeapStd_Module__FXNS__C)
                  0000887c    00000024     empty_pem4f.oem4f (.const:ti_sysbios_gates_GateHwi_Module__FXNS__C)
                  000088a0    00000024     empty_pem4f.oem4f (.const:ti_sysbios_gates_GateMutex_Module__FXNS__C)
                  000088c4    00000024     empty_pem4f.oem4f (.const:ti_sysbios_knl_Semaphore_Object__PARAMS__C)
                  000088e8    00000020     empty_pem4f.oem4f (.const:ti_sysbios_gates_GateHwi_Object__DESC__C)
                  00008908    00000020     empty_pem4f.oem4f (.const:ti_sysbios_gates_GateMutex_Object__DESC__C)
                  00008928    00000020     empty_pem4f.oem4f (.const:ti_sysbios_knl_Queue_Object__DESC__C)
                  00008948    00000020     empty_pem4f.oem4f (.const:ti_sysbios_knl_Semaphore_Object__DESC__C)
                  00008968    00000020     empty_pem4f.oem4f (.const:ti_uia_loggers_LoggerStopMode_Object__DESC__C)
                  00008988    00000020     empty_pem4f.oem4f (.const:xdc_runtime_HeapStd_Object__DESC__C)
                  000089a8    0000001c     empty_pem4f.oem4f (.const:xdc_runtime_HeapStd_Object__PARAMS__C)
                  000089c4    00000018     empty_pem4f.oem4f (.const:ti_sysbios_gates_GateHwi_Object__PARAMS__C)
                  000089dc    00000018     empty_pem4f.oem4f (.const:ti_sysbios_gates_GateMutex_Object__PARAMS__C)
                  000089f4    00000018     empty_pem4f.oem4f (.const:ti_sysbios_knl_Queue_Object__PARAMS__C)
                  00008a0c    00000018     empty_pem4f.oem4f (.const:ti_sysbios_knl_Task_hooks__A)
                  00008a24    00000016     empty_pem4f.oem4f (.const:xdc_runtime_Startup_sfxnRts__A)
                  00008a3a    00000002     empty_pem4f.oem4f (.const:ti_sysbios_family_arm_lm4_TimestampProvider_useClockTimer__C)
                  00008a3c    00000014     empty_pem4f.oem4f (.const)
                  00008a50    00000014     empty_pem4f.oem4f (.const:xdc_runtime_Startup_firstFxns__A)
                  00008a64    00000011     ti.targets.arm.rtsarm.aem4f : System.oem4f (.const:.string)
                  00008a75    00000001     empty_pem4f.oem4f (.const:xdc_runtime_Error_policy__C)
                  00008a76    00000002     empty_pem4f.oem4f (.const:ti_sysbios_family_arm_m3_Hwi_Module__id__C)
                  00008a78    00000008     empty_pem4f.oem4f (.const:ti_sysbios_family_arm_m3_Hwi_excHookFuncs__A)
                  00008a80    00000008     empty_pem4f.oem4f (.const:ti_sysbios_knl_Idle_funcList__A)
                  00008a88    00000008     empty_pem4f.oem4f (.const:ti_sysbios_knl_Idle_funcList__C)
                  00008a90    00000008     empty_pem4f.oem4f (.const:ti_sysbios_knl_Task_hooks__C)
                  00008a98    00000008     empty_pem4f.oem4f (.const:xdc_runtime_Startup_firstFxns__C)
                  00008aa0    00000008     empty_pem4f.oem4f (.const:xdc_runtime_Startup_lastFxns__C)
                  00008aa8    00000004     empty_pem4f.oem4f (.const:ti_catalog_arm_cortexm4_tiva_ce_Boot_A_mustUseEnhancedClockMode__C)
                  00008aac    00000004     empty_pem4f.oem4f (.const:ti_catalog_arm_cortexm4_tiva_ce_Boot_Module__diagsEnabled__C)
                  00008ab0    00000004     empty_pem4f.oem4f (.const:ti_catalog_arm_cortexm4_tiva_ce_Boot_Module__diagsIncluded__C)
                  00008ab4    00000004     empty_pem4f.oem4f (.const:ti_catalog_arm_cortexm4_tiva_ce_Boot_Module__diagsMask__C)
                  00008ab8    00000004     empty_pem4f.oem4f (.const:ti_sysbios_family_arm_lm4_Timer_enableFunc__C)
                  00008abc    00000004     empty_pem4f.oem4f (.const:ti_sysbios_family_arm_lm4_Timer_numTimerDevices__C)
                  00008ac0    00000004     empty_pem4f.oem4f (.const:ti_sysbios_family_arm_lm4_Timer_startupNeeded__C)
                  00008ac4    00000004     empty_pem4f.oem4f (.const:ti_sysbios_family_arm_m3_Hwi_E_NMI__C)
                  00008ac8    00000004     empty_pem4f.oem4f (.const:ti_sysbios_family_arm_m3_Hwi_E_busFault__C)
                  00008acc    00000004     empty_pem4f.oem4f (.const:ti_sysbios_family_arm_m3_Hwi_E_debugMon__C)
                  00008ad0    00000004     empty_pem4f.oem4f (.const:ti_sysbios_family_arm_m3_Hwi_E_hardFault__C)
                  00008ad4    00000004     empty_pem4f.oem4f (.const:ti_sysbios_family_arm_m3_Hwi_E_memFault__C)
                  00008ad8    00000004     empty_pem4f.oem4f (.const:ti_sysbios_family_arm_m3_Hwi_E_noIsr__C)
                  00008adc    00000004     empty_pem4f.oem4f (.const:ti_sysbios_family_arm_m3_Hwi_E_reserved__C)
                  00008ae0    00000004     empty_pem4f.oem4f (.const:ti_sysbios_family_arm_m3_Hwi_E_svCall__C)
                  00008ae4    00000004     empty_pem4f.oem4f (.const:ti_sysbios_family_arm_m3_Hwi_E_usageFault__C)
                  00008ae8    00000004     empty_pem4f.oem4f (.const:ti_sysbios_family_arm_m3_Hwi_LD_end__C)
                  00008aec    00000004     empty_pem4f.oem4f (.const:ti_sysbios_family_arm_m3_Hwi_LM_begin__C)
                  00008af0    00000004     empty_pem4f.oem4f (.const:ti_sysbios_family_arm_m3_Hwi_Module__diagsEnabled__C)
                  00008af4    00000004     empty_pem4f.oem4f (.const:ti_sysbios_family_arm_m3_Hwi_Module__diagsIncluded__C)
                  00008af8    00000004     empty_pem4f.oem4f (.const:ti_sysbios_family_arm_m3_Hwi_Module__diagsMask__C)
                  00008afc    00000004     empty_pem4f.oem4f (.const:ti_sysbios_family_arm_m3_Hwi_Module__loggerFxn1__C)
                  00008b00    00000004     empty_pem4f.oem4f (.const:ti_sysbios_family_arm_m3_Hwi_Module__loggerFxn8__C)
                  00008b04    00000004     empty_pem4f.oem4f (.const:ti_sysbios_family_arm_m3_Hwi_Module__loggerObj__C)
                  00008b08    00000004     empty_pem4f.oem4f (.const:ti_sysbios_family_arm_m3_Hwi_NUM_INTERRUPTS__C)
                  00008b0c    00000004     empty_pem4f.oem4f (.const:ti_sysbios_family_arm_m3_Hwi_Object__count__C)
                  00008b10    00000004     empty_pem4f.oem4f (.const:ti_sysbios_family_arm_m3_Hwi_ccr__C)
                  00008b14    00000004     empty_pem4f.oem4f (.const:ti_sysbios_family_arm_m3_Hwi_excHandlerFunc__C)
                  00008b18    00000004     empty_pem4f.oem4f (.const:ti_sysbios_family_arm_m3_Hwi_excHookFuncs__C)
                  00008b1c    00000004     empty_pem4f.oem4f (.const:ti_sysbios_family_arm_m3_Hwi_nullIsrFunc__C)
                  00008b20    00000004     empty_pem4f.oem4f (.const:ti_sysbios_family_arm_m3_Hwi_priGroup__C)
                  00008b24    00000004     empty_pem4f.oem4f (.const:ti_sysbios_gates_GateMutex_A_badContext__C)
                  00008b28    00000004     empty_pem4f.oem4f (.const:ti_sysbios_gates_GateMutex_Instance_State_sem__O)
                  00008b2c    00000004     empty_pem4f.oem4f (.const:ti_sysbios_gates_GateMutex_Module__diagsEnabled__C)
                  00008b30    00000004     empty_pem4f.oem4f (.const:ti_sysbios_gates_GateMutex_Module__diagsIncluded__C)
                  00008b34    00000004     empty_pem4f.oem4f (.const:ti_sysbios_gates_GateMutex_Module__diagsMask__C)
                  00008b38    00000004     empty_pem4f.oem4f (.const:ti_sysbios_hal_Hwi_E_stackOverflow__C)
                  00008b3c    00000004     empty_pem4f.oem4f (.const:ti_sysbios_heaps_HeapMem_Object__count__C)
                  00008b40    00000004     empty_pem4f.oem4f (.const:ti_sysbios_knl_Clock_LM_begin__C)
                  00008b44    00000004     empty_pem4f.oem4f (.const:ti_sysbios_knl_Clock_LM_tick__C)
                  00008b48    00000004     empty_pem4f.oem4f (.const:ti_sysbios_knl_Clock_LW_delayed__C)
                  00008b4c    00000004     empty_pem4f.oem4f (.const:ti_sysbios_knl_Clock_Module_State_clockQ__O)
                  00008b50    00000004     empty_pem4f.oem4f (.const:ti_sysbios_knl_Clock_Module__diagsEnabled__C)
                  00008b54    00000004     empty_pem4f.oem4f (.const:ti_sysbios_knl_Clock_Module__diagsIncluded__C)
                  00008b58    00000004     empty_pem4f.oem4f (.const:ti_sysbios_knl_Clock_Module__diagsMask__C)
                  00008b5c    00000004     empty_pem4f.oem4f (.const:ti_sysbios_knl_Clock_Module__loggerFxn1__C)
                  00008b60    00000004     empty_pem4f.oem4f (.const:ti_sysbios_knl_Clock_Module__loggerFxn2__C)
                  00008b64    00000004     empty_pem4f.oem4f (.const:ti_sysbios_knl_Clock_Module__loggerObj__C)
                  00008b68    00000004     empty_pem4f.oem4f (.const:ti_sysbios_knl_Mailbox_Instance_State_dataQue__O)
                  00008b6c    00000004     empty_pem4f.oem4f (.const:ti_sysbios_knl_Mailbox_Instance_State_dataSem__O)
                  00008b70    00000004     empty_pem4f.oem4f (.const:ti_sysbios_knl_Mailbox_Instance_State_freeQue__O)
                  00008b74    00000004     empty_pem4f.oem4f (.const:ti_sysbios_knl_Mailbox_Instance_State_freeSem__O)
                  00008b78    00000004     empty_pem4f.oem4f (.const:ti_sysbios_knl_Mailbox_Object__count__C)
                  00008b7c    00000004     empty_pem4f.oem4f (.const:ti_sysbios_knl_Semaphore_A_badContext__C)
                  00008b80    00000004     empty_pem4f.oem4f (.const:ti_sysbios_knl_Semaphore_A_noEvents__C)
                  00008b84    00000004     empty_pem4f.oem4f (.const:ti_sysbios_knl_Semaphore_A_overflow__C)
                  00008b88    00000004     empty_pem4f.oem4f (.const:ti_sysbios_knl_Semaphore_A_pendTaskDisabled__C)
                  00008b8c    00000004     empty_pem4f.oem4f (.const:ti_sysbios_knl_Semaphore_Instance_State_pendQ__O)
                  00008b90    00000004     empty_pem4f.oem4f (.const:ti_sysbios_knl_Semaphore_LM_pend__C)
                  00008b94    00000004     empty_pem4f.oem4f (.const:ti_sysbios_knl_Semaphore_LM_post__C)
                  00008b98    00000004     empty_pem4f.oem4f (.const:ti_sysbios_knl_Semaphore_Module__diagsEnabled__C)
                  00008b9c    00000004     empty_pem4f.oem4f (.const:ti_sysbios_knl_Semaphore_Module__diagsIncluded__C)
                  00008ba0    00000004     empty_pem4f.oem4f (.const:ti_sysbios_knl_Semaphore_Module__diagsMask__C)
                  00008ba4    00000004     empty_pem4f.oem4f (.const:ti_sysbios_knl_Semaphore_Module__loggerFxn2__C)
                  00008ba8    00000004     empty_pem4f.oem4f (.const:ti_sysbios_knl_Semaphore_Module__loggerFxn4__C)
                  00008bac    00000004     empty_pem4f.oem4f (.const:ti_sysbios_knl_Semaphore_Module__loggerObj__C)
                  00008bb0    00000004     empty_pem4f.oem4f (.const:ti_sysbios_knl_Swi_LD_end__C)
                  00008bb4    00000004     empty_pem4f.oem4f (.const:ti_sysbios_knl_Swi_LM_begin__C)
                  00008bb8    00000004     empty_pem4f.oem4f (.const:ti_sysbios_knl_Swi_LM_post__C)
                  00008bbc    00000004     empty_pem4f.oem4f (.const:ti_sysbios_knl_Swi_Module__diagsEnabled__C)
                  00008bc0    00000004     empty_pem4f.oem4f (.const:ti_sysbios_knl_Swi_Module__diagsIncluded__C)
                  00008bc4    00000004     empty_pem4f.oem4f (.const:ti_sysbios_knl_Swi_Module__diagsMask__C)
                  00008bc8    00000004     empty_pem4f.oem4f (.const:ti_sysbios_knl_Swi_Module__loggerFxn1__C)
                  00008bcc    00000004     empty_pem4f.oem4f (.const:ti_sysbios_knl_Swi_Module__loggerFxn4__C)
                  00008bd0    00000004     empty_pem4f.oem4f (.const:ti_sysbios_knl_Swi_Module__loggerObj__C)
                  00008bd4    00000004     empty_pem4f.oem4f (.const:ti_sysbios_knl_Swi_Object__count__C)
                  00008bd8    00000004     empty_pem4f.oem4f (.const:ti_sysbios_knl_Task_E_spOutOfBounds__C)
                  00008bdc    00000004     empty_pem4f.oem4f (.const:ti_sysbios_knl_Task_E_stackOverflow__C)
                  00008be0    00000004     empty_pem4f.oem4f (.const:ti_sysbios_knl_Task_LD_block__C)
                  00008be4    00000004     empty_pem4f.oem4f (.const:ti_sysbios_knl_Task_LD_exit__C)
                  00008be8    00000004     empty_pem4f.oem4f (.const:ti_sysbios_knl_Task_LD_ready__C)
                  00008bec    00000004     empty_pem4f.oem4f (.const:ti_sysbios_knl_Task_LM_switch__C)
                  00008bf0    00000004     empty_pem4f.oem4f (.const:ti_sysbios_knl_Task_Module_State_inactiveQ__O)
                  00008bf4    00000004     empty_pem4f.oem4f (.const:ti_sysbios_knl_Task_Module__diagsEnabled__C)
                  00008bf8    00000004     empty_pem4f.oem4f (.const:ti_sysbios_knl_Task_Module__diagsIncluded__C)
                  00008bfc    00000004     empty_pem4f.oem4f (.const:ti_sysbios_knl_Task_Module__diagsMask__C)
                  00008c00    00000004     empty_pem4f.oem4f (.const:ti_sysbios_knl_Task_Module__loggerFxn2__C)
                  00008c04    00000004     empty_pem4f.oem4f (.const:ti_sysbios_knl_Task_Module__loggerFxn4__C)
                  00008c08    00000004     empty_pem4f.oem4f (.const:ti_sysbios_knl_Task_Module__loggerObj__C)
                  00008c0c    00000004     empty_pem4f.oem4f (.const:ti_sysbios_knl_Task_Object__count__C)
                  00008c10    00000004     empty_pem4f.oem4f (.const:ti_sysbios_knl_Task_Object__heap__C)
                  00008c14    00000004     empty_pem4f.oem4f (.const:ti_sysbios_knl_Task_allBlockedFunc__C)
                  00008c18    00000004     empty_pem4f.oem4f (.const:ti_sysbios_knl_Task_numConstructedTasks__C)
                  00008c1c    00000004     empty_pem4f.oem4f (.const:ti_sysbios_utils_Load_LS_cpuLoad__C)
                  00008c20    00000004     empty_pem4f.oem4f (.const:ti_sysbios_utils_Load_LS_hwiLoad__C)
                  00008c24    00000004     empty_pem4f.oem4f (.const:ti_sysbios_utils_Load_LS_taskLoad__C)
                  00008c28    00000004     empty_pem4f.oem4f (.const:ti_sysbios_utils_Load_Module_State_taskList__O)
                  00008c2c    00000004     empty_pem4f.oem4f (.const:ti_sysbios_utils_Load_Module__diagsEnabled__C)
                  00008c30    00000004     empty_pem4f.oem4f (.const:ti_sysbios_utils_Load_Module__diagsIncluded__C)
                  00008c34    00000004     empty_pem4f.oem4f (.const:ti_sysbios_utils_Load_Module__diagsMask__C)
                  00008c38    00000004     empty_pem4f.oem4f (.const:ti_sysbios_utils_Load_Module__loggerFxn1__C)
                  00008c3c    00000004     empty_pem4f.oem4f (.const:ti_sysbios_utils_Load_Module__loggerFxn2__C)
                  00008c40    00000004     empty_pem4f.oem4f (.const:ti_sysbios_utils_Load_Module__loggerFxn4__C)
                  00008c44    00000004     empty_pem4f.oem4f (.const:ti_sysbios_utils_Load_Module__loggerObj__C)
                  00008c48    00000004     empty_pem4f.oem4f (.const:ti_sysbios_utils_Load_postUpdate__C)
                  00008c4c    00000004     empty_pem4f.oem4f (.const:ti_sysbios_utils_Load_windowInMs__C)
                  00008c50    00000004     empty_pem4f.oem4f (.const:ti_uia_loggers_LoggerStopMode_Module__diagsEnabled__C)
                  00008c54    00000004     empty_pem4f.oem4f (.const:ti_uia_loggers_LoggerStopMode_Module__diagsIncluded__C)
                  00008c58    00000004     empty_pem4f.oem4f (.const:ti_uia_loggers_LoggerStopMode_Module__diagsMask__C)
                  00008c5c    00000004     empty_pem4f.oem4f (.const:ti_uia_loggers_LoggerStopMode_Object__count__C)
                  00008c60    00000004     empty_pem4f.oem4f (.const:ti_uia_runtime_ILoggerSnapshot_Interface__BASE__C)
                  00008c64    00000004     empty_pem4f.oem4f (.const:ti_uia_runtime_IUIATransfer_Interface__BASE__C)
                  00008c68    00000004     empty_pem4f.oem4f (.const:xdc_runtime_Assert_E_assertFailed__C)
                  00008c6c    00000004     empty_pem4f.oem4f (.const:xdc_runtime_Core_A_initializedParams__C)
                  00008c70    00000004     empty_pem4f.oem4f (.const:xdc_runtime_Core_Module__diagsEnabled__C)
                  00008c74    00000004     empty_pem4f.oem4f (.const:xdc_runtime_Core_Module__diagsIncluded__C)
                  00008c78    00000004     empty_pem4f.oem4f (.const:xdc_runtime_Core_Module__diagsMask__C)
                  00008c7c    00000004     empty_pem4f.oem4f (.const:xdc_runtime_Error_E_memory__C)
                  00008c80    00000004     empty_pem4f.oem4f (.const:xdc_runtime_Error_Module__diagsEnabled__C)
                  00008c84    00000004     empty_pem4f.oem4f (.const:xdc_runtime_Error_Module__diagsIncluded__C)
                  00008c88    00000004     empty_pem4f.oem4f (.const:xdc_runtime_Error_Module__diagsMask__C)
                  00008c8c    00000004     empty_pem4f.oem4f (.const:xdc_runtime_Error_Module__loggerFxn8__C)
                  00008c90    00000004     empty_pem4f.oem4f (.const:xdc_runtime_Error_Module__loggerObj__C)
                  00008c94    00000004     empty_pem4f.oem4f (.const:xdc_runtime_Error_policyFxn__C)
                  00008c98    00000004     empty_pem4f.oem4f (.const:xdc_runtime_Error_raiseHook__C)
                  00008c9c    00000004     empty_pem4f.oem4f (.const:xdc_runtime_HeapStd_A_align__C)
                  00008ca0    00000004     empty_pem4f.oem4f (.const:xdc_runtime_HeapStd_A_invalidTotalFreeSize__C)
                  00008ca4    00000004     empty_pem4f.oem4f (.const:xdc_runtime_HeapStd_A_zeroSize__C)
                  00008ca8    00000004     empty_pem4f.oem4f (.const:xdc_runtime_HeapStd_E_noRTSMemory__C)
                  00008cac    00000004     empty_pem4f.oem4f (.const:xdc_runtime_HeapStd_Module__diagsEnabled__C)
                  00008cb0    00000004     empty_pem4f.oem4f (.const:xdc_runtime_HeapStd_Module__diagsIncluded__C)
                  00008cb4    00000004     empty_pem4f.oem4f (.const:xdc_runtime_HeapStd_Module__diagsMask__C)
                  00008cb8    00000004     empty_pem4f.oem4f (.const:xdc_runtime_IFilterLogger_Interface__BASE__C)
                  00008cbc    00000004     empty_pem4f.oem4f (.const:xdc_runtime_IGateProvider_Interface__BASE__C)
                  00008cc0    00000004     empty_pem4f.oem4f (.const:xdc_runtime_IHeap_Interface__BASE__C)
                  00008cc4    00000004     empty_pem4f.oem4f (.const:xdc_runtime_ILogger_Interface__BASE__C)
                  00008cc8    00000004     empty_pem4f.oem4f (.const:xdc_runtime_IModule_Interface__BASE__C)
                  00008ccc    00000004     empty_pem4f.oem4f (.const:xdc_runtime_Log_L_error__C)
                  00008cd0    00000004     empty_pem4f.oem4f (.const:xdc_runtime_Log_L_info__C)
                  00008cd4    00000004     empty_pem4f.oem4f (.const:xdc_runtime_Main_Module__diagsEnabled__C)
                  00008cd8    00000004     empty_pem4f.oem4f (.const:xdc_runtime_Main_Module__diagsIncluded__C)
                  00008cdc    00000004     empty_pem4f.oem4f (.const:xdc_runtime_Main_Module__diagsMask__C)
                  00008ce0    00000004     empty_pem4f.oem4f (.const:xdc_runtime_Main_Module__loggerFxn4__C)
                  00008ce4    00000004     empty_pem4f.oem4f (.const:xdc_runtime_Main_Module__loggerObj__C)
                  00008ce8    00000004     empty_pem4f.oem4f (.const:xdc_runtime_Memory_defaultHeapInstance__C)
                  00008cec    00000004     empty_pem4f.oem4f (.const:xdc_runtime_Startup_execImpl__C)
                  00008cf0    00000004     empty_pem4f.oem4f (.const:xdc_runtime_Startup_lastFxns__A)
                  00008cf4    00000004     empty_pem4f.oem4f (.const:xdc_runtime_Startup_maxPasses__C)
                  00008cf8    00000004     empty_pem4f.oem4f (.const:xdc_runtime_Startup_sfxnRts__C)
                  00008cfc    00000004     empty_pem4f.oem4f (.const:xdc_runtime_Startup_sfxnTab__C)
                  00008d00    00000004     empty_pem4f.oem4f (.const:xdc_runtime_SysMin_bufSize__C)
                  00008d04    00000004     empty_pem4f.oem4f (.const:xdc_runtime_SysMin_outputFunc__C)
                  00008d08    00000004     empty_pem4f.oem4f (.const:xdc_runtime_System_Module__gateObj__C)
                  00008d0c    00000004     empty_pem4f.oem4f (.const:xdc_runtime_System_abortFxn__C)
                  00008d10    00000004     empty_pem4f.oem4f (.const:xdc_runtime_System_exitFxn__C)
                  00008d14    00000004     empty_pem4f.oem4f (.const:xdc_runtime_System_extendFxn__C)
                  00008d18    00000004     empty_pem4f.oem4f (.const:xdc_runtime_System_maxAtexitHandlers__C)
                  00008d1c    00000004     empty_pem4f.oem4f (.const:xdc_runtime_Text_charTab__C)
                  00008d20    00000004     empty_pem4f.oem4f (.const:xdc_runtime_Text_nameEmpty__C)
                  00008d24    00000004     empty_pem4f.oem4f (.const:xdc_runtime_Text_nameStatic__C)
                  00008d28    00000004     empty_pem4f.oem4f (.const:xdc_runtime_Text_nameUnknown__C)
                  00008d2c    00000004     empty_pem4f.oem4f (.const:xdc_runtime_Text_nodeTab__C)
                  00008d30    00000004     empty_pem4f.oem4f (.const:xdc_runtime_Text_visitRopeFxn__C)
                  00008d34    00000002     empty_pem4f.oem4f (.const:ti_sysbios_family_arm_m3_Hwi_Module__loggerDefined__C)
                  00008d36    00000002     empty_pem4f.oem4f (.const:ti_sysbios_gates_GateMutex_Module__id__C)
                  00008d38    00000002     empty_pem4f.oem4f (.const:ti_sysbios_hal_Hwi_Module__id__C)
                  00008d3a    00000002     empty_pem4f.oem4f (.const:ti_sysbios_knl_Clock_Module__id__C)
                  00008d3c    00000002     empty_pem4f.oem4f (.const:ti_sysbios_knl_Clock_Module__loggerDefined__C)
                  00008d3e    00000002     empty_pem4f.oem4f (.const:ti_sysbios_knl_Semaphore_Module__id__C)
                  00008d40    00000002     empty_pem4f.oem4f (.const:ti_sysbios_knl_Semaphore_Module__loggerDefined__C)
                  00008d42    00000002     empty_pem4f.oem4f (.const:ti_sysbios_knl_Swi_Module__id__C)
                  00008d44    00000002     empty_pem4f.oem4f (.const:ti_sysbios_knl_Swi_Module__loggerDefined__C)
                  00008d46    00000002     empty_pem4f.oem4f (.const:ti_sysbios_knl_Task_Module__id__C)
                  00008d48    00000002     empty_pem4f.oem4f (.const:ti_sysbios_knl_Task_Module__loggerDefined__C)
                  00008d4a    00000002     empty_pem4f.oem4f (.const:ti_sysbios_knl_Task_initStackFlag__C)
                  00008d4c    00000002     empty_pem4f.oem4f (.const:ti_sysbios_utils_Load_Module__id__C)
                  00008d4e    00000002     empty_pem4f.oem4f (.const:ti_sysbios_utils_Load_Module__loggerDefined__C)
                  00008d50    00000002     empty_pem4f.oem4f (.const:ti_sysbios_utils_Load_autoAddTasks__C)
                  00008d52    00000002     empty_pem4f.oem4f (.const:ti_sysbios_utils_Load_hwiEnabled__C)
                  00008d54    00000002     empty_pem4f.oem4f (.const:ti_sysbios_utils_Load_updateInIdle__C)
                  00008d56    00000002     empty_pem4f.oem4f (.const:ti_uia_loggers_LoggerStopMode_Module__id__C)
                  00008d58    00000002     empty_pem4f.oem4f (.const:ti_uia_loggers_LoggerStopMode_isTimestampEnabled__C)
                  00008d5a    00000002     empty_pem4f.oem4f (.const:xdc_runtime_Core_Module__id__C)
                  00008d5c    00000002     empty_pem4f.oem4f (.const:xdc_runtime_Error_Module__loggerDefined__C)
                  00008d5e    00000002     empty_pem4f.oem4f (.const:xdc_runtime_Error_maxDepth__C)
                  00008d60    00000002     empty_pem4f.oem4f (.const:xdc_runtime_HeapStd_Module__id__C)
                  00008d62    00000002     empty_pem4f.oem4f (.const:xdc_runtime_Main_Module__id__C)
                  00008d64    00000002     empty_pem4f.oem4f (.const:xdc_runtime_Main_Module__loggerDefined__C)
                  00008d66    00000002     empty_pem4f.oem4f (.const:xdc_runtime_Memory_Module__id__C)
                  00008d68    00000002     empty_pem4f.oem4f (.const:xdc_runtime_SysMin_flushAtExit__C)
                  00008d6a    00000002     empty_pem4f.oem4f (.const:xdc_runtime_Text_charCnt__C)
                  00008d6c    00000002     empty_pem4f.oem4f (.const:xdc_runtime_Text_isLoaded__C)
                  00008d6e    00000002     empty_pem4f.oem4f (.const:xdc_runtime_Text_registryModsLastId__C)
                  00008d70    00000002     empty_pem4f.oem4f (.const:xdc_runtime_Text_unnamedModsLastId__C)

.cinit     0    00008d78    00000300     
                  00008d78    000002c6     (.cinit..data.load) [load image, compression = lzss]
                  0000903e    00000002     --HOLE-- [fill = 0]
                  00009040    0000000c     (__TI_handler_table)
                  0000904c    00000004     --HOLE-- [fill = 0]
                  00009050    00000008     (.cinit..bss.load) [load image, compression = zero_init]
                  00009058    00000008     (.cinit..vecs.load) [load image, compression = zero_init]
                  00009060    00000018     (__TI_cinit_table)

.vecs      0    20000000    00000360     UNINITIALIZED
                  20000000    00000360     empty_pem4f.oem4f (.vecs)

.bss       0    20000380    00002c30     UNINITIALIZED
                  20000380    00001800     empty_pem4f.oem4f (.bss:taskStackSection)
                  20001b80    00000400     (.common:ti_uia_loggers_LoggerStopMode_Instance_State_1_packetArray__A)
                  20001f80    00000400     (.common:ti_uia_loggers_LoggerStopMode_Instance_State_2_packetArray__A)
                  20002380    00000400     (.common:xdc_runtime_SysMin_Module_State_0_outbuf__A)
                  20002780    00000360     (.common:ti_sysbios_family_arm_m3_Hwi_dispatchTable)
                  20002ae0    00000020     (.common:ti_sysbios_knl_Mailbox_Instance_State_0_allocBuf__A)
                  20002b00    00000200     (.common:ti_uia_loggers_LoggerStopMode_Instance_State_0_packetArray__A)
                  20002d00    00000120     rtsv7M4_T_le_v4SPD16_eabi.lib : trgmsg.obj (.bss:_CIOBUF_)
                  20002e20    00000008                                   : trgdrv.obj (.bss:parmbuf)
                  20002e28    00000004     (.common:ti_sysbios_knl_Task_Instance_State_0_hookEnv__A)
                  20002e2c    00000004     (.common:ti_sysbios_knl_Task_Instance_State_1_hookEnv__A)
                  20002e30    00000004     (.common:ti_sysbios_knl_Task_Instance_State_2_hookEnv__A)
                  20002e34    0000004c     --HOLE--
                  20002e80    00000030     (.common:ti_uia_loggers_LoggerStopMode_Instance_State_0_hdr__A)
                  20002eb0    00000050     --HOLE--
                  20002f00    00000030     (.common:ti_uia_loggers_LoggerStopMode_Instance_State_1_hdr__A)
                  20002f30    00000050     --HOLE--
                  20002f80    00000030     (.common:ti_uia_loggers_LoggerStopMode_Instance_State_2_hdr__A)

.data      0    20002fb0    00000734     UNINITIALIZED
                  20002fb0    000000f0     empty_pem4f.oem4f (.data:ti_sysbios_knl_Task_Object__table__V)
                  200030a0    0000009c     empty_pem4f.oem4f (.data:ti_uia_loggers_LoggerStopMode_Object__table__V)
                  2000313c    00000098     empty_pem4f.oem4f (.data:ti_sysbios_utils_Load_Module__state__V)
                  200031d4    00000080     empty_pem4f.oem4f (.data:ti_sysbios_family_arm_lm4_Timer_Object__table__V)
                  20003254    00000080     empty_pem4f.oem4f (.data:ti_sysbios_knl_Swi_Module_State_0_readyQ__A)
                  200032d4    00000080     empty_pem4f.oem4f (.data:ti_sysbios_knl_Task_Module_State_0_readyQ__A)
                  20003354    00000054     empty_pem4f.oem4f (.data:ti_sysbios_utils_Load_Module_State_0_taskEnv__A)
                  200033a8    00000050     empty_pem4f.oem4f (.data:ti_sysbios_knl_Mailbox_Object__table__V)
                  200033f8    00000048     empty_pem4f.oem4f (.data:ti_sysbios_family_arm_m3_Hwi_Object__table__V)
                  20003440    00000044     empty_pem4f.oem4f (.data:ti_sysbios_knl_Task_Module__state__V)
                  20003484    00000038     empty_pem4f.oem4f (.data:ti_sysbios_gates_GateMutex_Object__table__V)
                  200034bc    00000034     empty_pem4f.oem4f (.data:ti_sysbios_family_arm_m3_Hwi_Module__state__V)
                  200034f0    00000030     empty_pem4f.oem4f (.data:ti_sysbios_family_arm_lm4_Timer_Module_State_0_device__A)
                  20003520    00000030     empty_pem4f.oem4f (.data:ti_sysbios_knl_Swi_Object__table__V)
                  20003550    0000002c     empty_pem4f.oem4f (.data:ti_sysbios_knl_Clock_Module__state__V)
                  2000357c    00000024     empty_pem4f.oem4f (.data:ti_sysbios_BIOS_Module__state__V)
                  200035a0    00000020     empty_pem4f.oem4f (.data:xdc_runtime_System_Module_State_0_atexitHandlers__A)
                  200035c0    0000001c     empty_pem4f.oem4f (.data:ti_sysbios_knl_Swi_Module__state__V)
                  200035dc    00000018     empty_pem4f.oem4f (.data:ti_sysbios_family_arm_lm4_Timer_Module_State_0_handles__A)
                  200035f4    00000014     empty_pem4f.oem4f (.data:ti_sysbios_knl_Semaphore_Object__table__V)
                  20003608    0000000c     rtsv7M4_T_le_v4SPD16_eabi.lib : exit.obj (.data:$O1$$)
                  20003614    0000000c     empty_pem4f.oem4f (.data:ti_sysbios_family_arm_lm4_Timer_Module__state__V)
                  20003620    0000000c     empty_pem4f.oem4f (.data:ti_sysbios_knl_Task_Module__root__V)
                  2000362c    0000000c     empty_pem4f.oem4f (.data:ti_uia_runtime_QueueDescriptor_Module__state__V)
                  20003638    0000000c     empty_pem4f.oem4f (.data:xdc_runtime_HeapStd_Object__table__V)
                  20003644    0000000c     empty_pem4f.oem4f (.data:xdc_runtime_SysMin_Module__state__V)
                  20003650    00000008     rtsv7M4_T_le_v4SPD16_eabi.lib : _lock.obj (.data:$O1$$)
                  20003658    00000008     ti.uia.runtime.aem4f : QueueDescriptor.oem4f (.data)
                  20003660    00000008     empty_pem4f.oem4f (.data:ti_sysbios_family_arm_lm4_TimestampProvider_Module__state__V)
                  20003668    00000008     empty_pem4f.oem4f (.data:ti_sysbios_gates_GateHwi_Module__root__V)
                  20003670    00000008     empty_pem4f.oem4f (.data:ti_sysbios_gates_GateMutex_Module__root__V)
                  20003678    00000008     empty_pem4f.oem4f (.data:ti_sysbios_hal_Hwi_Object__table__V)
                  20003680    00000008     empty_pem4f.oem4f (.data:ti_sysbios_knl_Queue_Module__root__V)
                  20003688    00000008     empty_pem4f.oem4f (.data:ti_sysbios_knl_Semaphore_Module__root__V)
                  20003690    00000008     empty_pem4f.oem4f (.data:ti_uia_loggers_LoggerStopMode_Module__root__V)
                  20003698    00000008     empty_pem4f.oem4f (.data:xdc_runtime_HeapStd_Module__root__V)
                  200036a0    00000008     empty_pem4f.oem4f (.data:xdc_runtime_Registry_Module__state__V)
                  200036a8    00000008     empty_pem4f.oem4f (.data:xdc_runtime_Startup_Module__state__V)
                  200036b0    00000008     empty_pem4f.oem4f (.data:xdc_runtime_System_Module__state__V)
                  200036b8    00000004     rtsv7M4_T_le_v4SPD16_eabi.lib : stkdepth_vars.obj (.data)
                  200036bc    00000004     empty_pem4f.oem4f (.data:ti_sysbios_family_arm_m3_Hwi_Module_State_0_excContext__A)
                  200036c0    00000004     empty_pem4f.oem4f (.data:ti_sysbios_family_arm_m3_Hwi_Module_State_0_excStack__A)
                  200036c4    00000004     empty_pem4f.oem4f (.data:ti_sysbios_gates_GateHwi_Object__table__V)
                  200036c8    00000004     empty_pem4f.oem4f (.data:ti_sysbios_knl_Task_Module_State_0_idleTask__A)
                  200036cc    00000004     empty_pem4f.oem4f (.data:ti_sysbios_utils_Load_Module_State_0_runningTask__A)
                  200036d0    00000004     empty_pem4f.oem4f (.data:ti_sysbios_utils_Load_Module_State_0_taskStartTime__A)
                  200036d4    00000004     empty_pem4f.oem4f (.data:xdc_runtime_HeapStd_Module__state__V)
                  200036d8    00000004     empty_pem4f.oem4f (.data:xdc_runtime_Memory_Module__state__V)
                  200036dc    00000002     main.obj (.data)
                  200036de    00000002     empty_pem4f.oem4f (.data:ti_sysbios_family_arm_m3_Hwi_Module_State_0_excActive__A)
                  200036e0    00000002     empty_pem4f.oem4f (.data:xdc_runtime_Error_Module__state__V)
                  200036e2    00000002     empty_pem4f.oem4f (.data:xdc_runtime_Main_Module__root__V)

.stack     0    200036e4    00000400     UNINITIALIZED
                  200036e4    00000400     --HOLE--

.bootVecs 
*          0    00000000    00000008     DSECT
                  00000000    00000008     boot.aem4f : boot.oem4f (.bootVecs)

xdc.meta   0    00000000    000000e2     COPY SECTION
                  00000000    000000e2     empty_pem4f.oem4f (xdc.meta)

MODULE SUMMARY

       Module                     code    ro data   rw data
       ------                     ----    -------   -------
    .\
       main.obj                   420     0         2      
    +--+--------------------------+-------+---------+---------+
       Total:                     420     0         2      
                                                           
    D:\TI_RTOS\Workspace\blink_TM4C_MBX_QUEUE\Debug\configPkg\package\cfg\
       empty_pem4f.oem4f          3188    9685      13454  
    +--+--------------------------+-------+---------+---------+
       Total:                     3188    9685      13454  
                                                           
    D:/ti/tirtos_tivac_2_00_01_23/products/TivaWare_C_Series-2.1.0.12573c/driverlib/ccs/Debug/driverlib.lib
       sysctl.obj                 578     108       0      
       gpio.obj                   376     0         0      
       timer.obj                  140     0         0      
    +--+--------------------------+-------+---------+---------+
       Total:                     1094    108       0      
                                                           
    D:\TI_RTOS\Workspace\blink_TM4C_MBX_QUEUE\src\sysbios\sysbios.aem4f
       BIOS.obj                   13272   0         0      
       m3_Hwi_asm.obj             314     0         0      
       m3_TaskSupport_asm.obj     180     0         0      
       m3_Hwi_asm_switch.obj      118     0         0      
    +--+--------------------------+-------+---------+---------+
       Total:                     13884   0         0      
                                                           
    D:\ti\ccsv7\tools\compiler\ti-cgt-arm_16.9.1.LTS\lib\rtsv7M4_T_le_v4SPD16_eabi.lib
       trgdrv.obj                 804     0         8      
       trgmsg.obj                 104     0         288    
       memcpy_t2.obj              156     0         0      
       memset_t2.obj              122     0         0      
       copy_decompress_lzss.obj   104     0         0      
       exit.obj                   84      0         12     
       cpy_tbl.obj                76      0         0      
       u_divt2.obj                64      0         0      
       _lock.obj                  20      0         8      
       args_main.obj              24      0         0      
       strcpy.obj                 20      0         0      
       strlen.obj                 20      0         0      
       copy_decompress_none.obj   14      0         0      
       copy_zero_init.obj         12      0         0      
       stkdepth_vars.obj          0       0         4      
       i_div0.obj                 2       0         0      
    +--+--------------------------+-------+---------+---------+
       Total:                     1626    0         320    
                                                           
    D:\ti\tirtos_tivac_2_00_01_23\products\bios_6_40_01_15\packages\ti\catalog\arm\cortexm4\tiva\ce\lib\Boot.aem4f
       Boot_sysctl.oem4f          266     0         0      
       Boot.oem4f                 148     0         0      
    +--+--------------------------+-------+---------+---------+
       Total:                     414     0         0      
                                                           
    D:\ti\tirtos_tivac_2_00_01_23\products\bios_6_40_01_15\packages\ti\targets\arm\rtsarm\lib\auto_init.aem4f
       auto_init.oem4f            160     0         0      
    +--+--------------------------+-------+---------+---------+
       Total:                     160     0         0      
                                                           
    D:\ti\tirtos_tivac_2_00_01_23\products\bios_6_40_01_15\packages\ti\targets\arm\rtsarm\lib\boot.aem4f
       boot.oem4f                 88      0         0      
    +--+--------------------------+-------+---------+---------+
       Total:                     88      0         0      
                                                           
    D:\ti\tirtos_tivac_2_00_01_23\products\bios_6_40_01_15\packages\ti\targets\arm\rtsarm\lib\ti.targets.arm.rtsarm.aem4f
       System.oem4f               1226    17        0      
       HeapStd.oem4f              710     0         0      
       Text.oem4f                 652     0         0      
       Error.oem4f                532     0         0      
       Core-mem.oem4f             362     0         0      
       Startup.oem4f              332     0         0      
       SysMin.oem4f               248     0         0      
       Core-smem.oem4f            204     0         0      
       Memory.oem4f               180     0         0      
       Assert.oem4f               72      0         0      
       Core-params.oem4f          70      0         0      
       Core-label.oem4f           52      0         0      
       Registry.oem4f             32      0         0      
       Gate.oem4f                 28      0         0      
    +--+--------------------------+-------+---------+---------+
       Total:                     4700    17        0      
                                                           
    D:\ti\tirtos_tivac_2_00_01_23\products\uia_2_00_00_28\packages\ti\uia\loggers\lib\release\ti.uia.loggers.aem4f
       LoggerStopMode.oem4f       558     0         0      
    +--+--------------------------+-------+---------+---------+
       Total:                     558     0         0      
                                                           
    D:\ti\tirtos_tivac_2_00_01_23\products\uia_2_00_00_28\packages\ti\uia\runtime\lib\release\ti.uia.runtime.aem4f
       QueueDescriptor.oem4f      112     0         8      
    +--+--------------------------+-------+---------+---------+
       Total:                     112     0         8      
                                                           
       Stack:                     0       0         1024   
       Linker Generated:          0       762       0      
    +--+--------------------------+-------+---------+---------+
       Grand Total:               26244   10572     14808  


LINKER GENERATED COPY TABLES

__TI_cinit_table @ 00009060 records: 3, size/record: 8, table size: 24
	.data: load addr=00008d78, load size=000002c6 bytes, run addr=20002fb0, run size=00000734 bytes, compression=lzss
	.bss: load addr=00009050, load size=00000008 bytes, run addr=20000380, run size=00002c30 bytes, compression=zero_init
	.vecs: load addr=00009058, load size=00000008 bytes, run addr=20000000, run size=00000360 bytes, compression=zero_init


LINKER GENERATED HANDLER TABLE

__TI_handler_table @ 00009040 records: 3, size/record: 4, table size: 12
	index: 0, handler: __TI_decompress_lzss
	index: 1, handler: __TI_decompress_none
	index: 2, handler: __TI_zero_init


GLOBAL SYMBOLS: SORTED ALPHABETICALLY BY Name 

address   name                                                              
-------   ----                                                              
00005131  C$$EXIT                                                           
00004bbb  C$$IO$$                                                           
00005d49  GPIODirModeSet                                                    
00001df5  GPIOPadConfigSet                                                  
000062a5  GPIOPinTypeGPIOOutput                                             
00005b0b  GPIOPinWrite                                                      
00000a87  HOSTclock                                                         
00000a4f  HOSTclose                                                         
00000a11  HOSTgetenv                                                        
000009b5  HOSTlseek                                                         
00000963  HOSTopen                                                          
00000917  HOSTread                                                          
000008b9  HOSTrename                                                        
0000087f  HOSTtime                                                          
00000831  HOSTtime64                                                        
[...]
00008b10  ti_sysbios_family_arm_m3_Hwi_ccr__C                               
00008b14  ti_sysbios_family_arm_m3_Hwi_excHandlerFunc__C                    
00008b18  ti_sysbios_family_arm_m3_Hwi_excHookFuncs__C                      
00008b1c  ti_sysbios_family_arm_m3_Hwi_nullIsrFunc__C                       
00008b20  ti_sysbios_family_arm_m3_Hwi_priGroup__C                          
00008b24  ti_sysbios_gates_GateMutex_A_badContext__C                        
00008b28  ti_sysbios_gates_GateMutex_Instance_State_sem__O                  
00008b2c  ti_sysbios_gates_GateMutex_Module__diagsEnabled__C                
00008b30  ti_sysbios_gates_GateMutex_Module__diagsIncluded__C               
00008b34  ti_sysbios_gates_GateMutex_Module__diagsMask__C                   
00008b38  ti_sysbios_hal_Hwi_E_stackOverflow__C                             
00008b3c  ti_sysbios_heaps_HeapMem_Object__count__C                         
00008b40  ti_sysbios_knl_Clock_LM_begin__C                                  
00008b44  ti_sysbios_knl_Clock_LM_tick__C                                   
00008b48  ti_sysbios_knl_Clock_LW_delayed__C                                
00008b4c  ti_sysbios_knl_Clock_Module_State_clockQ__O                       
00008b50  ti_sysbios_knl_Clock_Module__diagsEnabled__C                      
00008b54  ti_sysbios_knl_Clock_Module__diagsIncluded__C                     
00008b58  ti_sysbios_knl_Clock_Module__diagsMask__C                         
00008b5c  ti_sysbios_knl_Clock_Module__loggerFxn1__C                        
00008b60  ti_sysbios_knl_Clock_Module__loggerFxn2__C                        
00008b64  ti_sysbios_knl_Clock_Module__loggerObj__C                         
00008b68  ti_sysbios_knl_Mailbox_Instance_State_dataQue__O                  
00008b6c  ti_sysbios_knl_Mailbox_Instance_State_dataSem__O                  
00008b70  ti_sysbios_knl_Mailbox_Instance_State_freeQue__O                  
00008b74  ti_sysbios_knl_Mailbox_Instance_State_freeSem__O                  
00008b78  ti_sysbios_knl_Mailbox_Object__count__C                           
00008b7c  ti_sysbios_knl_Semaphore_A_badContext__C                          
00008b80  ti_sysbios_knl_Semaphore_A_noEvents__C                            
00008b84  ti_sysbios_knl_Semaphore_A_overflow__C                            
00008b88  ti_sysbios_knl_Semaphore_A_pendTaskDisabled__C                    
00008b8c  ti_sysbios_knl_Semaphore_Instance_State_pendQ__O                  
00008b90  ti_sysbios_knl_Semaphore_LM_pend__C                               
00008b94  ti_sysbios_knl_Semaphore_LM_post__C                               
00008b98  ti_sysbios_knl_Semaphore_Module__diagsEnabled__C                  
00008b9c  ti_sysbios_knl_Semaphore_Module__diagsIncluded__C                 
00008ba0  ti_sysbios_knl_Semaphore_Module__diagsMask__C                     
00008ba4  ti_sysbios_knl_Semaphore_Module__loggerFxn2__C                    
00008ba8  ti_sysbios_knl_Semaphore_Module__loggerFxn4__C                    
00008bac  ti_sysbios_knl_Semaphore_Module__loggerObj__C                     
00008bb0  ti_sysbios_knl_Swi_LD_end__C                                      
00008bb4  ti_sysbios_knl_Swi_LM_begin__C                                    
00008bb8  ti_sysbios_knl_Swi_LM_post__C                                     
00008bbc  ti_sysbios_knl_Swi_Module__diagsEnabled__C                        
00008bc0  ti_sysbios_knl_Swi_Module__diagsIncluded__C                       
00008bc4  ti_sysbios_knl_Swi_Module__diagsMask__C                           
00008bc8  ti_sysbios_knl_Swi_Module__loggerFxn1__C                          
00008bcc  ti_sysbios_knl_Swi_Module__loggerFxn4__C                          
00008bd0  ti_sysbios_knl_Swi_Module__loggerObj__C                           
00008bd4  ti_sysbios_knl_Swi_Object__count__C                               
00008bd8  ti_sysbios_knl_Task_E_spOutOfBounds__C                            
00008bdc  ti_sysbios_knl_Task_E_stackOverflow__C                            
00008be0  ti_sysbios_knl_Task_LD_block__C                                   
00008be4  ti_sysbios_knl_Task_LD_exit__C                                    
00008be8  ti_sysbios_knl_Task_LD_ready__C                                   
00008bec  ti_sysbios_knl_Task_LM_switch__C                                  
00008bf0  ti_sysbios_knl_Task_Module_State_inactiveQ__O                     
00008bf4  ti_sysbios_knl_Task_Module__diagsEnabled__C                       
00008bf8  ti_sysbios_knl_Task_Module__diagsIncluded__C                      
00008bfc  ti_sysbios_knl_Task_Module__diagsMask__C                          
00008c00  ti_sysbios_knl_Task_Module__loggerFxn2__C                         
00008c04  ti_sysbios_knl_Task_Module__loggerFxn4__C                         
00008c08  ti_sysbios_knl_Task_Module__loggerObj__C                          
00008c0c  ti_sysbios_knl_Task_Object__count__C                              
00008c10  ti_sysbios_knl_Task_Object__heap__C                               
00008c14  ti_sysbios_knl_Task_allBlockedFunc__C                             
00008c18  ti_sysbios_knl_Task_numConstructedTasks__C                        
00008c1c  ti_sysbios_utils_Load_LS_cpuLoad__C                               
00008c20  ti_sysbios_utils_Load_LS_hwiLoad__C                               
00008c24  ti_sysbios_utils_Load_LS_taskLoad__C                              
00008c28  ti_sysbios_utils_Load_Module_State_taskList__O                    
00008c2c  ti_sysbios_utils_Load_Module__diagsEnabled__C                     
00008c30  ti_sysbios_utils_Load_Module__diagsIncluded__C                    
00008c34  ti_sysbios_utils_Load_Module__diagsMask__C                        
00008c38  ti_sysbios_utils_Load_Module__loggerFxn1__C                       
00008c3c  ti_sysbios_utils_Load_Module__loggerFxn2__C                       
00008c40  ti_sysbios_utils_Load_Module__loggerFxn4__C                       
00008c44  ti_sysbios_utils_Load_Module__loggerObj__C                        
00008c48  ti_sysbios_utils_Load_postUpdate__C                               
00008c4c  ti_sysbios_utils_Load_windowInMs__C                               
00008c50  ti_uia_loggers_LoggerStopMode_Module__diagsEnabled__C             
00008c54  ti_uia_loggers_LoggerStopMode_Module__diagsIncluded__C            
00008c58  ti_uia_loggers_LoggerStopMode_Module__diagsMask__C                
00008c5c  ti_uia_loggers_LoggerStopMode_Object__count__C                    
00008c60  ti_uia_runtime_ILoggerSnapshot_Interface__BASE__C                 
00008c64  ti_uia_runtime_IUIATransfer_Interface__BASE__C                    
00008c68  xdc_runtime_Assert_E_assertFailed__C                              
00008c6c  xdc_runtime_Core_A_initializedParams__C                           
00008c70  xdc_runtime_Core_Module__diagsEnabled__C                          
00008c74  xdc_runtime_Core_Module__diagsIncluded__C                         
00008c78  xdc_runtime_Core_Module__diagsMask__C                             
00008c7c  xdc_runtime_Error_E_memory__C                                     
00008c80  xdc_runtime_Error_Module__diagsEnabled__C                         
00008c84  xdc_runtime_Error_Module__diagsIncluded__C                        
00008c88  xdc_runtime_Error_Module__diagsMask__C                            
00008c8c  xdc_runtime_Error_Module__loggerFxn8__C                           
00008c90  xdc_runtime_Error_Module__loggerObj__C                            
00008c94  xdc_runtime_Error_policyFxn__C                                    
00008c98  xdc_runtime_Error_raiseHook__C                                    
00008c9c  xdc_runtime_HeapStd_A_align__C                                    
00008ca0  xdc_runtime_HeapStd_A_invalidTotalFreeSize__C                     
00008ca4  xdc_runtime_HeapStd_A_zeroSize__C                                 
00008ca8  xdc_runtime_HeapStd_E_noRTSMemory__C                              
00008cac  xdc_runtime_HeapStd_Module__diagsEnabled__C                       
00008cb0  xdc_runtime_HeapStd_Module__diagsIncluded__C                      
00008cb4  xdc_runtime_HeapStd_Module__diagsMask__C                          
00008cb8  xdc_runtime_IFilterLogger_Interface__BASE__C                      
00008cbc  xdc_runtime_IGateProvider_Interface__BASE__C                      
00008cc0  xdc_runtime_IHeap_Interface__BASE__C                              
00008cc4  xdc_runtime_ILogger_Interface__BASE__C                            
00008cc8  xdc_runtime_IModule_Interface__BASE__C                            
00008ccc  xdc_runtime_Log_L_error__C                                        
00008cd0  xdc_runtime_Log_L_info__C                                         
00008cd4  xdc_runtime_Main_Module__diagsEnabled__C                          
00008cd8  xdc_runtime_Main_Module__diagsIncluded__C                         
00008cdc  xdc_runtime_Main_Module__diagsMask__C                             
00008ce0  xdc_runtime_Main_Module__loggerFxn4__C                            
00008ce4  xdc_runtime_Main_Module__loggerObj__C                             
00008ce8  xdc_runtime_Memory_defaultHeapInstance__C                         
00008cec  xdc_runtime_Startup_execImpl__C                                   
00008cf0  xdc_runtime_Startup_lastFxns__A                                   
00008cf4  xdc_runtime_Startup_maxPasses__C                                  
00008cf8  xdc_runtime_Startup_sfxnRts__C                                    
00008cfc  xdc_runtime_Startup_sfxnTab__C                                    
00008d00  xdc_runtime_SysMin_bufSize__C                                     
00008d04  xdc_runtime_SysMin_outputFunc__C                                  
00008d08  xdc_runtime_System_Module__gateObj__C                             
00008d0c  xdc_runtime_System_abortFxn__C                                    
00008d10  xdc_runtime_System_exitFxn__C                                     
00008d14  xdc_runtime_System_extendFxn__C                                   
00008d18  xdc_runtime_System_maxAtexitHandlers__C                           
00008d1c  xdc_runtime_Text_charTab__C                                       
00008d20  xdc_runtime_Text_nameEmpty__C                                     
00008d24  xdc_runtime_Text_nameStatic__C                                    
00008d28  xdc_runtime_Text_nameUnknown__C                                   
00008d2c  xdc_runtime_Text_nodeTab__C                                       
00008d30  xdc_runtime_Text_visitRopeFxn__C                                  
00008d34  ti_sysbios_family_arm_m3_Hwi_Module__loggerDefined__C             
00008d36  ti_sysbios_gates_GateMutex_Module__id__C                          
00008d38  ti_sysbios_hal_Hwi_Module__id__C                                  
00008d3a  ti_sysbios_knl_Clock_Module__id__C                                
00008d3c  ti_sysbios_knl_Clock_Module__loggerDefined__C                     
00008d3e  ti_sysbios_knl_Semaphore_Module__id__C                            
00008d40  ti_sysbios_knl_Semaphore_Module__loggerDefined__C                 
00008d42  ti_sysbios_knl_Swi_Module__id__C                                  
00008d44  ti_sysbios_knl_Swi_Module__loggerDefined__C                       
00008d46  ti_sysbios_knl_Task_Module__id__C                                 
00008d48  ti_sysbios_knl_Task_Module__loggerDefined__C                      
00008d4a  ti_sysbios_knl_Task_initStackFlag__C                              
00008d4c  ti_sysbios_utils_Load_Module__id__C                               
00008d4e  ti_sysbios_utils_Load_Module__loggerDefined__C                    
00008d50  ti_sysbios_utils_Load_autoAddTasks__C                             
00008d52  ti_sysbios_utils_Load_hwiEnabled__C                               
00008d54  ti_sysbios_utils_Load_updateInIdle__C                             
00008d56  ti_uia_loggers_LoggerStopMode_Module__id__C                       
00008d58  ti_uia_loggers_LoggerStopMode_isTimestampEnabled__C               
00008d5a  xdc_runtime_Core_Module__id__C                                    
00008d5c  xdc_runtime_Error_Module__loggerDefined__C                        
00008d5e  xdc_runtime_Error_maxDepth__C                                     
00008d60  xdc_runtime_HeapStd_Module__id__C                                 
00008d62  xdc_runtime_Main_Module__id__C                                    
00008d64  xdc_runtime_Main_Module__loggerDefined__C                         
00008d66  xdc_runtime_Memory_Module__id__C                                  
00008d68  xdc_runtime_SysMin_flushAtExit__C                                 
00008d6a  xdc_runtime_Text_charCnt__C                                       
00008d6c  xdc_runtime_Text_isLoaded__C                                      
00008d6e  xdc_runtime_Text_registryModsLastId__C                            
00008d70  xdc_runtime_Text_unnamedModsLastId__C                             
00008d78  __TI_static_base__                                                
00009040  __TI_Handler_Table_Base                                           
0000904c  __TI_Handler_Table_Limit                                          
00009060  __TI_CINIT_Base                                                   
00009078  __TI_CINIT_Limit                                                  
20000000  ti_sysbios_family_arm_m3_Hwi_ramVectors                           
20000380  ti_sysbios_knl_Task_Instance_State_0_stack__A                     
20000b80  ti_sysbios_knl_Task_Instance_State_1_stack__A                     
20001380  ti_sysbios_knl_Task_Instance_State_2_stack__A                     
20001b80  ti_uia_loggers_LoggerStopMode_Instance_State_1_packetArray__A     
20001f80  ti_uia_loggers_LoggerStopMode_Instance_State_2_packetArray__A     
20002380  xdc_runtime_SysMin_Module_State_0_outbuf__A                       
20002780  ti_sysbios_family_arm_m3_Hwi_dispatchTable                        
20002ae0  ti_sysbios_knl_Mailbox_Instance_State_0_allocBuf__A               
20002b00  ti_uia_loggers_LoggerStopMode_Instance_State_0_packetArray__A     
20002d00  __CIOBUF_                                                         
20002e28  ti_sysbios_knl_Task_Instance_State_0_hookEnv__A                   
20002e2c  ti_sysbios_knl_Task_Instance_State_1_hookEnv__A                   
20002e30  ti_sysbios_knl_Task_Instance_State_2_hookEnv__A                   
20002e80  ti_uia_loggers_LoggerStopMode_Instance_State_0_hdr__A             
20002f00  ti_uia_loggers_LoggerStopMode_Instance_State_1_hdr__A             
20002f80  ti_uia_loggers_LoggerStopMode_Instance_State_2_hdr__A             
20002fb0  ti_sysbios_knl_Task_Object__table__V                              
20003050  TSK_idle                                                          
200030a0  ti_uia_loggers_LoggerStopMode_Object__table__V                    
2000313c  ti_sysbios_utils_Load_Module__state__V                            
200031d4  ti_sysbios_family_arm_lm4_Timer_Object__table__V                  
20003254  ti_sysbios_knl_Swi_Module_State_0_readyQ__A                       
200032d4  ti_sysbios_knl_Task_Module_State_0_readyQ__A                      
20003354  ti_sysbios_utils_Load_Module_State_0_taskEnv__A                   
200033a8  ti_sysbios_knl_Mailbox_Object__table__V                           
200033f8  ti_sysbios_family_arm_m3_Hwi_Object__table__V                     
20003440  ti_sysbios_knl_Task_Module__state__V                              
20003484  ti_sysbios_gates_GateMutex_Object__table__V                       
200034bc  ti_sysbios_family_arm_m3_Hwi_Module__state__V                     
200034f0  ti_sysbios_family_arm_lm4_Timer_Module_State_0_device__A          
20003520  ti_sysbios_knl_Swi_Object__table__V                               
20003550  ti_sysbios_knl_Clock_Module__state__V                             
2000357c  ti_sysbios_BIOS_Module__state__V                                  
200035a0  xdc_runtime_System_Module_State_0_atexitHandlers__A               
200035c0  ti_sysbios_knl_Swi_Module__state__V                               
200035dc  ti_sysbios_family_arm_lm4_Timer_Module_State_0_handles__A         
200035f4  ti_sysbios_knl_Semaphore_Object__table__V                         
20003608  __TI_cleanup_ptr                                                  
2000360c  __TI_dtors_ptr                                                    
20003610  __TI_enable_exit_profile_output                                   
20003614  ti_sysbios_family_arm_lm4_Timer_Module__state__V                  
20003620  ti_sysbios_knl_Task_Module__root__V                               
2000362c  ti_uia_runtime_QueueDescriptor_Module__state__V                   
20003638  xdc_runtime_HeapStd_Object__table__V                              
20003644  xdc_runtime_SysMin_Module__state__V                               
20003650  _lock                                                             
20003654  _unlock                                                           
20003658  ti_uia_runtime_QueueDescriptor_gPtrToFirstDescriptor              
2000365c  ti_uia_runtime_QueueDescriptor_gUpdateCount                       
20003660  ti_sysbios_family_arm_lm4_TimestampProvider_Module__state__V      
20003668  ti_sysbios_gates_GateHwi_Module__root__V                          
20003670  ti_sysbios_gates_GateMutex_Module__root__V                        
20003678  ti_sysbios_hal_Hwi_Object__table__V                               
20003680  ti_sysbios_knl_Queue_Module__root__V                              
20003688  ti_sysbios_knl_Semaphore_Module__root__V                          
20003690  ti_uia_loggers_LoggerStopMode_Module__root__V                     
20003698  xdc_runtime_HeapStd_Module__root__V                               
200036a0  xdc_runtime_Registry_Module__state__V                             
200036a8  xdc_runtime_Startup_Module__state__V                              
200036b0  xdc_runtime_System_Module__state__V                               
200036b8  main_func_sp                                                      
200036bc  ti_sysbios_family_arm_m3_Hwi_Module_State_0_excContext__A         
200036c0  ti_sysbios_family_arm_m3_Hwi_Module_State_0_excStack__A           
200036c4  ti_sysbios_gates_GateHwi_Object__table__V                         
200036c8  ti_sysbios_knl_Task_Module_State_0_idleTask__A                    
200036cc  ti_sysbios_utils_Load_Module_State_0_runningTask__A               
200036d0  ti_sysbios_utils_Load_Module_State_0_taskStartTime__A             
200036d4  xdc_runtime_HeapStd_Module__state__V                              
200036d8  xdc_runtime_Memory_Module__state__V                               
200036dc  i16ToggleCount                                                    
200036de  ti_sysbios_family_arm_m3_Hwi_Module_State_0_excActive__A          
200036e0  xdc_runtime_Error_Module__state__V                                
200036e2  xdc_runtime_Main_Module__root__V                                  
200036e4  __stack                                                           
200037e4  __STACK_TOP                                                       
20003ae4  __STACK_END                                                       
e000e000  ti_sysbios_family_arm_m3_Hwi_nvic                                 
ffffffff  __TI_pprof_out_hndl                                               
ffffffff  __TI_prof_data_size                                               
ffffffff  __TI_prof_data_start                                              
ffffffff  __binit__                                                         
ffffffff  __c_args__                                                        
ffffffff  binit                                                             
UNDEFED   SHT$$INIT_ARRAY$$Base                                             
UNDEFED   SHT$$INIT_ARRAY$$Limit                                            

[692 symbols]
