<?xml version="1.0"?>
<link_info>
   <banner>TI ARM Linker PC v16.9.1.LTS</banner>
   <copyright>Copyright (c) 1996-2015 Texas Instruments Incorporated</copyright>
   <link_time>0x5a46a8a0</link_time>
   <link_errors>0x0</link_errors>
   <output_file>TM4C_TI_RTOS_new.out</output_file>
   <entry_point>
      <name>_c_int00</name>
      <address>0x120d</address>
   </entry_point>
   <input_file_list>
      <input_file id="fl-2">
         <path>.\</path>
         <kind>object</kind>
         <file>EK_TM4C123GXL.obj</file>
         <name>EK_TM4C123GXL.obj</name>
      </input_file>
      <input_file id="fl-3">
         <path>.\</path>
         <kind>object</kind>
         <file>empty_min.obj</file>
         <name>empty_min.obj</name>
      </input_file>
      <input_file id="fl-6">
         <path>D:\TI_RTOS\Workspace\TM4C_TI_RTOS_new\Debug\configPkg\package\cfg\</path>
         <kind>object</kind>
         <file>empty_min_pem4f.oem4f</file>
         <name>empty_min_pem4f.oem4f</name>
      </input_file>
      <input_file id="fl-12">
         <path>D:\ti\tirtos_tivac_2_00_01_23\packages\ti\drivers\lib\nonInstrumented\</path>
         <kind>archive</kind>
         <file>gpio_tivaware.aem4f</file>
         <name>GPIO.oem4f</name>
      </input_file>
      <input_file id="fl-13">
         <path>D:\TI_RTOS\Workspace\TM4C_TI_RTOS_new\src\sysbios\</path>
         <kind>archive</kind>
         <file>sysbios.aem4f</file>
         <name>BIOS.obj</name>
      </input_file>
      <input_file id="fl-14">
         <path>D:\TI_RTOS\Workspace\TM4C_TI_RTOS_new\src\sysbios\</path>
         <kind>archive</kind>
         <file>sysbios.aem4f</file>
         <name>m3_IntrinsicsSupport_asm.obj</name>
      </input_file>
      <input_file id="fl-15">
         <path>D:\TI_RTOS\Workspace\TM4C_TI_RTOS_new\src\sysbios\</path>
         <kind>archive</kind>
         <file>sysbios.aem4f</file>
         <name>m3_TaskSupport_asm.obj</name>
      </input_file>
      <input_file id="fl-16">
         <path>D:\TI_RTOS\Workspace\TM4C_TI_RTOS_new\src\sysbios\</path>
         <kind>archive</kind>
         <file>sysbios.aem4f</file>
         <name>m3_Hwi_asm.obj</name>
      </input_file>
      <input_file id="fl-17">
         <path>D:\TI_RTOS\Workspace\TM4C_TI_RTOS_new\src\sysbios\</path>
         <kind>archive</kind>
         <file>sysbios.aem4f</file>
         <name>m3_Hwi_asm_switch.obj</name>
      </input_file>
      <input_file id="fl-18">
         <path>D:\ti\tirtos_tivac_2_00_01_23\products\bios_6_40_01_15\packages\ti\catalog\arm\cortexm4\tiva\ce\lib\</path>
         <kind>archive</kind>
         <file>Boot.aem4f</file>
         <name>Boot.oem4f</name>
      </input_file>
      <input_file id="fl-19">
         <path>D:\ti\tirtos_tivac_2_00_01_23\products\bios_6_40_01_15\packages\ti\catalog\arm\cortexm4\tiva\ce\lib\</path>
         <kind>archive</kind>
         <file>Boot.aem4f</file>
         <name>Boot_sysctl.oem4f</name>
      </input_file>
      <input_file id="fl-1a">
         <path>D:\ti\tirtos_tivac_2_00_01_23\products\bios_6_40_01_15\packages\ti\targets\arm\rtsarm\lib\</path>
         <kind>archive</kind>
         <file>ti.targets.arm.rtsarm.aem4f</file>
         <name>Assert.oem4f</name>
      </input_file>
      <input_file id="fl-1b">
         <path>D:\ti\tirtos_tivac_2_00_01_23\products\bios_6_40_01_15\packages\ti\targets\arm\rtsarm\lib\</path>
         <kind>archive</kind>
         <file>ti.targets.arm.rtsarm.aem4f</file>
         <name>Core-smem.oem4f</name>
      </input_file>
      <input_file id="fl-1c">
         <path>D:\ti\tirtos_tivac_2_00_01_23\products\bios_6_40_01_15\packages\ti\targets\arm\rtsarm\lib\</path>
         <kind>archive</kind>
         <file>ti.targets.arm.rtsarm.aem4f</file>
         <name>Core-label.oem4f</name>
      </input_file>
      <input_file id="fl-1d">
         <path>D:\ti\tirtos_tivac_2_00_01_23\products\bios_6_40_01_15\packages\ti\targets\arm\rtsarm\lib\</path>
         <kind>archive</kind>
         <file>ti.targets.arm.rtsarm.aem4f</file>
         <name>Core-params.oem4f</name>
      </input_file>
      <input_file id="fl-1e">
         <path>D:\ti\tirtos_tivac_2_00_01_23\products\bios_6_40_01_15\packages\ti\targets\arm\rtsarm\lib\</path>
         <kind>archive</kind>
         <file>ti.targets.arm.rtsarm.aem4f</file>
         <name>Error.oem4f</name>
      </input_file>
      <input_file id="fl-1f">
         <path>D:\ti\tirtos_tivac_2_00_01_23\products\bios_6_40_01_15\packages\ti\targets\arm\rtsarm\lib\</path>
         <kind>archive</kind>
         <file>ti.targets.arm.rtsarm.aem4f</file>
         <name>Gate.oem4f</name>
      </input_file>
      <input_file id="fl-20">
         <path>D:\ti\tirtos_tivac_2_00_01_23\products\bios_6_40_01_15\packages\ti\targets\arm\rtsarm\lib\</path>
         <kind>archive</kind>
         <file>ti.targets.arm.rtsarm.aem4f</file>
         <name>Startup.oem4f</name>
      </input_file>
      <input_file id="fl-21">
         <path>D:\ti\tirtos_tivac_2_00_01_23\products\bios_6_40_01_15\packages\ti\targets\arm\rtsarm\lib\</path>
         <kind>archive</kind>
         <file>ti.targets.arm.rtsarm.aem4f</file>
         <name>System.oem4f</name>
      </input_file>
      <input_file id="fl-22">
         <path>D:\ti\tirtos_tivac_2_00_01_23\products\bios_6_40_01_15\packages\ti\targets\arm\rtsarm\lib\</path>
         <kind>archive</kind>
         <file>ti.targets.arm.rtsarm.aem4f</file>
         <name>SysCallback.oem4f</name>
      </input_file>
      <input_file id="fl-23">
         <path>D:\ti\tirtos_tivac_2_00_01_23\products\bios_6_40_01_15\packages\ti\targets\arm\rtsarm\lib\</path>
         <kind>archive</kind>
         <file>ti.targets.arm.rtsarm.aem4f</file>
         <name>Text.oem4f</name>
      </input_file>
      <input_file id="fl-24">
         <path>D:\ti\tirtos_tivac_2_00_01_23\products\bios_6_40_01_15\packages\ti\targets\arm\rtsarm\lib\</path>
         <kind>archive</kind>
         <file>ti.targets.arm.rtsarm.aem4f</file>
         <name>xdc_noinit.oem4f</name>
      </input_file>
      <input_file id="fl-25">
         <path>D:\ti\tirtos_tivac_2_00_01_23\products\bios_6_40_01_15\packages\ti\targets\arm\rtsarm\lib\</path>
         <kind>archive</kind>
         <file>ti.targets.arm.rtsarm.aem4f</file>
         <name>Registry.oem4f</name>
      </input_file>
      <input_file id="fl-26">
         <path>D:\ti\tirtos_tivac_2_00_01_23\products\bios_6_40_01_15\packages\ti\targets\arm\rtsarm\lib\</path>
         <kind>archive</kind>
         <file>boot.aem4f</file>
         <name>boot.oem4f</name>
      </input_file>
      <input_file id="fl-27">
         <path>D:\ti\tirtos_tivac_2_00_01_23\products\bios_6_40_01_15\packages\ti\targets\arm\rtsarm\lib\</path>
         <kind>archive</kind>
         <file>auto_init.aem4f</file>
         <name>auto_init.oem4f</name>
      </input_file>
      <input_file id="fl-28">
         <path>D:\ti\tirtos_tivac_2_00_01_23\products\TivaWare_C_Series-2.1.0.12573c\driverlib\ccs\Debug\</path>
         <kind>archive</kind>
         <file>driverlib.lib</file>
         <name>udma.obj</name>
      </input_file>
      <input_file id="fl-29">
         <path>D:\ti\tirtos_tivac_2_00_01_23\products\TivaWare_C_Series-2.1.0.12573c\driverlib\ccs\Debug\</path>
         <kind>archive</kind>
         <file>driverlib.lib</file>
         <name>sysctl.obj</name>
      </input_file>
      <input_file id="fl-2a">
         <path>D:\ti\tirtos_tivac_2_00_01_23\products\TivaWare_C_Series-2.1.0.12573c\driverlib\ccs\Debug\</path>
         <kind>archive</kind>
         <file>driverlib.lib</file>
         <name>interrupt.obj</name>
      </input_file>
      <input_file id="fl-2b">
         <path>D:\ti\tirtos_tivac_2_00_01_23\products\TivaWare_C_Series-2.1.0.12573c\driverlib\ccs\Debug\</path>
         <kind>archive</kind>
         <file>driverlib.lib</file>
         <name>gpio.obj</name>
      </input_file>
      <input_file id="fl-2c">
         <path>D:\ti\tirtos_tivac_2_00_01_23\products\TivaWare_C_Series-2.1.0.12573c\driverlib\ccs\Debug\</path>
         <kind>archive</kind>
         <file>driverlib.lib</file>
         <name>cpu.obj</name>
      </input_file>
      <input_file id="fl-e2">
         <path>D:\ti\ccsv7\tools\compiler\ti-cgt-arm_16.9.1.LTS\lib\</path>
         <kind>archive</kind>
         <file>rtsv7M4_T_le_v4SPD16_eabi.lib</file>
         <name>_lock.obj</name>
      </input_file>
      <input_file id="fl-e3">
         <path>D:\ti\ccsv7\tools\compiler\ti-cgt-arm_16.9.1.LTS\lib\</path>
         <kind>archive</kind>
         <file>rtsv7M4_T_le_v4SPD16_eabi.lib</file>
         <name>args_main.obj</name>
      </input_file>
      <input_file id="fl-e4">
         <path>D:\ti\ccsv7\tools\compiler\ti-cgt-arm_16.9.1.LTS\lib\</path>
         <kind>archive</kind>
         <file>rtsv7M4_T_le_v4SPD16_eabi.lib</file>
         <name>copy_decompress_lzss.obj</name>
      </input_file>
      <input_file id="fl-e5">
         <path>D:\ti\ccsv7\tools\compiler\ti-cgt-arm_16.9.1.LTS\lib\</path>
         <kind>archive</kind>
         <file>rtsv7M4_T_le_v4SPD16_eabi.lib</file>
         <name>copy_decompress_none.obj</name>
      </input_file>
      <input_file id="fl-e6">
         <path>D:\ti\ccsv7\tools\compiler\ti-cgt-arm_16.9.1.LTS\lib\</path>
         <kind>archive</kind>
         <file>rtsv7M4_T_le_v4SPD16_eabi.lib</file>
         <name>copy_zero_init.obj</name>
      </input_file>
      <input_file id="fl-e7">
         <path>D:\ti\ccsv7\tools\compiler\ti-cgt-arm_16.9.1.LTS\lib\</path>
         <kind>archive</kind>
         <file>rtsv7M4_T_le_v4SPD16_eabi.lib</file>
         <name>cpy_tbl.obj</name>
      </input_file>
      <input_file id="fl-e8">
         <path>D:\ti\ccsv7\tools\compiler\ti-cgt-arm_16.9.1.LTS\lib\</path>
         <kind>archive</kind>
         <file>rtsv7M4_T_le_v4SPD16_eabi.lib</file>
         <name>exit.obj</name>
      </input_file>
      <input_file id="fl-e9">
         <path>D:\ti\ccsv7\tools\compiler\ti-cgt-arm_16.9.1.LTS\lib\</path>
         <kind>archive</kind>
         <file>rtsv7M4_T_le_v4SPD16_eabi.lib</file>
         <name>memcpy_t2.obj</name>
      </input_file>
      <input_file id="fl-ea">
         <path>D:\ti\ccsv7\tools\compiler\ti-cgt-arm_16.9.1.LTS\lib\</path>
         <kind>archive</kind>
         <file>rtsv7M4_T_le_v4SPD16_eabi.lib</file>
         <name>memset_t2.obj</name>
      </input_file>
      <input_file id="fl-eb">
         <path>D:\ti\ccsv7\tools\compiler\ti-cgt-arm_16.9.1.LTS\lib\</path>
         <kind>archive</kind>
         <file>rtsv7M4_T_le_v4SPD16_eabi.lib</file>
         <name>stkdepth_vars.obj</name>
      </input_file>
      <input_file id="fl-ec">
         <path>D:\ti\ccsv7\tools\compiler\ti-cgt-arm_16.9.1.LTS\lib\</path>
         <kind>archive</kind>
         <file>rtsv7M4_T_le_v4SPD16_eabi.lib</file>
         <name>strcmp.obj</name>
      </input_file>
      <input_file id="fl-ed">
         <path>D:\ti\ccsv7\tools\compiler\ti-cgt-arm_16.9.1.LTS\lib\</path>
         <kind>archive</kind>
         <file>rtsv7M4_T_le_v4SPD16_eabi.lib</file>
         <name>strlen.obj</name>
      </input_file>
      <input_file id="fl-ee">
         <path>D:\ti\ccsv7\tools\compiler\ti-cgt-arm_16.9.1.LTS\lib\</path>
         <kind>archive</kind>
         <file>rtsv7M4_T_le_v4SPD16_eabi.lib</file>
         <name>u_divt2.obj</name>
      </input_file>
      <input_file id="fl-ef">
         <path>D:\ti\ccsv7\tools\compiler\ti-cgt-arm_16.9.1.LTS\lib\</path>
         <kind>archive</kind>
         <file>rtsv7M4_T_le_v4SPD16_eabi.lib</file>
         <name>ull_div_t2.obj</name>
      </input_file>
      <input_file id="fl-f0">
         <path>D:\ti\ccsv7\tools\compiler\ti-cgt-arm_16.9.1.LTS\lib\</path>
         <kind>archive</kind>
         <file>rtsv7M4_T_le_v4SPD16_eabi.lib</file>
         <name>i_div0.obj</name>
      </input_file>
   </input_file_list>
   <object_component_list>
      <object_component id="oc-6ce">
         <name>.text:ti_sysbios_knl_Semaphore_pend__E</name>
         <load_address>0x40</load_address>
         <run_address>0x40</run_address>
         <size>0x174</size>
         <input_file_ref idref="fl-13"/>
      </object_component>
      <object_component id="oc-2d6">
         <name>.text:GPIOPadConfigSet</name>
         <load_address>0x1b4</load_address>
         <run_address>0x1b4</run_address>
         <size>0x130</size>
         <input_file_ref idref="fl-2b"/>
      </object_component>
      <object_component id="oc-7ec">
         <name>.text:xdc_runtime_Error_policyDefault__E</name>
         <load_address>0x2e4</load_address>
         <run_address>0x2e4</run_address>
         <size>0x120</size>
         <input_file_ref idref="fl-1e"/>
      </object_component>
      <object_component id="oc-6ec">
         <name>.text:ti_sysbios_BIOS_RtsGateProxy_enter__E</name>
         <load_address>0x404</load_address>
         <run_address>0x404</run_address>
         <size>0x4</size>
         <input_file_ref idref="fl-6"/>
      </object_component>
      <object_component id="oc-63d">
         <name>.text:ti_sysbios_family_arm_lm4_Timer_start__E</name>
         <load_address>0x408</load_address>
         <run_address>0x408</run_address>
         <size>0x108</size>
         <input_file_ref idref="fl-13"/>
      </object_component>
      <object_component id="oc-5b8">
         <name>.text:ti_catalog_arm_cortexm4_tiva_ce_Boot_sysCtlClockSetI__I</name>
         <load_address>0x510</load_address>
         <run_address>0x510</run_address>
         <size>0x104</size>
         <input_file_ref idref="fl-19"/>
      </object_component>
      <object_component id="oc-436">
         <name>.text:xdc_runtime_Startup_startMods__I</name>
         <load_address>0x614</load_address>
         <run_address>0x614</run_address>
         <size>0xfc</size>
         <input_file_ref idref="fl-20"/>
      </object_component>
      <object_component id="oc-847">
         <name>.text:ti_sysbios_family_arm_m3_Hwi_dispatch__I</name>
         <load_address>0x710</load_address>
         <run_address>0x710</run_address>
         <size>0xf4</size>
         <input_file_ref idref="fl-16"/>
      </object_component>
      <object_component id="oc-6f3">
         <name>.text:ti_sysbios_BIOS_RtsGateProxy_leave__E</name>
         <load_address>0x804</load_address>
         <run_address>0x804</run_address>
         <size>0x4</size>
         <input_file_ref idref="fl-6"/>
      </object_component>
      <object_component id="oc-8f3">
         <name>.text:ti_sysbios_knl_Task_sleep__E</name>
         <load_address>0x808</load_address>
         <run_address>0x808</run_address>
         <size>0xdc</size>
         <input_file_ref idref="fl-13"/>
      </object_component>
      <object_component id="oc-5d9">
         <name>.text:ti_sysbios_family_arm_lm4_Timer_masterEnable__I</name>
         <load_address>0x8e4</load_address>
         <run_address>0x8e4</run_address>
         <size>0x4</size>
         <input_file_ref idref="fl-13"/>
      </object_component>
      <object_component id="oc-5dd">
         <name>.text:ti_sysbios_family_arm_lm4_Timer_enableTiva__I</name>
         <load_address>0x8e8</load_address>
         <run_address>0x8e8</run_address>
         <size>0xac</size>
         <input_file_ref idref="fl-13"/>
      </object_component>
      <object_component id="oc-5f">
         <name>.text</name>
         <load_address>0x994</load_address>
         <run_address>0x994</run_address>
         <size>0xa0</size>
         <input_file_ref idref="fl-27"/>
      </object_component>
      <object_component id="oc-46">
         <name>.text</name>
         <load_address>0xa34</load_address>
         <run_address>0xa34</run_address>
         <size>0x9c</size>
         <input_file_ref idref="fl-e9"/>
      </object_component>
      <object_component id="oc-768">
         <name>.text:ti_sysbios_knl_Task_postInit__I</name>
         <load_address>0xad0</load_address>
         <run_address>0xad0</run_address>
         <size>0x9c</size>
         <input_file_ref idref="fl-13"/>
      </object_component>
      <object_component id="oc-509">
         <name>.text:ti_catalog_arm_cortexm4_tiva_ce_Boot_sysCtlClockSet__E</name>
         <load_address>0xb6c</load_address>
         <run_address>0xb6c</run_address>
         <size>0x94</size>
         <input_file_ref idref="fl-18"/>
      </object_component>
      <object_component id="oc-428">
         <name>.text:ti_sysbios_family_arm_m3_Hwi_initNVIC__E</name>
         <load_address>0xc00</load_address>
         <run_address>0xc00</run_address>
         <size>0x94</size>
         <input_file_ref idref="fl-13"/>
      </object_component>
      <object_component id="oc-75c">
         <name>.text:ti_sysbios_family_arm_m3_TaskSupport_Module__startupDone__S</name>
         <load_address>0xc94</load_address>
         <run_address>0xc94</run_address>
         <size>0x4</size>
         <input_file_ref idref="fl-6"/>
      </object_component>
      <object_component id="oc-42e">
         <name>.text:ti_sysbios_family_arm_lm4_Timer_enableTimers__I</name>
         <load_address>0xc98</load_address>
         <run_address>0xc98</run_address>
         <size>0x8c</size>
         <input_file_ref idref="fl-13"/>
      </object_component>
      <object_component id="oc-8a3">
         <name>.text:ti_sysbios_family_arm_m3_TaskSupport_buildTaskStack</name>
         <load_address>0xd24</load_address>
         <run_address>0xd24</run_address>
         <size>0x8c</size>
         <input_file_ref idref="fl-15"/>
      </object_component>
      <object_component id="oc-1d1">
         <name>.text:EK_TM4C123GXL_initGPIO</name>
         <load_address>0xdb0</load_address>
         <run_address>0xdb0</run_address>
         <size>0x88</size>
         <input_file_ref idref="fl-2"/>
      </object_component>
      <object_component id="oc-52">
         <name>.text</name>
         <load_address>0xe38</load_address>
         <run_address>0xe38</run_address>
         <size>0x7a</size>
         <input_file_ref idref="fl-ea"/>
      </object_component>
      <object_component id="oc-91b">
         <name>.text:GPIOPinRead</name>
         <load_address>0xeb2</load_address>
         <run_address>0xeb2</run_address>
         <size>0x6</size>
         <input_file_ref idref="fl-2b"/>
      </object_component>
      <object_component id="oc-782">
         <name>.text:ti_sysbios_family_arm_m3_Hwi_postInit__I</name>
         <load_address>0xeb8</load_address>
         <run_address>0xeb8</run_address>
         <size>0x74</size>
         <input_file_ref idref="fl-13"/>
      </object_component>
      <object_component id="oc-752">
         <name>.text:ti_sysbios_knl_Clock_TimerProxy_getMaxTicks__E</name>
         <load_address>0xf2c</load_address>
         <run_address>0xf2c</run_address>
         <size>0x4</size>
         <input_file_ref idref="fl-6"/>
      </object_component>
      <object_component id="oc-6db">
         <name>.text:ti_sysbios_knl_Semaphore_post__E</name>
         <load_address>0xf30</load_address>
         <run_address>0xf30</run_address>
         <size>0x70</size>
         <input_file_ref idref="fl-13"/>
      </object_component>
      <object_component id="oc-837">
         <name>.text:ti_sysbios_knl_Task_exit__E</name>
         <load_address>0xfa0</load_address>
         <run_address>0xfa0</run_address>
         <size>0x70</size>
         <input_file_ref idref="fl-13"/>
      </object_component>
      <object_component id="oc-800">
         <name>.text:ti_sysbios_knl_Clock_workFunc__E</name>
         <load_address>0x1010</load_address>
         <run_address>0x1010</run_address>
         <size>0x6c</size>
         <input_file_ref idref="fl-13"/>
      </object_component>
      <object_component id="oc-16">
         <name>.text:decompress:lzss</name>
         <load_address>0x107c</load_address>
         <run_address>0x107c</run_address>
         <size>0x68</size>
         <input_file_ref idref="fl-e4"/>
      </object_component>
      <object_component id="oc-2fe">
         <name>.text:xdc_runtime_System_Module_GateProxy_enter__E</name>
         <load_address>0x10e4</load_address>
         <run_address>0x10e4</run_address>
         <size>0x4</size>
         <input_file_ref idref="fl-6"/>
      </object_component>
      <object_component id="oc-6c0">
         <name>.text:ti_sysbios_family_arm_lm4_Timer_Module_startup__E</name>
         <load_address>0x10e8</load_address>
         <run_address>0x10e8</run_address>
         <size>0x64</size>
         <input_file_ref idref="fl-13"/>
      </object_component>
      <object_component id="oc-6e2">
         <name>.text:xdc_runtime_System_Module_GateProxy_leave__E</name>
         <load_address>0x114c</load_address>
         <run_address>0x114c</run_address>
         <size>0x4</size>
         <input_file_ref idref="fl-6"/>
      </object_component>
      <object_component id="oc-6ae">
         <name>.text:ti_sysbios_knl_Task_Module_startup__E</name>
         <load_address>0x1150</load_address>
         <run_address>0x1150</run_address>
         <size>0x5c</size>
         <input_file_ref idref="fl-13"/>
      </object_component>
      <object_component id="oc-656">
         <name>.text:ti_sysbios_BIOS_nullFunc__I</name>
         <load_address>0x11ac</load_address>
         <run_address>0x11ac</run_address>
         <size>0x2</size>
         <input_file_ref idref="fl-6"/>
      </object_component>
      <object_component id="oc-73">
         <name>.text:xdc_runtime_Startup_reset__I</name>
         <load_address>0x11ae</load_address>
         <run_address>0x11ae</run_address>
         <size>0x2</size>
         <input_file_ref idref="fl-6"/>
      </object_component>
      <object_component id="oc-648">
         <name>.text:ti_sysbios_knl_Task_startCore__E</name>
         <load_address>0x11b0</load_address>
         <run_address>0x11b0</run_address>
         <size>0x5c</size>
         <input_file_ref idref="fl-13"/>
      </object_component>
      <object_component id="oc-28">
         <name>.text</name>
         <load_address>0x120c</load_address>
         <run_address>0x120c</run_address>
         <size>0x58</size>
         <input_file_ref idref="fl-26"/>
      </object_component>
      <object_component id="oc-743">
         <name>.text:xdc_runtime_SysCallback_defaultAbort</name>
         <load_address>0x1264</load_address>
         <run_address>0x1264</run_address>
         <size>0x2</size>
         <input_file_ref idref="fl-22"/>
      </object_component>
      <object_component id="oc-49a">
         <name>.text:xdc_runtime_SysCallback_defaultExit</name>
         <load_address>0x1266</load_address>
         <run_address>0x1266</run_address>
         <size>0x2</size>
         <input_file_ref idref="fl-22"/>
      </object_component>
      <object_component id="oc-8b8">
         <name>.text:ti_sysbios_family_arm_m3_Hwi_dispatchC__I</name>
         <load_address>0x1268</load_address>
         <run_address>0x1268</run_address>
         <size>0x58</size>
         <input_file_ref idref="fl-13"/>
      </object_component>
      <object_component id="oc-7d4">
         <name>.text:ti_sysbios_family_arm_m3_Hwi_initStacks__E</name>
         <load_address>0x12c0</load_address>
         <run_address>0x12c0</run_address>
         <size>0x58</size>
         <input_file_ref idref="fl-17"/>
      </object_component>
      <object_component id="oc-1fb">
         <name>.text</name>
         <load_address>0x1318</load_address>
         <run_address>0x1318</run_address>
         <size>0x54</size>
         <input_file_ref idref="fl-e8"/>
      </object_component>
      <object_component id="oc-6ba">
         <name>.text:ti_sysbios_family_arm_m3_Hwi_Module_startup__E</name>
         <load_address>0x1370</load_address>
         <run_address>0x1370</run_address>
         <size>0x50</size>
         <input_file_ref idref="fl-13"/>
      </object_component>
      <object_component id="oc-a8">
         <name>.text:xdc_runtime_Startup_exec__E</name>
         <load_address>0x13c0</load_address>
         <run_address>0x13c0</run_address>
         <size>0x50</size>
         <input_file_ref idref="fl-20"/>
      </object_component>
      <object_component id="oc-a2">
         <name>.text</name>
         <load_address>0x1410</load_address>
         <run_address>0x1410</run_address>
         <size>0x4c</size>
         <input_file_ref idref="fl-e7"/>
      </object_component>
      <object_component id="oc-703">
         <name>.text:ti_sysbios_knl_Task_allBlockedFunction__I</name>
         <load_address>0x1460</load_address>
         <run_address>0x1460</run_address>
         <size>0x4c</size>
         <input_file_ref idref="fl-13"/>
      </object_component>
      <object_component id="oc-851">
         <name>.text:ti_sysbios_knl_Task_schedule__I</name>
         <load_address>0x14b0</load_address>
         <run_address>0x14b0</run_address>
         <size>0x4c</size>
         <input_file_ref idref="fl-13"/>
      </object_component>
      <object_component id="oc-524">
         <name>.text:ti_sysbios_family_arm_m3_Hwi_disableInterrupt__E</name>
         <load_address>0x1500</load_address>
         <run_address>0x1500</run_address>
         <size>0x48</size>
         <input_file_ref idref="fl-13"/>
      </object_component>
      <object_component id="oc-6fa">
         <name>.text:ti_sysbios_family_arm_m3_Hwi_enableInterrupt__E</name>
         <load_address>0x1548</load_address>
         <run_address>0x1548</run_address>
         <size>0x48</size>
         <input_file_ref idref="fl-13"/>
      </object_component>
      <object_component id="oc-5b2">
         <name>.text:xdc_runtime_Assert_raise__I</name>
         <load_address>0x1590</load_address>
         <run_address>0x1590</run_address>
         <size>0x48</size>
         <input_file_ref idref="fl-1a"/>
      </object_component>
      <object_component id="oc-807">
         <name>.text:ti_sysbios_family_arm_lm4_Timer_isrStub__E</name>
         <load_address>0x15d8</load_address>
         <run_address>0x15d8</run_address>
         <size>0x44</size>
         <input_file_ref idref="fl-13"/>
      </object_component>
      <object_component id="oc-510">
         <name>.text:ti_sysbios_family_arm_m3_Hwi_getStackInfo__E</name>
         <load_address>0x1620</load_address>
         <run_address>0x1620</run_address>
         <size>0x44</size>
         <input_file_ref idref="fl-13"/>
      </object_component>
      <object_component id="oc-86b">
         <name>.text:xdc_runtime_Error_setX__E</name>
         <load_address>0x1664</load_address>
         <run_address>0x1664</run_address>
         <size>0x44</size>
         <input_file_ref idref="fl-1e"/>
      </object_component>
      <object_component id="oc-1cb">
         <name>.text:EK_TM4C123GXL_initGeneral</name>
         <load_address>0x16a8</load_address>
         <run_address>0x16a8</run_address>
         <size>0x40</size>
         <input_file_ref idref="fl-2"/>
      </object_component>
      <object_component id="oc-571">
         <name>.text:ti_sysbios_family_arm_lm4_Timer_startup__E</name>
         <load_address>0x16e8</load_address>
         <run_address>0x16e8</run_address>
         <size>0x40</size>
         <input_file_ref idref="fl-13"/>
      </object_component>
      <object_component id="oc-8f9">
         <name>.text:GPIO_toggle</name>
         <load_address>0x1728</load_address>
         <run_address>0x1728</run_address>
         <size>0x3c</size>
         <input_file_ref idref="fl-12"/>
      </object_component>
      <object_component id="oc-81f">
         <name>.text:ti_sysbios_family_arm_m3_TaskSupport_start__E</name>
         <load_address>0x1768</load_address>
         <run_address>0x1768</run_address>
         <size>0x3c</size>
         <input_file_ref idref="fl-13"/>
      </object_component>
      <object_component id="oc-8af">
         <name>.text:ti_sysbios_knl_Task_processVitalTaskFlag__I</name>
         <load_address>0x17a8</load_address>
         <run_address>0x17a8</run_address>
         <size>0x38</size>
         <input_file_ref idref="fl-13"/>
      </object_component>
      <object_component id="oc-565">
         <name>.text:xdc_runtime_System_atexit__E</name>
         <load_address>0x17e0</load_address>
         <run_address>0x17e0</run_address>
         <size>0x38</size>
         <input_file_ref idref="fl-21"/>
      </object_component>
      <object_component id="oc-2c3">
         <name>.text:SysCtlPeripheralEnable</name>
         <load_address>0x1818</load_address>
         <run_address>0x1818</run_address>
         <size>0x34</size>
         <input_file_ref idref="fl-29"/>
      </object_component>
      <object_component id="oc-422">
         <name>.text:ti_sysbios_hal_Hwi_initStack</name>
         <load_address>0x1850</load_address>
         <run_address>0x1850</run_address>
         <size>0x32</size>
         <input_file_ref idref="fl-13"/>
      </object_component>
      <object_component id="oc-2e9">
         <name>.text:GPIOPinWrite</name>
         <load_address>0x1882</load_address>
         <run_address>0x1882</run_address>
         <size>0x6</size>
         <input_file_ref idref="fl-2b"/>
      </object_component>
      <object_component id="oc-78c">
         <name>.text:ti_sysbios_family_arm_lm4_Timer_stop__E</name>
         <load_address>0x1888</load_address>
         <run_address>0x1888</run_address>
         <size>0x30</size>
         <input_file_ref idref="fl-13"/>
      </object_component>
      <object_component id="oc-618">
         <name>.text:ti_sysbios_gates_GateMutex_enter__E</name>
         <load_address>0x18b8</load_address>
         <run_address>0x18b8</run_address>
         <size>0x30</size>
         <input_file_ref idref="fl-13"/>
      </object_component>
      <object_component id="oc-7a1">
         <name>.text:ti_sysbios_knl_Semaphore_pendTimeout__I</name>
         <load_address>0x18e8</load_address>
         <run_address>0x18e8</run_address>
         <size>0x30</size>
         <input_file_ref idref="fl-13"/>
      </object_component>
      <object_component id="oc-7b8">
         <name>.text:ti_sysbios_knl_Task_unblockI__E</name>
         <load_address>0x1918</load_address>
         <run_address>0x1918</run_address>
         <size>0x30</size>
         <input_file_ref idref="fl-13"/>
      </object_component>
      <object_component id="oc-b7">
         <name>.text:xdc_runtime_System_processAtExit__E</name>
         <load_address>0x1948</load_address>
         <run_address>0x1948</run_address>
         <size>0x30</size>
         <input_file_ref idref="fl-21"/>
      </object_component>
      <object_component id="oc-583">
         <name>.text:ti_sysbios_BIOS_atExitFunc__I</name>
         <load_address>0x1978</load_address>
         <run_address>0x1978</run_address>
         <size>0x2c</size>
         <input_file_ref idref="fl-6"/>
      </object_component>
      <object_component id="oc-738">
         <name>.text:ti_sysbios_knl_Clock_doTick__I</name>
         <load_address>0x19a4</load_address>
         <run_address>0x19a4</run_address>
         <size>0x2c</size>
         <input_file_ref idref="fl-6"/>
      </object_component>
      <object_component id="oc-43f">
         <name>.text:GPIODirModeSet</name>
         <load_address>0x19d0</load_address>
         <run_address>0x19d0</run_address>
         <size>0x2a</size>
         <input_file_ref idref="fl-2b"/>
      </object_component>
      <object_component id="oc-1d7">
         <name>.text:GPIO_write</name>
         <load_address>0x19fc</load_address>
         <run_address>0x19fc</run_address>
         <size>0x28</size>
         <input_file_ref idref="fl-12"/>
      </object_component>
      <object_component id="oc-83">
         <name>.text:ti_sysbios_family_arm_m3_Hwi_pendSV__I</name>
         <load_address>0x1a24</load_address>
         <run_address>0x1a24</run_address>
         <size>0x26</size>
         <input_file_ref idref="fl-16"/>
      </object_component>
      <object_component id="oc-2dc">
         <name>.text:GPIO_init</name>
         <load_address>0x1a4c</load_address>
         <run_address>0x1a4c</run_address>
         <size>0x24</size>
         <input_file_ref idref="fl-12"/>
      </object_component>
      <object_component id="oc-56b">
         <name>.text:ti_sysbios_BIOS_registerRTSLock__I</name>
         <load_address>0x1a70</load_address>
         <run_address>0x1a70</run_address>
         <size>0x24</size>
         <input_file_ref idref="fl-6"/>
      </object_component>
      <object_component id="oc-58a">
         <name>.text:ti_sysbios_BIOS_removeRTSLock__I</name>
         <load_address>0x1a94</load_address>
         <run_address>0x1a94</run_address>
         <size>0x24</size>
         <input_file_ref idref="fl-6"/>
      </object_component>
      <object_component id="oc-6a8">
         <name>.text:ti_sysbios_knl_Clock_Module_startup__E</name>
         <load_address>0x1ab8</load_address>
         <run_address>0x1ab8</run_address>
         <size>0x24</size>
         <input_file_ref idref="fl-13"/>
      </object_component>
      <object_component id="oc-79b">
         <name>.text:ti_sysbios_knl_Task_restore__E</name>
         <load_address>0x1ae0</load_address>
         <run_address>0x1ae0</run_address>
         <size>0x24</size>
         <input_file_ref idref="fl-13"/>
      </object_component>
      <object_component id="oc-52a">
         <name>.text:ti_sysbios_family_arm_lm4_Timer_write__I</name>
         <load_address>0x1b08</load_address>
         <run_address>0x1b08</run_address>
         <size>0x22</size>
         <input_file_ref idref="fl-13"/>
      </object_component>
      <object_component id="oc-630">
         <name>.text:ti_sysbios_BIOS_rtsLock__I</name>
         <load_address>0x1b2c</load_address>
         <run_address>0x1b2c</run_address>
         <size>0x20</size>
         <input_file_ref idref="fl-6"/>
      </object_component>
      <object_component id="oc-480">
         <name>.text:ti_sysbios_BIOS_startFunc__I</name>
         <load_address>0x1b4c</load_address>
         <run_address>0x1b4c</run_address>
         <size>0x20</size>
         <input_file_ref idref="fl-6"/>
      </object_component>
      <object_component id="oc-7e">
         <name>.text:ti_sysbios_family_arm_m3_Hwi_excHandlerAsm__I</name>
         <load_address>0x1b6c</load_address>
         <run_address>0x1b6c</run_address>
         <size>0x20</size>
         <input_file_ref idref="fl-16"/>
      </object_component>
      <object_component id="oc-1b2">
         <name>.text:ti_sysbios_family_arm_m3_Hwi_excHandler__I</name>
         <load_address>0x1b90</load_address>
         <run_address>0x1b90</run_address>
         <size>0x20</size>
         <input_file_ref idref="fl-13"/>
      </object_component>
      <object_component id="oc-7ca">
         <name>.text:ti_sysbios_knl_Idle_run__E</name>
         <load_address>0x1bb0</load_address>
         <run_address>0x1bb0</run_address>
         <size>0x20</size>
         <input_file_ref idref="fl-13"/>
      </object_component>
      <object_component id="oc-af">
         <name>.text:main</name>
         <load_address>0x1bd0</load_address>
         <run_address>0x1bd0</run_address>
         <size>0x1c</size>
         <input_file_ref idref="fl-3"/>
      </object_component>
      <object_component id="oc-8e5">
         <name>.text:ti_sysbios_BIOS_errorRaiseHook__I</name>
         <load_address>0x1bec</load_address>
         <run_address>0x1bec</run_address>
         <size>0x1c</size>
         <input_file_ref idref="fl-6"/>
      </object_component>
      <object_component id="oc-795">
         <name>.text:ti_sysbios_knl_Queue_put__E</name>
         <load_address>0x1c08</load_address>
         <run_address>0x1c08</run_address>
         <size>0x1c</size>
         <input_file_ref idref="fl-13"/>
      </object_component>
      <object_component id="oc-831">
         <name>.text:ti_sysbios_knl_Task_enter__I</name>
         <load_address>0x1c28</load_address>
         <run_address>0x1c28</run_address>
         <size>0x1c</size>
         <input_file_ref idref="fl-13"/>
      </object_component>
      <object_component id="oc-678">
         <name>.text:xdc_runtime_Error_raiseX__E</name>
         <load_address>0x1c44</load_address>
         <run_address>0x1c44</run_address>
         <size>0x1c</size>
         <input_file_ref idref="fl-1e"/>
      </object_component>
      <object_component id="oc-53a">
         <name>.text:xdc_runtime_System_abort__E</name>
         <load_address>0x1c60</load_address>
         <run_address>0x1c60</run_address>
         <size>0x1c</size>
         <input_file_ref idref="fl-21"/>
      </object_component>
      <object_component id="oc-2ca">
         <name>.text:GPIOPinTypeGPIOOutput</name>
         <load_address>0x1c7c</load_address>
         <run_address>0x1c7c</run_address>
         <size>0x18</size>
         <input_file_ref idref="fl-2b"/>
      </object_component>
      <object_component id="oc-64">
         <name>.text</name>
         <load_address>0x1c94</load_address>
         <run_address>0x1c94</run_address>
         <size>0x18</size>
         <input_file_ref idref="fl-e3"/>
      </object_component>
      <object_component id="oc-636">
         <name>.text:ti_sysbios_BIOS_rtsUnlock__I</name>
         <load_address>0x1cac</load_address>
         <run_address>0x1cac</run_address>
         <size>0x18</size>
         <input_file_ref idref="fl-6"/>
      </object_component>
      <object_component id="oc-74c">
         <name>.text:ti_sysbios_family_arm_lm4_Timer_Module__startupDone__F</name>
         <load_address>0x1cc4</load_address>
         <run_address>0x1cc4</run_address>
         <size>0x18</size>
         <input_file_ref idref="fl-6"/>
      </object_component>
      <object_component id="oc-775">
         <name>.text:ti_sysbios_family_arm_m3_Hwi_Module__startupDone__F</name>
         <load_address>0x1cdc</load_address>
         <run_address>0x1cdc</run_address>
         <size>0x18</size>
         <input_file_ref idref="fl-6"/>
      </object_component>
      <object_component id="oc-70f">
         <name>.text:ti_sysbios_family_arm_m3_TaskSupport_swap__E</name>
         <load_address>0x1cf4</load_address>
         <run_address>0x1cf4</run_address>
         <size>0x18</size>
         <input_file_ref idref="fl-15"/>
      </object_component>
      <object_component id="oc-61e">
         <name>.text:ti_sysbios_gates_GateMutex_leave__E</name>
         <load_address>0x1d10</load_address>
         <run_address>0x1d10</run_address>
         <size>0x18</size>
         <input_file_ref idref="fl-13"/>
      </object_component>
      <object_component id="oc-90b">
         <name>.text:ti_sysbios_knl_Task_restoreHwi__E</name>
         <load_address>0x1d28</load_address>
         <run_address>0x1d28</run_address>
         <size>0x18</size>
         <input_file_ref idref="fl-13"/>
      </object_component>
      <object_component id="oc-914">
         <name>.text:ti_sysbios_knl_Task_sleepTimeout__I</name>
         <load_address>0x1d40</load_address>
         <run_address>0x1d40</run_address>
         <size>0x18</size>
         <input_file_ref idref="fl-13"/>
      </object_component>
      <object_component id="oc-825">
         <name>.text:xdc_runtime_Error_check__E</name>
         <load_address>0x1d58</load_address>
         <run_address>0x1d58</run_address>
         <size>0x18</size>
         <input_file_ref idref="fl-1e"/>
      </object_component>
      <object_component id="oc-6a">
         <name>.text:xdc_runtime_System_exit__E</name>
         <load_address>0x1d70</load_address>
         <run_address>0x1d70</run_address>
         <size>0x18</size>
         <input_file_ref idref="fl-21"/>
      </object_component>
      <object_component id="oc-672">
         <name>.text:xdc_runtime_Text_ropeText__E</name>
         <load_address>0x1d88</load_address>
         <run_address>0x1d88</run_address>
         <size>0x18</size>
         <input_file_ref idref="fl-23"/>
      </object_component>
      <object_component id="oc-486">
         <name>.text:ti_sysbios_BIOS_exitFunc__I</name>
         <load_address>0x1da0</load_address>
         <run_address>0x1da0</run_address>
         <size>0x16</size>
         <input_file_ref idref="fl-6"/>
      </object_component>
      <object_component id="oc-89b">
         <name>.text:heartBeatFxn</name>
         <load_address>0x1db6</load_address>
         <run_address>0x1db6</run_address>
         <size>0x14</size>
         <input_file_ref idref="fl-3"/>
      </object_component>
      <object_component id="oc-4b0">
         <name>.text</name>
         <load_address>0x1dcc</load_address>
         <run_address>0x1dcc</run_address>
         <size>0x14</size>
         <input_file_ref idref="fl-e2"/>
      </object_component>
      <object_component id="oc-77c">
         <name>.text:ti_sysbios_family_arm_m3_Hwi_Object__get__S</name>
         <load_address>0x1de0</load_address>
         <run_address>0x1de0</run_address>
         <size>0x14</size>
         <input_file_ref idref="fl-6"/>
      </object_component>
      <object_component id="oc-709">
         <name>.text:ti_sysbios_family_arm_m3_Hwi_switchFromBootStack__E</name>
         <load_address>0x1df8</load_address>
         <run_address>0x1df8</run_address>
         <size>0x14</size>
         <input_file_ref idref="fl-13"/>
      </object_component>
      <object_component id="oc-2d0">
         <name>.text:GPIOPinTypeGPIOInput</name>
         <load_address>0x1e0c</load_address>
         <run_address>0x1e0c</run_address>
         <size>0x12</size>
         <input_file_ref idref="fl-2b"/>
      </object_component>
      <object_component id="oc-6b4">
         <name>.text:ti_sysbios_hal_Hwi_Module_startup__E</name>
         <load_address>0x1e20</load_address>
         <run_address>0x1e20</run_address>
         <size>0x12</size>
         <input_file_ref idref="fl-13"/>
      </object_component>
      <object_component id="oc-2b7">
         <name>.text:xdc_runtime_Startup_exec__I</name>
         <load_address>0x1e32</load_address>
         <run_address>0x1e32</run_address>
         <size>0x12</size>
         <input_file_ref idref="fl-6"/>
      </object_component>
      <object_component id="oc-590">
         <name>.text:ti_sysbios_BIOS_setThreadType__E</name>
         <load_address>0x1e48</load_address>
         <run_address>0x1e48</run_address>
         <size>0x10</size>
         <input_file_ref idref="fl-13"/>
      </object_component>
      <object_component id="oc-1dd">
         <name>.text:ti_sysbios_BIOS_start__E</name>
         <load_address>0x1e58</load_address>
         <run_address>0x1e58</run_address>
         <size>0x10</size>
         <input_file_ref idref="fl-13"/>
      </object_component>
      <object_component id="oc-900">
         <name>.text:ti_sysbios_family_arm_m3_TaskSupport_glue</name>
         <load_address>0x1e68</load_address>
         <run_address>0x1e68</run_address>
         <size>0x10</size>
         <input_file_ref idref="fl-15"/>
      </object_component>
      <object_component id="oc-762">
         <name>.text:ti_sysbios_knl_Task_Object__get__S</name>
         <load_address>0x1e78</load_address>
         <run_address>0x1e78</run_address>
         <size>0x10</size>
         <input_file_ref idref="fl-6"/>
      </object_component>
      <object_component id="oc-64f">
         <name>.text:ti_sysbios_knl_Task_disable__E</name>
         <load_address>0x1e88</load_address>
         <run_address>0x1e88</run_address>
         <size>0x10</size>
         <input_file_ref idref="fl-13"/>
      </object_component>
      <object_component id="oc-626">
         <name>.text:xdc_runtime_Gate_leaveSystem__E</name>
         <load_address>0x1e98</load_address>
         <run_address>0x1e98</run_address>
         <size>0x10</size>
         <input_file_ref idref="fl-1f"/>
      </object_component>
      <object_component id="oc-5ed">
         <name>.text:xdc_runtime_SysCallback_abort__E</name>
         <load_address>0x1ea8</load_address>
         <run_address>0x1ea8</run_address>
         <size>0x10</size>
         <input_file_ref idref="fl-22"/>
      </object_component>
      <object_component id="oc-1f1">
         <name>.text:xdc_runtime_SysCallback_exit__E</name>
         <load_address>0x1eb8</load_address>
         <run_address>0x1eb8</run_address>
         <size>0x10</size>
         <input_file_ref idref="fl-22"/>
      </object_component>
      <object_component id="oc-1c">
         <name>.text:decompress:none</name>
         <load_address>0x1ec8</load_address>
         <run_address>0x1ec8</run_address>
         <size>0xe</size>
         <input_file_ref idref="fl-e5"/>
      </object_component>
      <object_component id="oc-7fa">
         <name>.text:ti_sysbios_knl_Queue_empty__E</name>
         <load_address>0x1ed8</load_address>
         <run_address>0x1ed8</run_address>
         <size>0xe</size>
         <input_file_ref idref="fl-13"/>
      </object_component>
      <object_component id="oc-41c">
         <name>.text:.bootCodeSection:ti_catalog_arm_cortexm4_tiva_ce_Boot_init__I</name>
         <load_address>0x1ee8</load_address>
         <run_address>0x1ee8</run_address>
         <size>0xc</size>
         <input_file_ref idref="fl-6"/>
      </object_component>
      <object_component id="oc-22">
         <name>.text:decompress:ZI</name>
         <load_address>0x1ef4</load_address>
         <run_address>0x1ef4</run_address>
         <size>0xc</size>
         <input_file_ref idref="fl-e6"/>
      </object_component>
      <object_component id="oc-811">
         <name>.text:ti_sysbios_family_arm_lm4_Timer_getMaxTicks__E</name>
         <load_address>0x1f00</load_address>
         <run_address>0x1f00</run_address>
         <size>0xc</size>
         <input_file_ref idref="fl-13"/>
      </object_component>
      <object_component id="oc-2e3">
         <name>.text:ti_sysbios_family_arm_m3_Hwi_disableFxn__E</name>
         <load_address>0x1f10</load_address>
         <run_address>0x1f10</run_address>
         <size>0xc</size>
         <input_file_ref idref="fl-13"/>
      </object_component>
      <object_component id="oc-48e">
         <name>.text:ti_sysbios_gates_GateHwi_enter__E</name>
         <load_address>0x1f20</load_address>
         <run_address>0x1f20</run_address>
         <size>0xc</size>
         <input_file_ref idref="fl-13"/>
      </object_component>
      <object_component id="oc-82b">
         <name>.text:ti_sysbios_knl_Queue_Object__get__S</name>
         <load_address>0x1f2c</load_address>
         <run_address>0x1f2c</run_address>
         <size>0xc</size>
         <input_file_ref idref="fl-6"/>
      </object_component>
      <object_component id="oc-8ce">
         <name>.text:xdc_runtime_Error_init__E</name>
         <load_address>0x1f38</load_address>
         <run_address>0x1f38</run_address>
         <size>0xc</size>
         <input_file_ref idref="fl-1e"/>
      </object_component>
      <object_component id="oc-1eb">
         <name>.text:xdc_runtime_Gate_enterSystem__E</name>
         <load_address>0x1f44</load_address>
         <run_address>0x1f44</run_address>
         <size>0xc</size>
         <input_file_ref idref="fl-1f"/>
      </object_component>
      <object_component id="oc-5d8">
         <name>.text:ti_sysbios_family_arm_lm4_Timer_masterDisable__I</name>
         <load_address>0x1f50</load_address>
         <run_address>0x1f50</run_address>
         <size>0x8</size>
         <input_file_ref idref="fl-13"/>
      </object_component>
      <object_component id="oc-577">
         <name>.text:ti_sysbios_family_arm_m3_Hwi_startup__E</name>
         <load_address>0x1f58</load_address>
         <run_address>0x1f58</run_address>
         <size>0x8</size>
         <input_file_ref idref="fl-13"/>
      </object_component>
      <object_component id="oc-685">
         <name>.text:ti_catalog_arm_cortexm4_tiva_ce_Boot_sysCtlDelayI__I</name>
         <load_address>0x1f60</load_address>
         <run_address>0x1f60</run_address>
         <size>0x6</size>
         <input_file_ref idref="fl-19"/>
      </object_component>
      <object_component id="oc-8c4">
         <name>.text:ti_sysbios_family_arm_m3_Hwi_doTaskRestore__I</name>
         <load_address>0x1f68</load_address>
         <run_address>0x1f68</run_address>
         <size>0x6</size>
         <input_file_ref idref="fl-13"/>
      </object_component>
      <object_component id="oc-2ef">
         <name>.text:ti_sysbios_family_arm_m3_Hwi_restoreFxn__E</name>
         <load_address>0x1f70</load_address>
         <run_address>0x1f70</run_address>
         <size>0x6</size>
         <input_file_ref idref="fl-13"/>
      </object_component>
      <object_component id="oc-664">
         <name>.text:ti_sysbios_gates_GateHwi_leave__E</name>
         <load_address>0x1f78</load_address>
         <run_address>0x1f78</run_address>
         <size>0x6</size>
         <input_file_ref idref="fl-13"/>
      </object_component>
      <object_component id="oc-6a2">
         <name>.text:xdc_runtime_System_Module_startup__E</name>
         <load_address>0x1f7e</load_address>
         <run_address>0x1f7e</run_address>
         <size>0x6</size>
         <input_file_ref idref="fl-21"/>
      </object_component>
      <object_component id="oc-65e">
         <name>.text:ti_sysbios_gates_GateHwi_query__E</name>
         <load_address>0x1f88</load_address>
         <run_address>0x1f88</run_address>
         <size>0x4</size>
         <input_file_ref idref="fl-13"/>
      </object_component>
      <object_component id="oc-612">
         <name>.text:ti_sysbios_gates_GateMutex_query__E</name>
         <load_address>0x1f90</load_address>
         <run_address>0x1f90</run_address>
         <size>0x4</size>
         <input_file_ref idref="fl-13"/>
      </object_component>
      <object_component id="oc-57d">
         <name>.text:ti_sysbios_knl_Task_startup__E</name>
         <load_address>0x1f98</load_address>
         <run_address>0x1f98</run_address>
         <size>0x4</size>
         <input_file_ref idref="fl-13"/>
      </object_component>
      <object_component id="oc-8be">
         <name>.text:ti_sysbios_family_arm_m3_Hwi_doSwiRestore__I</name>
         <load_address>0x1fa0</load_address>
         <run_address>0x1fa0</run_address>
         <size>0x2</size>
         <input_file_ref idref="fl-13"/>
      </object_component>
      <object_component id="oc-7f4">
         <name>.text:ti_sysbios_knl_Clock_logTick__E</name>
         <load_address>0x1fa8</load_address>
         <run_address>0x1fa8</run_address>
         <size>0x2</size>
         <input_file_ref idref="fl-13"/>
      </object_component>
      <object_component id="oc-453">
         <name>.const:gpioHWAttrs</name>
         <load_address>0x1fac</load_address>
         <run_address>0x1fac</run_address>
         <size>0x3c</size>
         <input_file_ref idref="fl-2"/>
      </object_component>
      <object_component id="oc-598">
         <name>.const:ti_sysbios_gates_GateHwi_Module__FXNS__C</name>
         <load_address>0x1fe8</load_address>
         <run_address>0x1fe8</run_address>
         <size>0x24</size>
         <input_file_ref idref="fl-6"/>
      </object_component>
      <object_component id="oc-560">
         <name>.const:ti_sysbios_gates_GateMutex_Module__FXNS__C</name>
         <load_address>0x200c</load_address>
         <run_address>0x200c</run_address>
         <size>0x24</size>
         <input_file_ref idref="fl-6"/>
      </object_component>
      <object_component id="oc-2f5">
         <name>.const:GPIO_config</name>
         <load_address>0x2030</load_address>
         <run_address>0x2030</run_address>
         <size>0x18</size>
         <input_file_ref idref="fl-2"/>
      </object_component>
      <object_component id="oc-5fc">
         <name>.const:xdc_runtime_Startup_sfxnTab__A</name>
         <load_address>0x2048</load_address>
         <run_address>0x2048</run_address>
         <size>0x18</size>
         <input_file_ref idref="fl-6"/>
      </object_component>
      <object_component id="oc-2b2">
         <name>.const:xdc_runtime_Startup_firstFxns__A</name>
         <load_address>0x2060</load_address>
         <run_address>0x2060</run_address>
         <size>0x10</size>
         <input_file_ref idref="fl-6"/>
      </object_component>
      <object_component id="oc-5f7">
         <name>.const:xdc_runtime_Startup_sfxnRts__A</name>
         <load_address>0x2070</load_address>
         <run_address>0x2070</run_address>
         <size>0xc</size>
         <input_file_ref idref="fl-6"/>
      </object_component>
      <object_component id="oc-862">
         <name>.const:ti_sysbios_knl_Idle_funcList__C</name>
         <load_address>0x207c</load_address>
         <run_address>0x207c</run_address>
         <size>0x8</size>
         <input_file_ref idref="fl-6"/>
      </object_component>
      <object_component id="oc-1be">
         <name>.const:xdc_runtime_Startup_firstFxns__C</name>
         <load_address>0x2084</load_address>
         <run_address>0x2084</run_address>
         <size>0x8</size>
         <input_file_ref idref="fl-6"/>
      </object_component>
      <object_component id="oc-1c4">
         <name>.const:xdc_runtime_Startup_lastFxns__C</name>
         <load_address>0x208c</load_address>
         <run_address>0x208c</run_address>
         <size>0x8</size>
         <input_file_ref idref="fl-6"/>
      </object_component>
      <object_component id="oc-5c7">
         <name>.const:ti_catalog_arm_cortexm4_tiva_ce_Boot_A_mustUseEnhancedClockMode__C</name>
         <load_address>0x2094</load_address>
         <run_address>0x2094</run_address>
         <size>0x4</size>
         <input_file_ref idref="fl-6"/>
      </object_component>
      <object_component id="oc-5be">
         <name>.const:ti_catalog_arm_cortexm4_tiva_ce_Boot_Module__diagsEnabled__C</name>
         <load_address>0x2098</load_address>
         <run_address>0x2098</run_address>
         <size>0x4</size>
         <input_file_ref idref="fl-6"/>
      </object_component>
      <object_component id="oc-5c1">
         <name>.const:ti_catalog_arm_cortexm4_tiva_ce_Boot_Module__diagsIncluded__C</name>
         <load_address>0x209c</load_address>
         <run_address>0x209c</run_address>
         <size>0x4</size>
         <input_file_ref idref="fl-6"/>
      </object_component>
      <object_component id="oc-5c4">
         <name>.const:ti_catalog_arm_cortexm4_tiva_ce_Boot_Module__diagsMask__C</name>
         <load_address>0x20a0</load_address>
         <run_address>0x20a0</run_address>
         <size>0x4</size>
         <input_file_ref idref="fl-6"/>
      </object_component>
      <object_component id="oc-533">
         <name>.const:ti_sysbios_family_arm_lm4_Timer_enableFunc__C</name>
         <load_address>0x20a4</load_address>
         <run_address>0x20a4</run_address>
         <size>0x4</size>
         <input_file_ref idref="fl-6"/>
      </object_component>
      <object_component id="oc-530">
         <name>.const:ti_sysbios_family_arm_lm4_Timer_numTimerDevices__C</name>
         <load_address>0x20a8</load_address>
         <run_address>0x20a8</run_address>
         <size>0x4</size>
         <input_file_ref idref="fl-6"/>
      </object_component>
      <object_component id="oc-643">
         <name>.const:ti_sysbios_family_arm_lm4_Timer_startupNeeded__C</name>
         <load_address>0x20ac</load_address>
         <run_address>0x20ac</run_address>
         <size>0x4</size>
         <input_file_ref idref="fl-6"/>
      </object_component>
      <object_component id="oc-517">
         <name>.const:ti_sysbios_family_arm_m3_Hwi_NUM_INTERRUPTS__C</name>
         <load_address>0x20b0</load_address>
         <run_address>0x20b0</run_address>
         <size>0x4</size>
         <input_file_ref idref="fl-6"/>
      </object_component>
      <object_component id="oc-788">
         <name>.const:ti_sysbios_family_arm_m3_Hwi_Object__count__C</name>
         <load_address>0x20b4</load_address>
         <run_address>0x20b4</run_address>
         <size>0x4</size>
         <input_file_ref idref="fl-6"/>
      </object_component>
      <object_component id="oc-520">
         <name>.const:ti_sysbios_family_arm_m3_Hwi_ccr__C</name>
         <load_address>0x20b8</load_address>
         <run_address>0x20b8</run_address>
         <size>0x4</size>
         <input_file_ref idref="fl-6"/>
      </object_component>
      <object_component id="oc-2a1">
         <name>.const:ti_sysbios_family_arm_m3_Hwi_excHandlerFunc__C</name>
         <load_address>0x20bc</load_address>
         <run_address>0x20bc</run_address>
         <size>0x4</size>
         <input_file_ref idref="fl-6"/>
      </object_component>
      <object_component id="oc-51a">
         <name>.const:ti_sysbios_family_arm_m3_Hwi_nullIsrFunc__C</name>
         <load_address>0x20c0</load_address>
         <run_address>0x20c0</run_address>
         <size>0x4</size>
         <input_file_ref idref="fl-6"/>
      </object_component>
      <object_component id="oc-51d">
         <name>.const:ti_sysbios_family_arm_m3_Hwi_priGroup__C</name>
         <load_address>0x20c4</load_address>
         <run_address>0x20c4</run_address>
         <size>0x4</size>
         <input_file_ref idref="fl-6"/>
      </object_component>
      <object_component id="oc-6d7">
         <name>.const:ti_sysbios_gates_GateMutex_Instance_State_sem__O</name>
         <load_address>0x20c8</load_address>
         <run_address>0x20c8</run_address>
         <size>0x4</size>
         <input_file_ref idref="fl-6"/>
      </object_component>
      <object_component id="oc-7a7">
         <name>.const:ti_sysbios_knl_Clock_Module_State_clockQ__O</name>
         <load_address>0x20cc</load_address>
         <run_address>0x20cc</run_address>
         <size>0x4</size>
         <input_file_ref idref="fl-6"/>
      </object_component>
      <object_component id="oc-7aa">
         <name>.const:ti_sysbios_knl_Semaphore_Instance_State_pendQ__O</name>
         <load_address>0x20d0</load_address>
         <run_address>0x20d0</run_address>
         <size>0x4</size>
         <input_file_ref idref="fl-6"/>
      </object_component>
      <object_component id="oc-83d">
         <name>.const:ti_sysbios_knl_Task_Module_State_inactiveQ__O</name>
         <load_address>0x20d4</load_address>
         <run_address>0x20d4</run_address>
         <size>0x4</size>
         <input_file_ref idref="fl-6"/>
      </object_component>
      <object_component id="oc-76e">
         <name>.const:ti_sysbios_knl_Task_Object__count__C</name>
         <load_address>0x20d8</load_address>
         <run_address>0x20d8</run_address>
         <size>0x4</size>
         <input_file_ref idref="fl-6"/>
      </object_component>
      <object_component id="oc-7d0">
         <name>.const:ti_sysbios_knl_Task_allBlockedFunc__C</name>
         <load_address>0x20dc</load_address>
         <run_address>0x20dc</run_address>
         <size>0x4</size>
         <input_file_ref idref="fl-6"/>
      </object_component>
      <object_component id="oc-771">
         <name>.const:ti_sysbios_knl_Task_numConstructedTasks__C</name>
         <load_address>0x20e0</load_address>
         <run_address>0x20e0</run_address>
         <size>0x4</size>
         <input_file_ref idref="fl-6"/>
      </object_component>
      <object_component id="oc-681">
         <name>.const:xdc_runtime_Assert_E_assertFailed__C</name>
         <load_address>0x20e4</load_address>
         <run_address>0x20e4</run_address>
         <size>0x4</size>
         <input_file_ref idref="fl-6"/>
      </object_component>
      <object_component id="oc-87a">
         <name>.const:xdc_runtime_Error_Module__diagsEnabled__C</name>
         <load_address>0x20e8</load_address>
         <run_address>0x20e8</run_address>
         <size>0x4</size>
         <input_file_ref idref="fl-6"/>
      </object_component>
      <object_component id="oc-877">
         <name>.const:xdc_runtime_Error_Module__diagsIncluded__C</name>
         <load_address>0x20ec</load_address>
         <run_address>0x20ec</run_address>
         <size>0x4</size>
         <input_file_ref idref="fl-6"/>
      </object_component>
      <object_component id="oc-87d">
         <name>.const:xdc_runtime_Error_Module__diagsMask__C</name>
         <load_address>0x20f0</load_address>
         <run_address>0x20f0</run_address>
         <size>0x4</size>
         <input_file_ref idref="fl-6"/>
      </object_component>
      <object_component id="oc-883">
         <name>.const:xdc_runtime_Error_Module__loggerFxn8__C</name>
         <load_address>0x20f4</load_address>
         <run_address>0x20f4</run_address>
         <size>0x4</size>
         <input_file_ref idref="fl-6"/>
      </object_component>
      <object_component id="oc-880">
         <name>.const:xdc_runtime_Error_Module__loggerObj__C</name>
         <load_address>0x20f8</load_address>
         <run_address>0x20f8</run_address>
         <size>0x4</size>
         <input_file_ref idref="fl-6"/>
      </object_component>
      <object_component id="oc-72a">
         <name>.const:xdc_runtime_Error_policyFxn__C</name>
         <load_address>0x20fc</load_address>
         <run_address>0x20fc</run_address>
         <size>0x4</size>
         <input_file_ref idref="fl-6"/>
      </object_component>
      <object_component id="oc-889">
         <name>.const:xdc_runtime_Error_raiseHook__C</name>
         <load_address>0x2100</load_address>
         <run_address>0x2100</run_address>
         <size>0x4</size>
         <input_file_ref idref="fl-6"/>
      </object_component>
      <object_component id="oc-60f">
         <name>.const:xdc_runtime_IGateProvider_Interface__BASE__C</name>
         <load_address>0x2104</load_address>
         <run_address>0x2104</run_address>
         <size>0x4</size>
         <input_file_ref idref="fl-6"/>
      </object_component>
      <object_component id="oc-6c8">
         <name>.const:xdc_runtime_IModule_Interface__BASE__C</name>
         <load_address>0x2108</load_address>
         <run_address>0x2108</run_address>
         <size>0x4</size>
         <input_file_ref idref="fl-6"/>
      </object_component>
      <object_component id="oc-871">
         <name>.const:xdc_runtime_Log_L_error__C</name>
         <load_address>0x210c</load_address>
         <run_address>0x210c</run_address>
         <size>0x4</size>
         <input_file_ref idref="fl-6"/>
      </object_component>
      <object_component id="oc-1c1">
         <name>.const:xdc_runtime_Startup_execImpl__C</name>
         <load_address>0x2110</load_address>
         <run_address>0x2110</run_address>
         <size>0x4</size>
         <input_file_ref idref="fl-6"/>
      </object_component>
      <object_component id="oc-546">
         <name>.const:xdc_runtime_Startup_maxPasses__C</name>
         <load_address>0x2114</load_address>
         <run_address>0x2114</run_address>
         <size>0x4</size>
         <input_file_ref idref="fl-6"/>
      </object_component>
      <object_component id="oc-540">
         <name>.const:xdc_runtime_Startup_sfxnRts__C</name>
         <load_address>0x2118</load_address>
         <run_address>0x2118</run_address>
         <size>0x4</size>
         <input_file_ref idref="fl-6"/>
      </object_component>
      <object_component id="oc-543">
         <name>.const:xdc_runtime_Startup_sfxnTab__C</name>
         <load_address>0x211c</load_address>
         <run_address>0x211c</run_address>
         <size>0x4</size>
         <input_file_ref idref="fl-6"/>
      </object_component>
      <object_component id="oc-69a">
         <name>.const:xdc_runtime_SysCallback_abortFxn__C</name>
         <load_address>0x2120</load_address>
         <run_address>0x2120</run_address>
         <size>0x4</size>
         <input_file_ref idref="fl-6"/>
      </object_component>
      <object_component id="oc-308">
         <name>.const:xdc_runtime_SysCallback_exitFxn__C</name>
         <load_address>0x2124</load_address>
         <run_address>0x2124</run_address>
         <size>0x4</size>
         <input_file_ref idref="fl-6"/>
      </object_component>
      <object_component id="oc-304">
         <name>.const:xdc_runtime_System_Module__gateObj__C</name>
         <load_address>0x2128</load_address>
         <run_address>0x2128</run_address>
         <size>0x4</size>
         <input_file_ref idref="fl-6"/>
      </object_component>
      <object_component id="oc-5f3">
         <name>.const:xdc_runtime_System_abortFxn__C</name>
         <load_address>0x212c</load_address>
         <run_address>0x212c</run_address>
         <size>0x4</size>
         <input_file_ref idref="fl-6"/>
      </object_component>
      <object_component id="oc-bd">
         <name>.const:xdc_runtime_System_exitFxn__C</name>
         <load_address>0x2130</load_address>
         <run_address>0x2130</run_address>
         <size>0x4</size>
         <input_file_ref idref="fl-6"/>
      </object_component>
      <object_component id="oc-62c">
         <name>.const:xdc_runtime_System_maxAtexitHandlers__C</name>
         <load_address>0x2134</load_address>
         <run_address>0x2134</run_address>
         <size>0x4</size>
         <input_file_ref idref="fl-6"/>
      </object_component>
      <object_component id="oc-720">
         <name>.const:xdc_runtime_Text_charTab__C</name>
         <load_address>0x2138</load_address>
         <run_address>0x2138</run_address>
         <size>0x4</size>
         <input_file_ref idref="fl-6"/>
      </object_component>
      <object_component id="oc-5ca">
         <name>.const:ti_catalog_arm_cortexm4_tiva_ce_Boot_Module__id__C</name>
         <load_address>0x213c</load_address>
         <run_address>0x213c</run_address>
         <size>0x2</size>
         <input_file_ref idref="fl-6"/>
      </object_component>
      <object_component id="oc-8a8">
         <name>.const:ti_sysbios_knl_Task_initStackFlag__C</name>
         <load_address>0x213e</load_address>
         <run_address>0x213e</run_address>
         <size>0x2</size>
         <input_file_ref idref="fl-6"/>
      </object_component>
      <object_component id="oc-874">
         <name>.const:xdc_runtime_Error_Module__loggerDefined__C</name>
         <load_address>0x2140</load_address>
         <run_address>0x2140</run_address>
         <size>0x2</size>
         <input_file_ref idref="fl-6"/>
      </object_component>
      <object_component id="oc-88c">
         <name>.const:xdc_runtime_Error_maxDepth__C</name>
         <load_address>0x2142</load_address>
         <run_address>0x2142</run_address>
         <size>0x2</size>
         <input_file_ref idref="fl-6"/>
      </object_component>
      <object_component id="oc-67e">
         <name>.const:xdc_runtime_Text_isLoaded__C</name>
         <load_address>0x2144</load_address>
         <run_address>0x2144</run_address>
         <size>0x2</size>
         <input_file_ref idref="fl-6"/>
      </object_component>
      <object_component id="oc-88f">
         <name>.const:xdc_runtime_Error_policy__C</name>
         <load_address>0x2146</load_address>
         <run_address>0x2146</run_address>
         <size>0x1</size>
         <input_file_ref idref="fl-6"/>
      </object_component>
      <object_component id="oc-94b">
         <name>.cinit..data.load</name>
         <load_address>0x2148</load_address>
         <run_address>0x2148</run_address>
         <size>0x101</size>
      </object_component>
      <object_component id="oc-949">
         <name>__TI_handler_table</name>
         <load_address>0x224c</load_address>
         <run_address>0x224c</run_address>
         <size>0xc</size>
      </object_component>
      <object_component id="oc-94c">
         <name>.cinit..bss.load</name>
         <load_address>0x2258</load_address>
         <run_address>0x2258</run_address>
         <size>0x8</size>
      </object_component>
      <object_component id="oc-94d">
         <name>.cinit..vecs.load</name>
         <load_address>0x2260</load_address>
         <run_address>0x2260</run_address>
         <size>0x8</size>
      </object_component>
      <object_component id="oc-94a">
         <name>__TI_cinit_table</name>
         <load_address>0x2268</load_address>
         <run_address>0x2268</run_address>
         <size>0x18</size>
      </object_component>
      <object_component id="oc-2fa">
         <name>.data:ti_sysbios_BIOS_Module__state__V</name>
         <load_address>0x20000a20</load_address>
         <run_address>0x20000a20</run_address>
         <size>0x24</size>
         <input_file_ref idref="fl-6"/>
      </object_component>
      <object_component id="oc-695">
         <name>.data:ti_sysbios_family_arm_lm4_Timer_Object__table__V</name>
         <load_address>0x20000950</load_address>
         <run_address>0x20000950</run_address>
         <size>0x40</size>
         <input_file_ref idref="fl-6"/>
      </object_component>
      <object_component id="oc-5e5">
         <name>.data:ti_sysbios_family_arm_lm4_Timer_Module_State_0_device__A</name>
         <load_address>0x200009c4</load_address>
         <run_address>0x200009c4</run_address>
         <size>0x30</size>
         <input_file_ref idref="fl-6"/>
      </object_component>
      <object_component id="oc-5e8">
         <name>.data:ti_sysbios_family_arm_lm4_Timer_Module_State_0_handles__A</name>
         <load_address>0x20000a80</load_address>
         <run_address>0x20000a80</run_address>
         <size>0x18</size>
         <input_file_ref idref="fl-6"/>
      </object_component>
      <object_component id="oc-536">
         <name>.data:ti_sysbios_family_arm_lm4_Timer_Module__state__V</name>
         <load_address>0x20000abc</load_address>
         <run_address>0x20000abc</run_address>
         <size>0xc</size>
         <input_file_ref idref="fl-6"/>
      </object_component>
      <object_component id="oc-73e">
         <name>.data:ti_sysbios_family_arm_m3_Hwi_Object__table__V</name>
         <load_address>0x20000a98</load_address>
         <run_address>0x20000a98</run_address>
         <size>0x18</size>
         <input_file_ref idref="fl-6"/>
      </object_component>
      <object_component id="oc-3a3">
         <name>.data:ti_sysbios_family_arm_m3_Hwi_Module_State_0_excActive__A</name>
         <load_address>0x20000afc</load_address>
         <run_address>0x20000afc</run_address>
         <size>0x2</size>
         <input_file_ref idref="fl-6"/>
      </object_component>
      <object_component id="oc-3a6">
         <name>.data:ti_sysbios_family_arm_m3_Hwi_Module_State_0_excContext__A</name>
         <load_address>0x20000aec</load_address>
         <run_address>0x20000aec</run_address>
         <size>0x4</size>
         <input_file_ref idref="fl-6"/>
      </object_component>
      <object_component id="oc-3a9">
         <name>.data:ti_sysbios_family_arm_m3_Hwi_Module_State_0_excStack__A</name>
         <load_address>0x20000af0</load_address>
         <run_address>0x20000af0</run_address>
         <size>0x4</size>
         <input_file_ref idref="fl-6"/>
      </object_component>
      <object_component id="oc-29e">
         <name>.data:ti_sysbios_family_arm_m3_Hwi_Module__state__V</name>
         <load_address>0x20000990</load_address>
         <run_address>0x20000990</run_address>
         <size>0x34</size>
         <input_file_ref idref="fl-6"/>
      </object_component>
      <object_component id="oc-495">
         <name>.data:ti_sysbios_gates_GateHwi_Object__table__V</name>
         <load_address>0x20000af4</load_address>
         <run_address>0x20000af4</run_address>
         <size>0x4</size>
         <input_file_ref idref="fl-6"/>
      </object_component>
      <object_component id="oc-47d">
         <name>.data:ti_sysbios_gates_GateMutex_Object__table__V</name>
         <load_address>0x20000a64</load_address>
         <run_address>0x20000a64</run_address>
         <size>0x1c</size>
         <input_file_ref idref="fl-6"/>
      </object_component>
      <object_component id="oc-758">
         <name>.data:ti_sysbios_knl_Clock_Module__state__V</name>
         <load_address>0x200009f4</load_address>
         <run_address>0x200009f4</run_address>
         <size>0x2c</size>
         <input_file_ref idref="fl-6"/>
      </object_component>
      <object_component id="oc-81b">
         <name>.data:ti_sysbios_knl_Task_Object__table__V</name>
         <load_address>0x200008c0</load_address>
         <run_address>0x200008c0</run_address>
         <size>0x4c</size>
         <input_file_ref idref="fl-6"/>
      </object_component>
      <object_component id="oc-7ae">
         <name>.data:ti_sysbios_knl_Task_Module_State_0_readyQ__A</name>
         <load_address>0x20000a44</load_address>
         <run_address>0x20000a44</run_address>
         <size>0x20</size>
         <input_file_ref idref="fl-6"/>
      </object_component>
      <object_component id="oc-7b1">
         <name>.data:ti_sysbios_knl_Task_Module_State_0_idleTask__A</name>
         <load_address>0x20000af8</load_address>
         <run_address>0x20000af8</run_address>
         <size>0x4</size>
         <input_file_ref idref="fl-6"/>
      </object_component>
      <object_component id="oc-6d4">
         <name>.data:ti_sysbios_knl_Task_Module__state__V</name>
         <load_address>0x2000090c</load_address>
         <run_address>0x2000090c</run_address>
         <size>0x44</size>
         <input_file_ref idref="fl-6"/>
      </object_component>
      <object_component id="oc-886">
         <name>.data:xdc_runtime_Error_Module__state__V</name>
         <load_address>0x20000afe</load_address>
         <run_address>0x20000afe</run_address>
         <size>0x2</size>
         <input_file_ref idref="fl-6"/>
      </object_component>
      <object_component id="oc-1c7">
         <name>.data:xdc_runtime_Startup_Module__state__V</name>
         <load_address>0x20000ad8</load_address>
         <run_address>0x20000ad8</run_address>
         <size>0x8</size>
         <input_file_ref idref="fl-6"/>
      </object_component>
      <object_component id="oc-1f7">
         <name>.data:xdc_runtime_System_Module__state__V</name>
         <load_address>0x20000ae0</load_address>
         <run_address>0x20000ae0</run_address>
         <size>0x8</size>
         <input_file_ref idref="fl-6"/>
      </object_component>
      <object_component id="oc-449">
         <name>.data</name>
         <load_address>0x20000ad0</load_address>
         <run_address>0x20000ad0</run_address>
         <size>0x8</size>
         <input_file_ref idref="fl-12"/>
      </object_component>
      <object_component id="oc-312">
         <name>.data:$O1$$</name>
         <load_address>0x20000ac8</load_address>
         <run_address>0x20000ac8</run_address>
         <size>0x8</size>
         <input_file_ref idref="fl-e2"/>
      </object_component>
      <object_component id="oc-30f">
         <name>.data:$O1$$</name>
         <load_address>0x20000ab0</load_address>
         <run_address>0x20000ab0</run_address>
         <size>0xc</size>
         <input_file_ref idref="fl-e8"/>
      </object_component>
      <object_component id="oc-70">
         <name>.data</name>
         <load_address>0x20000ae8</load_address>
         <run_address>0x20000ae8</run_address>
         <size>0x4</size>
         <input_file_ref idref="fl-eb"/>
      </object_component>
      <object_component id="oc-898">
         <name>.bss:taskStackSection</name>
         <uninitialized>true</uninitialized>
         <run_address>0x200006c0</run_address>
         <size>0x200</size>
         <input_file_ref idref="fl-6"/>
      </object_component>
      <object_component id="oc-3ac">
         <name>.common:ti_sysbios_family_arm_m3_Hwi_dispatchTable</name>
         <uninitialized>true</uninitialized>
         <run_address>0x20000360</run_address>
         <size>0x360</size>
      </object_component>
      <object_component id="oc-3a">
         <name>.stack</name>
         <uninitialized>true</uninitialized>
         <run_address>0x20000b00</run_address>
         <size>0x0</size>
         <input_file_ref idref="fl-26"/>
      </object_component>
      <object_component id="oc-94e">
         <name>.stack</name>
         <uninitialized>true</uninitialized>
         <run_address>0x20000b00</run_address>
         <size>0x0</size>
      </object_component>
      <object_component id="oc-5e">
         <name>.bootVecs</name>
         <load_address>0x0</load_address>
         <run_address>0x0</run_address>
         <size>0x8</size>
         <input_file_ref idref="fl-26"/>
      </object_component>
      <object_component id="oc-37">
         <name>.vecs</name>
         <uninitialized>true</uninitialized>
         <run_address>0x20000000</run_address>
         <size>0x360</size>
         <input_file_ref idref="fl-6"/>
      </object_component>
      <object_component id="oc-34">
         <name>.resetVecs</name>
         <load_address>0x0</load_address>
         <run_address>0x0</run_address>
         <size>0x3c</size>
         <input_file_ref idref="fl-6"/>
      </object_component>
      <object_component id="oc-31">
         <name>xdc.meta</name>
         <load_address>0x0</load_address>
         <run_address>0x0</run_address>
         <size>0xe2</size>
         <input_file_ref idref="fl-6"/>
      </object_component>
      <object_component id="oc-7db">
         <name>xdc.noload</name>
         <load_address>0x0</load_address>
         <run_address>0x0</run_address>
         <size>0x13a6</size>
         <input_file_ref idref="fl-6"/>
      </object_component>
      <object_component id="oc-233">
         <name>.debug_info</name>
         <load_address>0x0</load_address>
         <run_address>0x0</run_address>
         <size>0x13d9</size>
         <input_file_ref idref="fl-2"/>
      </object_component>
      <object_component id="oc-454">
         <name>.debug_info</name>
         <load_address>0x13d9</load_address>
         <run_address>0x13d9</run_address>
         <size>0xd7</size>
         <input_file_ref idref="fl-2"/>
      </object_component>
      <object_component id="oc-2f6">
         <name>.debug_info</name>
         <load_address>0x14b0</load_address>
         <run_address>0x14b0</run_address>
         <size>0xd7</size>
         <input_file_ref idref="fl-2"/>
      </object_component>
      <object_component id="oc-1cc">
         <name>.debug_info</name>
         <load_address>0x1587</load_address>
         <run_address>0x1587</run_address>
         <size>0x1dd</size>
         <input_file_ref idref="fl-2"/>
      </object_component>
      <object_component id="oc-1d2">
         <name>.debug_info</name>
         <load_address>0x1764</load_address>
         <run_address>0x1764</run_address>
         <size>0x224</size>
         <input_file_ref idref="fl-2"/>
      </object_component>
      <object_component id="oc-367">
         <name>.debug_info</name>
         <load_address>0x1988</load_address>
         <run_address>0x1988</run_address>
         <size>0x86</size>
         <input_file_ref idref="fl-2"/>
      </object_component>
      <object_component id="oc-4d1">
         <name>.debug_info</name>
         <load_address>0x1a0e</load_address>
         <run_address>0x1a0e</run_address>
         <size>0x4f2</size>
         <input_file_ref idref="fl-2"/>
      </object_component>
      <object_component id="oc-4d6">
         <name>.debug_info</name>
         <load_address>0x1f00</load_address>
         <run_address>0x1f00</run_address>
         <size>0x967</size>
         <input_file_ref idref="fl-2"/>
      </object_component>
      <object_component id="oc-38f">
         <name>.debug_info</name>
         <load_address>0x2867</load_address>
         <run_address>0x2867</run_address>
         <size>0x1477</size>
         <input_file_ref idref="fl-2"/>
      </object_component>
      <object_component id="oc-cc">
         <name>.debug_info</name>
         <load_address>0x3cde</load_address>
         <run_address>0x3cde</run_address>
         <size>0x363</size>
         <input_file_ref idref="fl-2"/>
[...]
      <symbol id="sm-972">
         <name>ti_sysbios_gates_GateHwi_enter__E</name>
         <value>0x1f21</value>
         <object_component_ref idref="oc-48e"/>
      </symbol>
      <symbol id="sm-973">
         <name>ti_sysbios_gates_GateHwi_query__E</name>
         <value>0x1f89</value>
         <object_component_ref idref="oc-65e"/>
      </symbol>
      <symbol id="sm-974">
         <name>ti_sysbios_family_arm_lm4_Timer_masterDisable__I</name>
         <value>0x1f51</value>
         <object_component_ref idref="oc-5d8"/>
      </symbol>
      <symbol id="sm-975">
         <name>ti_sysbios_family_arm_lm4_Timer_startup__E</name>
         <value>0x16e9</value>
         <object_component_ref idref="oc-571"/>
      </symbol>
      <symbol id="sm-976">
         <name>ti_sysbios_knl_Task_sleep__E</name>
         <value>0x809</value>
         <object_component_ref idref="oc-8f3"/>
      </symbol>
      <symbol id="sm-977">
         <name>ti_sysbios_knl_Task_restoreHwi__E</name>
         <value>0x1d29</value>
         <object_component_ref idref="oc-90b"/>
      </symbol>
      <symbol id="sm-978">
         <name>ti_sysbios_knl_Idle_run__E</name>
         <value>0x1bb1</value>
         <object_component_ref idref="oc-7ca"/>
      </symbol>
      <symbol id="sm-979">
         <name>ti_sysbios_family_arm_m3_TaskSupport_start__E</name>
         <value>0x1769</value>
         <object_component_ref idref="oc-81f"/>
      </symbol>
      <symbol id="sm-97a">
         <name>ti_sysbios_knl_Task_schedule__I</name>
         <value>0x14b1</value>
         <object_component_ref idref="oc-851"/>
      </symbol>
      <symbol id="sm-97b">
         <name>ti_sysbios_gates_GateMutex_leave__E</name>
         <value>0x1d11</value>
         <object_component_ref idref="oc-61e"/>
      </symbol>
      <symbol id="sm-97c">
         <name>ti_sysbios_family_arm_lm4_Timer_enableTiva__I</name>
         <value>0x8e9</value>
         <object_component_ref idref="oc-5dd"/>
      </symbol>
      <symbol id="sm-97d">
         <name>ti_sysbios_knl_Task_restore__E</name>
         <value>0x1ae1</value>
         <object_component_ref idref="oc-79b"/>
      </symbol>
      <symbol id="sm-97e">
         <name>ti_sysbios_family_arm_lm4_Timer_enableTimers__I</name>
         <value>0xc99</value>
         <object_component_ref idref="oc-42e"/>
      </symbol>
      <symbol id="sm-97f">
         <name>ti_sysbios_BIOS_start__E</name>
         <value>0x1e59</value>
         <object_component_ref idref="oc-1dd"/>
      </symbol>
      <symbol id="sm-980">
         <name>ti_sysbios_family_arm_m3_Hwi_postInit__I</name>
         <value>0xeb9</value>
         <object_component_ref idref="oc-782"/>
      </symbol>
      <symbol id="sm-981">
         <name>ti_sysbios_family_arm_m3_Hwi_disableFxn__E</name>
         <value>0x1f11</value>
         <object_component_ref idref="oc-2e3"/>
      </symbol>
      <symbol id="sm-982">
         <name>ti_sysbios_family_arm_m3_Hwi_switchFromBootStack__E</name>
         <value>0x1df9</value>
         <object_component_ref idref="oc-709"/>
      </symbol>
      <symbol id="sm-983">
         <name>ti_sysbios_gates_GateMutex_query__E</name>
         <value>0x1f91</value>
         <object_component_ref idref="oc-612"/>
      </symbol>
      <symbol id="sm-984">
         <name>ti_sysbios_family_arm_lm4_Timer_Module_startup__E</name>
         <value>0x10e9</value>
         <object_component_ref idref="oc-6c0"/>
      </symbol>
      <symbol id="sm-985">
         <name>ti_sysbios_knl_Clock_workFunc__E</name>
         <value>0x1011</value>
         <object_component_ref idref="oc-800"/>
      </symbol>
      <symbol id="sm-986">
         <name>ti_sysbios_family_arm_m3_Hwi_restoreFxn__E</name>
         <value>0x1f71</value>
         <object_component_ref idref="oc-2ef"/>
      </symbol>
      <symbol id="sm-987">
         <name>ti_sysbios_family_arm_lm4_Timer_isrStub__E</name>
         <value>0x15d9</value>
         <object_component_ref idref="oc-807"/>
      </symbol>
      <symbol id="sm-988">
         <name>ti_sysbios_family_arm_m3_Hwi_initNVIC__E</name>
         <value>0xc01</value>
         <object_component_ref idref="oc-428"/>
      </symbol>
      <symbol id="sm-989">
         <name>ti_sysbios_knl_Task_unblockI__E</name>
         <value>0x1919</value>
         <object_component_ref idref="oc-7b8"/>
      </symbol>
      <symbol id="sm-98a">
         <name>ti_sysbios_family_arm_m3_Hwi_disableInterrupt__E</name>
         <value>0x1501</value>
         <object_component_ref idref="oc-524"/>
      </symbol>
      <symbol id="sm-98b">
         <name>ti_sysbios_family_arm_lm4_Timer_write__I</name>
         <value>0x1b09</value>
         <object_component_ref idref="oc-52a"/>
      </symbol>
      <symbol id="sm-98c">
         <name>ti_sysbios_knl_Clock_Module_startup__E</name>
         <value>0x1ab9</value>
         <object_component_ref idref="oc-6a8"/>
      </symbol>
      <symbol id="sm-98d">
         <name>ti_sysbios_knl_Task_Module_startup__E</name>
         <value>0x1151</value>
         <object_component_ref idref="oc-6ae"/>
      </symbol>
      <symbol id="sm-98e">
         <name>ti_sysbios_family_arm_m3_Hwi_Module_startup__E</name>
         <value>0x1371</value>
         <object_component_ref idref="oc-6ba"/>
      </symbol>
      <symbol id="sm-98f">
         <name>ti_sysbios_gates_GateMutex_enter__E</name>
         <value>0x18b9</value>
         <object_component_ref idref="oc-618"/>
      </symbol>
      <symbol id="sm-9a9">
         <name>ti_sysbios_knl_Task_swapReturn</name>
         <value>0x1d01</value>
         <object_component_ref idref="oc-70f"/>
      </symbol>
      <symbol id="sm-9aa">
         <name>ti_sysbios_family_arm_m3_TaskSupport_glue</name>
         <value>0x1e69</value>
         <object_component_ref idref="oc-900"/>
      </symbol>
      <symbol id="sm-9ab">
         <name>ti_sysbios_family_arm_m3_TaskSupport_buildTaskStack</name>
         <value>0xd25</value>
         <object_component_ref idref="oc-8a3"/>
      </symbol>
      <symbol id="sm-9ac">
         <name>ti_sysbios_family_arm_m3_TaskSupport_swap__E</name>
         <value>0x1cf5</value>
         <object_component_ref idref="oc-70f"/>
      </symbol>
      <symbol id="sm-9ce">
         <name>ti_sysbios_family_arm_m3_Hwi_excHandlerAsm__I</name>
         <value>0x1b6d</value>
         <object_component_ref idref="oc-7e"/>
      </symbol>
      <symbol id="sm-9cf">
         <name>ti_sysbios_family_arm_m3_Hwi_return</name>
         <value>0x1a49</value>
         <object_component_ref idref="oc-83"/>
      </symbol>
      <symbol id="sm-9d0">
         <name>ti_sysbios_family_arm_m3_Hwi_pendSV__I</name>
         <value>0x1a25</value>
         <object_component_ref idref="oc-83"/>
      </symbol>
      <symbol id="sm-9d1">
         <name>ti_sysbios_family_arm_m3_Hwi_dispatch__I</name>
         <value>0x711</value>
         <object_component_ref idref="oc-847"/>
      </symbol>
      <symbol id="sm-9de">
         <name>ti_sysbios_family_arm_m3_Hwi_initStacks__E</name>
         <value>0x12c1</value>
         <object_component_ref idref="oc-7d4"/>
      </symbol>
      <symbol id="sm-a07">
         <name>ti_catalog_arm_cortexm4_tiva_ce_Boot_sysCtlClockSet__E</name>
         <value>0xb6d</value>
         <object_component_ref idref="oc-509"/>
      </symbol>
      <symbol id="sm-a29">
         <name>ti_catalog_arm_cortexm4_tiva_ce_Boot_sysCtlClockSetI__I</name>
         <value>0x511</value>
         <object_component_ref idref="oc-5b8"/>
      </symbol>
      <symbol id="sm-a2a">
         <name>ti_catalog_arm_cortexm4_tiva_ce_Boot_sysCtlDelayI__I</name>
         <value>0x1f61</value>
         <object_component_ref idref="oc-685"/>
      </symbol>
      <symbol id="sm-a48">
         <name>xdc_runtime_Assert_raise__I</name>
         <value>0x1591</value>
         <object_component_ref idref="oc-5b2"/>
      </symbol>
      <symbol id="sm-ab5">
         <name>xdc_runtime_Error_raiseX__E</name>
         <value>0x1c45</value>
         <object_component_ref idref="oc-678"/>
      </symbol>
      <symbol id="sm-ab6">
         <name>xdc_runtime_Error_init__E</name>
         <value>0x1f39</value>
         <object_component_ref idref="oc-8ce"/>
      </symbol>
      <symbol id="sm-ab7">
         <name>xdc_runtime_Error_check__E</name>
         <value>0x1d59</value>
         <object_component_ref idref="oc-825"/>
      </symbol>
      <symbol id="sm-ab8">
         <name>xdc_runtime_Error_policyDefault__E</name>
         <value>0x2e5</value>
         <object_component_ref idref="oc-7ec"/>
      </symbol>
      <symbol id="sm-ab9">
         <name>xdc_runtime_Error_setX__E</name>
         <value>0x1665</value>
         <object_component_ref idref="oc-86b"/>
      </symbol>
      <symbol id="sm-ad7">
         <name>xdc_runtime_Gate_leaveSystem__E</name>
         <value>0x1e99</value>
         <object_component_ref idref="oc-626"/>
      </symbol>
      <symbol id="sm-ad8">
         <name>xdc_runtime_Gate_enterSystem__E</name>
         <value>0x1f45</value>
         <object_component_ref idref="oc-1eb"/>
      </symbol>
      <symbol id="sm-b13">
         <name>xdc_runtime_Startup_startMods__I</name>
         <value>0x615</value>
         <object_component_ref idref="oc-436"/>
      </symbol>
      <symbol id="sm-b14">
         <name>xdc_runtime_Startup_exec__E</name>
         <value>0x13c1</value>
         <object_component_ref idref="oc-a8"/>
      </symbol>
      <symbol id="sm-b5c">
         <name>xdc_runtime_System_atexit__E</name>
         <value>0x17e1</value>
         <object_component_ref idref="oc-565"/>
      </symbol>
      <symbol id="sm-b5d">
         <name>xdc_runtime_System_abort__E</name>
         <value>0x1c61</value>
         <object_component_ref idref="oc-53a"/>
      </symbol>
      <symbol id="sm-b5e">
         <name>xdc_runtime_System_processAtExit__E</name>
         <value>0x1949</value>
         <object_component_ref idref="oc-b7"/>
      </symbol>
      <symbol id="sm-b5f">
         <name>xdc_runtime_System_exit__E</name>
         <value>0x1d71</value>
         <object_component_ref idref="oc-6a"/>
      </symbol>
      <symbol id="sm-b60">
         <name>xdc_runtime_System_Module_startup__E</name>
         <value>0x1f7f</value>
         <object_component_ref idref="oc-6a2"/>
      </symbol>
      <symbol id="sm-b94">
         <name>xdc_runtime_SysCallback_defaultExit</name>
         <value>0x1267</value>
         <object_component_ref idref="oc-49a"/>
      </symbol>
      <symbol id="sm-b95">
         <name>xdc_runtime_SysCallback_exit__E</name>
         <value>0x1eb9</value>
         <object_component_ref idref="oc-1f1"/>
      </symbol>
      <symbol id="sm-b96">
         <name>xdc_runtime_SysCallback_abort__E</name>
         <value>0x1ea9</value>
         <object_component_ref idref="oc-5ed"/>
      </symbol>
      <symbol id="sm-b97">
         <name>xdc_runtime_SysCallback_defaultAbort</name>
         <value>0x1265</value>
         <object_component_ref idref="oc-743"/>
      </symbol>
      <symbol id="sm-bb6">
         <name>xdc_runtime_Text_ropeText__E</name>
         <value>0x1d89</value>
         <object_component_ref idref="oc-672"/>
      </symbol>
      <symbol id="sm-bcc">
         <name>_c_int00</name>
         <value>0x120d</value>
         <object_component_ref idref="oc-28"/>
      </symbol>
      <symbol id="sm-bcd">
         <name>__stack</name>
         <value>0x20000b00</value>
         <object_component_ref idref="oc-3a"/>
      </symbol>
      <symbol id="sm-bec">
         <name>__TI_auto_init</name>
         <value>0x995</value>
         <object_component_ref idref="oc-5f"/>
      </symbol>
      <symbol id="sm-c01">
         <name>SysCtlPeripheralEnable</name>
         <value>0x1819</value>
         <object_component_ref idref="oc-2c3"/>
      </symbol>
      <symbol id="sm-c39">
         <name>GPIOPinTypeGPIOInput</name>
         <value>0x1e0d</value>
         <object_component_ref idref="oc-2d0"/>
      </symbol>
      <symbol id="sm-c3a">
         <name>GPIOPinTypeGPIOOutput</name>
         <value>0x1c7d</value>
         <object_component_ref idref="oc-2ca"/>
      </symbol>
      <symbol id="sm-c3b">
         <name>GPIOPinRead</name>
         <value>0xeb3</value>
         <object_component_ref idref="oc-91b"/>
      </symbol>
      <symbol id="sm-c3c">
         <name>GPIODirModeSet</name>
         <value>0x19d1</value>
         <object_component_ref idref="oc-43f"/>
      </symbol>
      <symbol id="sm-c3d">
         <name>GPIOPinWrite</name>
         <value>0x1883</value>
         <object_component_ref idref="oc-2e9"/>
      </symbol>
      <symbol id="sm-c3e">
         <name>GPIOPadConfigSet</name>
         <value>0x1b5</value>
         <object_component_ref idref="oc-2d6"/>
      </symbol>
      <symbol id="sm-c58">
         <name>_nop</name>
         <value>0x1ddb</value>
         <object_component_ref idref="oc-4b0"/>
      </symbol>
      <symbol id="sm-c59">
         <name>_lock</name>
         <value>0x20000ac8</value>
         <object_component_ref idref="oc-312"/>
      </symbol>
      <symbol id="sm-c5a">
         <name>_unlock</name>
         <value>0x20000acc</value>
         <object_component_ref idref="oc-312"/>
      </symbol>
      <symbol id="sm-c5b">
         <name>_register_lock</name>
         <value>0x1dd3</value>
         <object_component_ref idref="oc-4b0"/>
      </symbol>
      <symbol id="sm-c5c">
         <name>_register_unlock</name>
         <value>0x1dcd</value>
         <object_component_ref idref="oc-4b0"/>
      </symbol>
      <symbol id="sm-c70">
         <name>_args_main</name>
         <value>0x1c95</value>
         <object_component_ref idref="oc-64"/>
      </symbol>
      <symbol id="sm-c8e">
         <name>__TI_decompress_lzss</name>
         <value>0x107d</value>
         <object_component_ref idref="oc-16"/>
      </symbol>
      <symbol id="sm-ca5">
         <name>__TI_decompress_none</name>
         <value>0x1ec9</value>
         <object_component_ref idref="oc-1c"/>
      </symbol>
      <symbol id="sm-cbc">
         <name>__TI_zero_init</name>
         <value>0x1ef5</value>
         <object_component_ref idref="oc-22"/>
      </symbol>
      <symbol id="sm-ce0">
         <name>copy_in</name>
         <value>0x1411</value>
         <object_component_ref idref="oc-a2"/>
      </symbol>
      <symbol id="sm-d01">
         <name>C$$EXIT</name>
         <value>0x1319</value>
         <object_component_ref idref="oc-1fb"/>
      </symbol>
      <symbol id="sm-d02">
         <name>abort</name>
         <value>0x131d</value>
         <object_component_ref idref="oc-1fb"/>
      </symbol>
      <symbol id="sm-d03">
         <name>exit</name>
         <value>0x1325</value>
         <object_component_ref idref="oc-1fb"/>
      </symbol>
      <symbol id="sm-d04">
         <name>__TI_dtors_ptr</name>
         <value>0x20000ab4</value>
         <object_component_ref idref="oc-30f"/>
      </symbol>
      <symbol id="sm-d05">
         <name>__TI_cleanup_ptr</name>
         <value>0x20000ab0</value>
         <object_component_ref idref="oc-30f"/>
      </symbol>
      <symbol id="sm-d06">
         <name>__TI_enable_exit_profile_output</name>
         <value>0x20000ab8</value>
         <object_component_ref idref="oc-30f"/>
      </symbol>
      <symbol id="sm-d21">
         <name>memcpy</name>
         <value>0xa35</value>
         <object_component_ref idref="oc-46"/>
      </symbol>
      <symbol id="sm-d22">
         <name>__aeabi_memcpy</name>
         <value>0xa35</value>
         <object_component_ref idref="oc-46"/>
      </symbol>
      <symbol id="sm-d23">
         <name>__aeabi_memcpy8</name>
         <value>0xa35</value>
         <object_component_ref idref="oc-46"/>
      </symbol>
      <symbol id="sm-d24">
         <name>__aeabi_memcpy4</name>
         <value>0xa35</value>
         <object_component_ref idref="oc-46"/>
      </symbol>
      <symbol id="sm-d33">
         <name>__aeabi_memset</name>
         <value>0xe3b</value>
         <object_component_ref idref="oc-52"/>
      </symbol>
      <symbol id="sm-d34">
         <name>memset</name>
         <value>0xe41</value>
         <object_component_ref idref="oc-52"/>
      </symbol>
      <symbol id="sm-d35">
         <name>__aeabi_memset8</name>
         <value>0xe3b</value>
         <object_component_ref idref="oc-52"/>
      </symbol>
      <symbol id="sm-d36">
         <name>__aeabi_memset4</name>
         <value>0xe3b</value>
         <object_component_ref idref="oc-52"/>
      </symbol>
      <symbol id="sm-d37">
         <name>__aeabi_memclr8</name>
         <value>0xe39</value>
         <object_component_ref idref="oc-52"/>
      </symbol>
      <symbol id="sm-d38">
         <name>__aeabi_memclr4</name>
         <value>0xe39</value>
         <object_component_ref idref="oc-52"/>
      </symbol>
      <symbol id="sm-d39">
         <name>__aeabi_memclr</name>
         <value>0xe39</value>
         <object_component_ref idref="oc-52"/>
      </symbol>
      <symbol id="sm-d41">
         <name>main_func_sp</name>
         <value>0x20000ae8</value>
         <object_component_ref idref="oc-70"/>
      </symbol>
      <symbol id="sm-d47">
         <name>__TI_static_base__</name>
         <value>0x2148</value>
      </symbol>
      <symbol id="sm-d4a">
         <name>SHT$$INIT_ARRAY$$Base</name>
         <value>0x0</value>
      </symbol>
      <symbol id="sm-d4b">
         <name>SHT$$INIT_ARRAY$$Limit</name>
         <value>0x0</value>
      </symbol>
      <symbol id="sm-d4c">
         <name>ti_sysbios_BIOS_RtsGateProxy_query__E</name>
         <value>0x1f91</value>
      </symbol>
      <symbol id="sm-d4d">
         <name>ti_sysbios_hal_Hwi_HwiProxy_getStackInfo__E</name>
         <value>0x1621</value>
      </symbol>
      <symbol id="sm-d4e">
         <name>ti_sysbios_hal_Hwi_HwiProxy_startup__E</name>
         <value>0x1f59</value>
      </symbol>
      <symbol id="sm-d4f">
         <name>ti_sysbios_hal_Hwi_HwiProxy_disable__E</name>
         <value>0x1f11</value>
      </symbol>
      <symbol id="sm-d50">
         <name>ti_sysbios_hal_Hwi_HwiProxy_restore__E</name>
         <value>0x1f71</value>
      </symbol>
      <symbol id="sm-d51">
         <name>ti_sysbios_hal_Hwi_HwiProxy_switchFromBootStack__E</name>
         <value>0x1df9</value>
      </symbol>
      <symbol id="sm-d52">
         <name>ti_sysbios_hal_Hwi_HwiProxy_disableInterrupt__E</name>
         <value>0x1501</value>
      </symbol>
      <symbol id="sm-d53">
         <name>ti_sysbios_hal_Hwi_HwiProxy_enableInterrupt__E</name>
         <value>0x1549</value>
      </symbol>
      <symbol id="sm-d54">
         <name>ti_sysbios_knl_Clock_TimerProxy_startup__E</name>
         <value>0x16e9</value>
      </symbol>
      <symbol id="sm-d55">
         <name>ti_sysbios_knl_Task_SupportProxy_start__E</name>
         <value>0x1769</value>
      </symbol>
      <symbol id="sm-d56">
         <name>ti_sysbios_knl_Task_SupportProxy_swap__E</name>
         <value>0x1cf5</value>
      </symbol>
      <symbol id="sm-d57">
         <name>xdc_runtime_Main_Module_GateProxy_query__E</name>
         <value>0x1f89</value>
      </symbol>
      <symbol id="sm-d58">
         <name>xdc_runtime_System_Module_GateProxy_query__E</name>
         <value>0x1f89</value>
      </symbol>
      <symbol id="sm-d59">
         <name>xdc_runtime_System_SupportProxy_abort__E</name>
         <value>0x1ea9</value>
      </symbol>
      <symbol id="sm-d5a">
         <name>xdc_runtime_System_SupportProxy_exit__E</name>
         <value>0x1eb9</value>
      </symbol>
      <symbol id="sm-d5b">
         <name>xdc_runtime_System_abortStd__E</name>
         <value>0x131d</value>
      </symbol>
      <symbol id="sm-d5c">
         <name>xdc_runtime_System_exitStd__E</name>
         <value>0x1325</value>
      </symbol>
   </symbol_table>
   <title>Link successful</title>
</link_info>
