******************************************************************************
                  TI ARM Linker PC v16.9.1                     
******************************************************************************
>> Linked Wed Jan 03 19:17:36 2018

OUTPUT FILE NAME:   <blink_TM4C_TASK.out>
ENTRY POINT SYMBOL: "_c_int00"  address: 00004ea9


MEMORY CONFIGURATION

         name            origin    length      used     unused   attr    fill
----------------------  --------  ---------  --------  --------  ----  --------
  FLASH                 00000000   00040000  00008db0  00037250  R  X
  SRAM                  20000000   00008000  00003208  00004df8  RW X


SEGMENT ALLOCATION MAP

run origin  load origin   length   init length attrs members
----------  ----------- ---------- ----------- ----- -------
00000000    00000000    00008db8   00008db8    r-x
  00000000    00000000    0000003c   0000003c    r-- .resetVecs
  00000040    00000040    00006502   00006502    r-x .text
  00006544    00006544    000025c2   000025c2    r-- .const
  00008b08    00008b08    000002b0   000002b0    r-- .cinit
20000000    20000000    00000360   00000000    rw-
  20000000    20000000    00000360   00000000    rw- .vecs
20000380    20000380    00002ea8   00000000    rw-
  20000380    20000380    00002430   00000000    rw- .bss
  200027b0    200027b0    00000678   00000000    rw- .data
  20002e28    20002e28    00000400   00000000    rw- .stack


SECTION ALLOCATION MAP

 output                                  attributes/
section   page    origin      length       input sections
--------  ----  ----------  ----------   ----------------
.resetVecs 
*          0    00000000    0000003c     
                  00000000    0000003c     empty_pem4f.oem4f (.resetVecs)

.text      0    00000040    00006502     
                  00000040    00000430     sysbios.aem4f : BIOS.obj (.text:ti_sysbios_family_arm_m3_Hwi_excDumpRegs__I)
                  00000470    0000033c     ti.targets.arm.rtsarm.aem4f : System.oem4f (.text:xdc_runtime_System_doPrint__I)
                  000007ac    00000324     rtsv7M4_T_le_v4SPD16_eabi.lib : trgdrv.obj (.text)
                  00000ad0    00000314     sysbios.aem4f : BIOS.obj (.text:ti_sysbios_knl_Semaphore_pend__E)
                  00000de4    00000004     driverlib.lib : timer.obj (.text:TimerIntClear)
                  00000de8    00000248     sysbios.aem4f : BIOS.obj (.text:ti_sysbios_family_arm_lm4_Timer_start__E)
                  00001030    000001fc                   : BIOS.obj (.text:ti_sysbios_family_arm_m3_Hwi_excHandlerMax__I)
                  0000122c    00000004     empty_pem4f.oem4f (.text:malloc)
                  00001230    00000174     sysbios.aem4f : BIOS.obj (.text:ti_sysbios_family_arm_m3_Hwi_excBusFault__I)
                  000013a4    00000004     empty_pem4f.oem4f (.text:ti_sysbios_BIOS_RtsGateProxy_enter__E)
                  000013a8    00000164     sysbios.aem4f : BIOS.obj (.text:ti_sysbios_family_arm_m3_Hwi_excUsageFault__I)
                  0000150c    00000004     empty_pem4f.oem4f (.text:ti_sysbios_BIOS_RtsGateProxy_leave__E)
                  00001510    0000014c     sysbios.aem4f : BIOS.obj (.text:ti_sysbios_family_arm_lm4_TimestampProvider_get64__E)
                  0000165c    00000004                   : BIOS.obj (.text:ti_sysbios_family_arm_lm4_Timer_masterEnable__I)
                  00001660    0000014c                   : BIOS.obj (.text:ti_sysbios_family_arm_m3_Hwi_dispatchC__I)
                  000017ac    00000004     empty_pem4f.oem4f (.text:ti_sysbios_family_arm_m3_TaskSupport_Module__startupDone__S)
                  000017b0    00000148     sysbios.aem4f : BIOS.obj (.text:ti_sysbios_family_arm_m3_Hwi_excMemFault__I)
                  000018f8    00000144     ti.targets.arm.rtsarm.aem4f : HeapStd.oem4f (.text:xdc_runtime_HeapStd_alloc__E)
                  00001a3c    00000004     empty_pem4f.oem4f (.text:ti_sysbios_knl_Clock_TimerProxy_getMaxTicks__E)
                  00001a40    00000140     sysbios.aem4f : BIOS.obj (.text:ti_sysbios_knl_Semaphore_post__E)
                  00001b80    0000013c                   : BIOS.obj (.text:ti_sysbios_knl_Clock_workFunc__E)
                  00001cbc    00000004     empty_pem4f.oem4f (.text:ti_sysbios_knl_Clock_TimerProxy_getPeriod__E)
                  00001cc0    00000134     sysbios.aem4f : BIOS.obj (.text:ti_sysbios_utils_Load_logLoads__I)
                  00001df4    00000130     driverlib.lib : gpio.obj (.text:GPIOPadConfigSet)
                  00001f24    00000130     empty_pem4f.oem4f (.text:ti_uia_loggers_LoggerStopMode_writeMemoryRange__E)
                  00002054    00000120     ti.targets.arm.rtsarm.aem4f : Error.oem4f (.text:xdc_runtime_Error_policyDefault__E)
                  00002174    00000004     empty_pem4f.oem4f (.text:ti_sysbios_knl_Queue_destruct)
                  00002178    0000011c     sysbios.aem4f : BIOS.obj (.text:ti_sysbios_knl_Swi_run__I)
                  00002294    00000118     driverlib.lib : sysctl.obj (.text:SysCtlClockGet)
                  000023ac    00000118     empty_pem4f.oem4f (.text:ti_uia_loggers_LoggerStopMode_write8__E)
                  000024c4    00000004     empty_pem4f.oem4f (.text:ti_sysbios_knl_Semaphore_destruct)
                  000024c8    00000110     sysbios.aem4f : BIOS.obj (.text:ti_sysbios_knl_Task_schedule__I)
                  000025d8    00000110                   : BIOS.obj (.text:ti_sysbios_utils_Load_updateThreadContexts__E)
                  000026e8    00000104     Boot.aem4f : Boot_sysctl.oem4f (.text:ti_catalog_arm_cortexm4_tiva_ce_Boot_sysCtlClockSetI__I)
                  000027ec    00000004     ti.uia.loggers.aem4f : LoggerStopMode.oem4f (.text:ti_uia_loggers_LoggerStopMode_getContents__E)
                  000027f0    00000104     sysbios.aem4f : BIOS.obj (.text:ti_sysbios_knl_Task_postInit__I)
                  000028f4    00000104     ti.targets.arm.rtsarm.aem4f : Core-mem.oem4f (.text:xdc_runtime_Core_createObject__I)
                  000029f8    00000100     empty_pem4f.oem4f (.text:ti_uia_loggers_LoggerStopMode_write4__E)
                  00002af8    000000fc     sysbios.aem4f : BIOS.obj (.text:ti_sysbios_knl_Task_startCore__E)
                  00002bf4    000000fc     ti.targets.arm.rtsarm.aem4f : Startup.oem4f (.text:xdc_runtime_Startup_startMods__I)
                  00002cf0    000000f8     empty_pem4f.oem4f (.text:xdc_runtime_System_printfExtend__I)
                  00002de8    000000f4     sysbios.aem4f : m3_Hwi_asm.obj (.text:ti_sysbios_family_arm_m3_Hwi_dispatch__I)
                  00002edc    000000f4     empty_pem4f.oem4f (.text:ti_uia_loggers_LoggerStopMode_write1__E)
                  00002fd0    000000f4     empty_pem4f.oem4f (.text:ti_uia_loggers_LoggerStopMode_write2__E)
                  000030c4    000000f0     driverlib.lib : sysctl.obj (.text:SysCtlClockSet)
                  000031b4    000000e4     empty_pem4f.oem4f (.text:ti_uia_loggers_LoggerStopMode_write0__E)
                  00003298    000000e0     main.obj (.text:ledToggle)
                  00003378    000000cc     ti.targets.arm.rtsarm.aem4f : Core-smem.oem4f (.text:xdc_runtime_Core_constructObject__I)
                  00003444    000000cc                                 : HeapStd.oem4f (.text:xdc_runtime_HeapStd_Instance_init__E)
                  00003510    000000c8     sysbios.aem4f : BIOS.obj (.text:ti_sysbios_family_arm_lm4_TimestampProvider_get32__E)
                  000035d8    000000c8                   : BIOS.obj (.text:ti_sysbios_knl_Task_exit__E)
                  000036a0    000000c4                   : BIOS.obj (.text:ti_sysbios_family_arm_m3_Hwi_Module_startup__E)
                  00003764    00000004     empty_pem4f.oem4f (.text:ti_uia_loggers_LoggerStopMode_getFilterLevel__E)
                  00003768    000000bc     sysbios.aem4f : BIOS.obj (.text:ti_sysbios_family_arm_m3_Hwi_excDebugMon__I)
                  00003824    00000004     ti.uia.loggers.aem4f : LoggerStopMode.oem4f (.text:ti_uia_loggers_LoggerStopMode_getInstanceId__E)
                  00003828    000000bc     sysbios.aem4f : BIOS.obj (.text:ti_sysbios_family_arm_m3_Hwi_excHardFault__I)
                  000038e4    00000004     ti.uia.loggers.aem4f : LoggerStopMode.oem4f (.text:ti_uia_loggers_LoggerStopMode_getMaxLength__E)
                  000038e8    000000b8     sysbios.aem4f : BIOS.obj (.text:ti_sysbios_knl_Task_unblockI__E)
                  000039a0    000000b4                   : BIOS.obj (.text:ti_sysbios_gates_GateMutex_enter__E)
                  00003a54    00000004     ti.uia.loggers.aem4f : LoggerStopMode.oem4f (.text:ti_uia_loggers_LoggerStopMode_getPriority__E)
                  00003a58    000000b4     sysbios.aem4f : BIOS.obj (.text:ti_sysbios_knl_Task_checkStacks__E)
                  00003b0c    00000004     ti.uia.loggers.aem4f : LoggerStopMode.oem4f (.text:ti_uia_loggers_LoggerStopMode_getTransferType__E)
                  00003b10    000000b0     sysbios.aem4f : BIOS.obj (.text:ti_sysbios_utils_Load_idleFxn__E)
                  00003bc0    000000b0                   : BIOS.obj (.text:ti_sysbios_utils_Load_updateLoads__E)
                  00003c70    000000ac                   : BIOS.obj (.text:ti_sysbios_family_arm_lm4_Timer_enableTiva__I)
                  00003d1c    00000004     ti.targets.arm.rtsarm.aem4f : Error.oem4f (.text:xdc_runtime_Error_getSite__E)
                  00003d20    000000ac     sysbios.aem4f : BIOS.obj (.text:ti_sysbios_knl_Swi_post__E)
                  00003dcc    00000004     ti.targets.arm.rtsarm.aem4f : HeapStd.oem4f (.text:xdc_runtime_HeapStd_isBlocking__E)
                  00003dd0    000000a8     sysbios.aem4f : BIOS.obj (.text:ti_sysbios_family_arm_lm4_Timer_enableTimers__I)
                  00003e78    000000a8                   : BIOS.obj (.text:ti_sysbios_knl_Task_blockI__E)
                  00003f20    000000a4     ti.targets.arm.rtsarm.aem4f : HeapStd.oem4f (.text:xdc_runtime_HeapStd_free__E)
                  00003fc4    000000a0     auto_init.aem4f : auto_init.oem4f (.text)
                  00004064    0000009c     rtsv7M4_T_le_v4SPD16_eabi.lib : memcpy_t2.obj (.text)
                  00004100    0000009c     sysbios.aem4f : BIOS.obj (.text:ti_sysbios_knl_Semaphore_Instance_init__E)
                  0000419c    0000009a     ti.targets.arm.rtsarm.aem4f : Text.oem4f (.text:xdc_runtime_Text_putSite__E)
                  00004236    00000002     empty_pem4f.oem4f (.text:free)
                  00004238    00000094     Boot.aem4f : Boot.oem4f (.text:ti_catalog_arm_cortexm4_tiva_ce_Boot_sysCtlClockSet__E)
                  000042cc    00000004     empty_pem4f.oem4f (.text:xdc_runtime_System_Module_GateProxy_enter__E)
                  000042d0    00000094     sysbios.aem4f : BIOS.obj (.text:ti_sysbios_family_arm_m3_Hwi_initNVIC__E)
                  00004364    00000094     ti.targets.arm.rtsarm.aem4f : Text.oem4f (.text:xdc_runtime_Text_putMod__E)
                  000043f8    00000090     sysbios.aem4f : BIOS.obj (.text:ti_sysbios_knl_Task_Module_startup__E)
                  00004488    00000090     ti.uia.loggers.aem4f : LoggerStopMode.oem4f (.text:ti_uia_loggers_LoggerStopMode_initQueueDescriptor__E)
                  00004518    0000008c     sysbios.aem4f : m3_TaskSupport_asm.obj (.text:ti_sysbios_family_arm_m3_TaskSupport_buildTaskStack)
                  000045a4    00000004     empty_pem4f.oem4f (.text:xdc_runtime_System_Module_GateProxy_leave__E)
                  000045a8    00000080     sysbios.aem4f : BIOS.obj (.text:ti_sysbios_utils_Load_updateCurrentThreadTime__E)
                  00004628    0000007a     rtsv7M4_T_le_v4SPD16_eabi.lib : memset_t2.obj (.text)
                  000046a2    00000006     driverlib.lib : gpio.obj (.text:GPIOPinRead)
                  000046a8    00000070     sysbios.aem4f : BIOS.obj (.text:ti_sysbios_utils_Load_taskDeleteHook__E)
                  00004718    00000070     ti.uia.runtime.aem4f : QueueDescriptor.oem4f (.text:ti_uia_runtime_QueueDescriptor_addToList__E)
                  00004788    00000070     ti.targets.arm.rtsarm.aem4f : Memory.oem4f (.text:xdc_runtime_Memory_alloc__E)
                  000047f8    0000006c     sysbios.aem4f : BIOS.obj (.text:ti_sysbios_utils_Load_taskCreateHook__E)
                  00004864    0000006c     ti.targets.arm.rtsarm.aem4f : Error.oem4f (.text:xdc_runtime_Error_print__E)
                  000048d0    0000006a     ti.uia.loggers.aem4f : LoggerStopMode.oem4f (.text:ti_uia_loggers_LoggerStopMode_flush__E)
                  0000493a    00000068     rtsv7M4_T_le_v4SPD16_eabi.lib : copy_decompress_lzss.obj (.text:decompress:lzss)
                  000049a2    00000002                                   : i_div0.obj (.text)
                  000049a4    00000068     main.obj (.text:hardware_init)
                  00004a0c    00000068     rtsv7M4_T_le_v4SPD16_eabi.lib : trgmsg.obj (.text)
                  00004a74    00000004     ti.targets.arm.rtsarm.aem4f : System.oem4f (.text:xdc_runtime_System_aprintf_va__F)
                  00004a78    00000068     sysbios.aem4f : BIOS.obj (.text:ti_sysbios_utils_Load_addTask__E)
                  00004ae0    00000066     ti.targets.arm.rtsarm.aem4f : Core-mem.oem4f (.text:xdc_runtime_Core_deleteObject__I)
                  00004b46    00000002     empty_pem4f.oem4f (.text:ti_sysbios_BIOS_nullFunc__I)
                  00004b48    00000064     sysbios.aem4f : BIOS.obj (.text:ti_sysbios_family_arm_lm4_Timer_Module_startup__E)
                  00004bac    00000060     driverlib.lib : timer.obj (.text:TimerConfigure)
                  00004c0c    00000004     ti.targets.arm.rtsarm.aem4f : System.oem4f (.text:xdc_runtime_System_printf_va__F)
                  00004c10    00000060     sysbios.aem4f : BIOS.obj (.text:ti_sysbios_family_arm_lm4_Timer_isrStub__E)
                  00004c70    00000060                   : BIOS.obj (.text:ti_sysbios_knl_Clock_logTick__E)
                  00004cd0    00000060                   : BIOS.obj (.text:ti_sysbios_utils_Load_logCPULoad__I)
                  00004d30    00000060     ti.targets.arm.rtsarm.aem4f : System.oem4f (.text:xdc_runtime_System_formatNum__I)
                  00004d90    0000005c     sysbios.aem4f : BIOS.obj (.text:ti_sysbios_knl_Swi_restoreHwi__E)
                  00004dec    00000002     empty_pem4f.oem4f (.text:ti_uia_loggers_LoggerStopMode_setFilterLevel__E)
                  00004dee    00000002     ti.uia.loggers.aem4f : LoggerStopMode.oem4f (.text:ti_uia_loggers_LoggerStopMode_setPriority__E)
                  00004df0    0000005c     sysbios.aem4f : BIOS.obj (.text:ti_sysbios_knl_Swi_schedule__I)
                  00004e4c    0000005b     ti.targets.arm.rtsarm.aem4f : Text.oem4f (.text:xdc_runtime_Text_putLab__E)
                  00004ea7    00000001     --HOLE-- [fill = 0]
                  00004ea8    00000058     boot.aem4f : boot.oem4f (.text)
                  00004f00    00000058     sysbios.aem4f : m3_Hwi_asm_switch.obj (.text:ti_sysbios_family_arm_m3_Hwi_initStacks__E)
                  00004f58    00000058     empty_pem4f.oem4f (.text:xdc_runtime_HeapStd_Object__create__S)
                  00004fb0    00000054     rtsv7M4_T_le_v4SPD16_eabi.lib : exit.obj (.text)
                  00005004    00000002     empty_pem4f.oem4f (.text:xdc_runtime_Startup_reset__I)
                  00005006    00000002     --HOLE-- [fill = 0]
                  00005008    00000054     sysbios.aem4f : BIOS.obj (.text:ti_sysbios_utils_Load_taskSwitchHook__E)
                  0000505c    00000050     ti.targets.arm.rtsarm.aem4f : Startup.oem4f (.text:xdc_runtime_Startup_exec__E)
                  000050ac    00000050                                 : Text.oem4f (.text:xdc_runtime_Text_visitRope2__I)
                  000050fc    0000004c     rtsv7M4_T_le_v4SPD16_eabi.lib : cpy_tbl.obj (.text)
                  00005148    0000004c     sysbios.aem4f : BIOS.obj (.text:ti_sysbios_knl_Swi_runLoop__I)
                  00005194    00000004     --HOLE-- [fill = 0]
                  00005198    0000004c                   : BIOS.obj (.text:ti_sysbios_knl_Task_allBlockedFunction__I)
                  000051e4    0000004c     ti.uia.loggers.aem4f : LoggerStopMode.oem4f (.text:ti_uia_loggers_LoggerStopMode_Module_startup__E)
                  00005230    00000048     sysbios.aem4f : BIOS.obj (.text:ti_sysbios_family_arm_m3_Hwi_disableInterrupt__E)
                  00005278    00000048                   : BIOS.obj (.text:ti_sysbios_family_arm_m3_Hwi_enableInterrupt__E)
                  000052c0    00000048                   : BIOS.obj (.text:ti_sysbios_family_arm_m3_Hwi_excReserved__I)
                  00005308    00000048     ti.uia.loggers.aem4f : LoggerStopMode.oem4f (.text:ti_uia_loggers_LoggerStopMode_initBuffer__I)
                  00005350    00000048     ti.targets.arm.rtsarm.aem4f : Assert.oem4f (.text:xdc_runtime_Assert_raise__I)
                  00005398    00000046                                 : Core-params.oem4f (.text:xdc_runtime_Core_assignParams__I)
                  000053de    00000002     --HOLE-- [fill = 0]
                  000053e0    00000044     sysbios.aem4f : BIOS.obj (.text:ti_sysbios_family_arm_lm4_Timer_stop__E)
                  00005424    00000004     --HOLE-- [fill = 0]
                  00005428    00000044                   : BIOS.obj (.text:ti_sysbios_family_arm_m3_Hwi_getStackInfo__E)
                  0000546c    00000044     ti.targets.arm.rtsarm.aem4f : Error.oem4f (.text:xdc_runtime_Error_setX__E)
                  000054b0    00000044                                 : SysMin.oem4f (.text:xdc_runtime_SysMin_flush__E)
                  000054f4    00000040     rtsv7M4_T_le_v4SPD16_eabi.lib : u_divt2.obj (.text)
                  00005534    00000004     --HOLE-- [fill = 0]
                  00005538    00000040     sysbios.aem4f : BIOS.obj (.text:ti_sysbios_family_arm_lm4_Timer_startup__E)
                  00005578    0000003c                   : BIOS.obj (.text:ti_sysbios_family_arm_m3_Hwi_excSvCall__I)
                  000055b4    00000004     --HOLE-- [fill = 0]
                  000055b8    0000003c                   : BIOS.obj (.text:ti_sysbios_family_arm_m3_TaskSupport_start__E)
                  000055f4    00000004     --HOLE-- [fill = 0]
                  000055f8    0000003c                   : BIOS.obj (.text:ti_sysbios_heaps_HeapMem_init__I)
                  00005634    00000004     --HOLE-- [fill = 0]
                  00005638    0000003c                   : BIOS.obj (.text:ti_sysbios_knl_Swi_startup__E)
                  00005674    0000003c     ti.targets.arm.rtsarm.aem4f : Text.oem4f (.text:xdc_runtime_Text_xprintf__I)
                  000056b0    00000038     sysbios.aem4f : BIOS.obj (.text:ti_sysbios_family_arm_m3_Hwi_excNoIsr__I)
                  000056e8    00000038                   : BIOS.obj (.text:ti_sysbios_knl_Task_processVitalTaskFlag__I)
                  00005720    00000038     ti.targets.arm.rtsarm.aem4f : SysMin.oem4f (.text:xdc_runtime_SysMin_putch__E)
                  00005758    00000038                                 : System.oem4f (.text:xdc_runtime_System_atexit__E)
                  00005790    00000034     driverlib.lib : sysctl.obj (.text:SysCtlPeripheralEnable)
                  000057c4    00000004     --HOLE-- [fill = 0]
                  000057c8    00000034     sysbios.aem4f : BIOS.obj (.text:ti_sysbios_family_arm_m3_Hwi_excNmi__I)
                  000057fc    00000004     --HOLE-- [fill = 0]
                  00005800    00000034                   : BIOS.obj (.text:ti_sysbios_hal_Hwi_checkStack)
                  00005834    00000034     ti.uia.loggers.aem4f : LoggerStopMode.oem4f (.text:ti_uia_loggers_LoggerStopMode_reset__E)
                  00005868    00000034     ti.targets.arm.rtsarm.aem4f : Core-label.oem4f (.text:xdc_runtime_Core_assignLabel__I)
                  0000589c    00000033                                 : Text.oem4f (.text:xdc_runtime_Text_printVisFxn__I)
                  000058cf    00000001     --HOLE-- [fill = 0]
                  000058d0    00000032     sysbios.aem4f : BIOS.obj (.text:ti_sysbios_hal_Hwi_initStack)
                  00005902    00000006     driverlib.lib : gpio.obj (.text:GPIOPinWrite)
                  00005908    00000032     sysbios.aem4f : BIOS.obj (.text:ti_sysbios_knl_Semaphore_pendTimeout__I)
                  0000593a    00000002     --HOLE-- [fill = 0]
                  0000593c    00000030     empty_pem4f.oem4f (.text:ti_sysbios_BIOS_atExitFunc__I)
                  0000596c    00000030     empty_pem4f.oem4f (.text:ti_sysbios_gates_GateHwi_Object__create__S)
                  0000599c    00000030     empty_pem4f.oem4f (.text:ti_sysbios_gates_GateMutex_Object__create__S)
                  000059cc    00000030     empty_pem4f.oem4f (.text:ti_sysbios_knl_Semaphore_construct)
                  000059fc    00000030     empty_pem4f.oem4f (.text:ti_uia_loggers_LoggerStopMode_Object__create__S)
                  00005a2c    00000030     ti.targets.arm.rtsarm.aem4f : SysMin.oem4f (.text:xdc_runtime_SysMin_abort__E)
                  00005a5c    00000030                                 : System.oem4f (.text:xdc_runtime_System_processAtExit__E)
                  00005a8c    0000002c     empty_pem4f.oem4f (.text:ti_sysbios_knl_Clock_doTick__I)
                  00005ab8    0000002c     empty_pem4f.oem4f (.text:ti_sysbios_knl_Queue_construct)
                  00005ae4    00000004     --HOLE-- [fill = 0]
                  00005ae8    0000002c     sysbios.aem4f : BIOS.obj (.text:ti_sysbios_knl_Task_restore__E)
                  00005b14    0000002c     ti.targets.arm.rtsarm.aem4f : Text.oem4f (.text:xdc_runtime_Text_cordText__E)
                  00005b40    0000002a     driverlib.lib : gpio.obj (.text:GPIODirModeSet)
                  00005b6a    0000002a     ti.targets.arm.rtsarm.aem4f : System.oem4f (.text:xdc_runtime_System_putchar__I)
                  00005b94    00000004     --HOLE-- [fill = 0]
                  00005b98    00000028     sysbios.aem4f : BIOS.obj (.text:ti_sysbios_knl_Swi_Module_startup__E)
                  00005bc0    00000026                   : m3_Hwi_asm.obj (.text:ti_sysbios_family_arm_m3_Hwi_pendSV__I)
                  00005be6    00000026     ti.targets.arm.rtsarm.aem4f : System.oem4f (.text:xdc_runtime_System_avprintf__E)
                  00005c0c    00000024     empty_pem4f.oem4f (.text:ti_sysbios_BIOS_errorRaiseHook__I)
                  00005c30    00000024     empty_pem4f.oem4f (.text:ti_sysbios_BIOS_registerRTSLock__I)
                  00005c54    00000024     empty_pem4f.oem4f (.text:ti_sysbios_BIOS_removeRTSLock__I)
                  00005c78    00000024     empty_pem4f.oem4f (.text:ti_sysbios_BIOS_startFunc__I)
                  00005c9c    00000004     --HOLE-- [fill = 0]
                  00005ca0    00000024     sysbios.aem4f : BIOS.obj (.text:ti_sysbios_family_arm_m3_Hwi_doTaskRestore__I)
                  00005cc4    00000024     empty_pem4f.oem4f (.text:ti_sysbios_gates_GateMutex_Object__delete__S)
                  00005ce8    00000024     sysbios.aem4f : BIOS.obj (.text:ti_sysbios_knl_Clock_Module_startup__E)
                  00005d0c    00000024     ti.targets.arm.rtsarm.aem4f : System.oem4f (.text:xdc_runtime_System_vprintf__E)
                  00005d30    00000022     empty_pem4f.oem4f (.text:xdc_runtime_SysMin_output__I)
                  00005d52    00000002     --HOLE-- [fill = 0]
                  00005d54    00000020     empty_pem4f.oem4f (.text:ti_sysbios_BIOS_rtsLock__I)
                  00005d74    00000020     sysbios.aem4f : m3_Hwi_asm.obj (.text:ti_sysbios_family_arm_m3_Hwi_excHandlerAsm__I)
                  00005d94    00000004     --HOLE-- [fill = 0]
                  00005d98    00000020                   : BIOS.obj (.text:ti_sysbios_family_arm_m3_Hwi_excHandler__I)
                  00005db8    00000020     empty_pem4f.oem4f (.text:ti_sysbios_gates_GateHwi_Object__delete__S)
                  00005dd8    00000020     sysbios.aem4f : BIOS.obj (.text:ti_sysbios_knl_Idle_run__E)
                  00005df8    00000020     empty_pem4f.oem4f (.text:ti_sysbios_knl_Semaphore_Object__destruct__S)
                  00005e18    00000020     empty_pem4f.oem4f (.text:ti_uia_loggers_LoggerStopMode_Object__delete__S)
                  00005e38    00000020     ti.targets.arm.rtsarm.aem4f : Registry.oem4f (.text:xdc_runtime_Registry_findById__E)
                  00005e58    00000020                                 : SysMin.oem4f (.text:xdc_runtime_SysMin_Module_startup__E)
                  00005e78    0000001e     sysbios.aem4f : m3_Hwi_asm_switch.obj (.text:ti_sysbios_family_xxx_Hwi_switchAndRunFunc)
                  00005e96    00000002     --HOLE-- [fill = 0]
                  00005e98    0000001c     main.obj (.text:Timer_ISR)
                  00005eb4    00000004     --HOLE-- [fill = 0]
                  00005eb8    0000001c     sysbios.aem4f : BIOS.obj (.text:ti_sysbios_gates_GateMutex_Instance_init__E)
                  00005ed4    0000001c     empty_pem4f.oem4f (.text:ti_sysbios_knl_Queue_Object__destruct__S)
                  00005ef0    0000001c     sysbios.aem4f : BIOS.obj (.text:ti_sysbios_knl_Task_enter__I)
                  00005f0c    0000001c     ti.targets.arm.rtsarm.aem4f : Error.oem4f (.text:xdc_runtime_Error_raiseX__E)
                  00005f28    0000001c     empty_pem4f.oem4f (.text:xdc_runtime_HeapStd_Object__delete__S)
                  00005f44    0000001c     ti.targets.arm.rtsarm.aem4f : Memory.oem4f (.text:xdc_runtime_Memory_valloc__E)
                  00005f60    0000001c                                 : SysMin.oem4f (.text:xdc_runtime_SysMin_exit__E)
                  00005f7c    0000001c                                 : System.oem4f (.text:xdc_runtime_System_abort__E)
                  00005f98    0000001a     empty_pem4f.oem4f (.text:ti_sysbios_family_arm_m3_Hwi_Handle__label__S)
                  00005fb2    0000001a     empty_pem4f.oem4f (.text:ti_sysbios_gates_GateHwi_Handle__label__S)
                  00005fcc    0000001a     empty_pem4f.oem4f (.text:ti_sysbios_gates_GateMutex_Handle__label__S)
                  00005fe6    0000001a     empty_pem4f.oem4f (.text:ti_sysbios_knl_Swi_Handle__label__S)
                  00006000    0000001a     empty_pem4f.oem4f (.text:ti_sysbios_knl_Task_Handle__label__S)
                  0000601a    0000001a     empty_pem4f.oem4f (.text:ti_uia_loggers_LoggerStopMode_Handle__label__S)
                  00006034    0000001a     ti.uia.loggers.aem4f : LoggerStopMode.oem4f (.text:ti_uia_loggers_LoggerStopMode_Instance_init__E)
                  0000604e    0000001a     empty_pem4f.oem4f (.text:xdc_runtime_HeapStd_Handle__label__S)
                  00006068    0000001a     empty_pem4f.oem4f (.text:xdc_runtime_System_aprintf__E)
                  00006082    0000001a     empty_pem4f.oem4f (.text:xdc_runtime_System_printf__E)
                  0000609c    00000018     driverlib.lib : gpio.obj (.text:GPIOPinTypeGPIOOutput)
                  000060b4    00000018     rtsv7M4_T_le_v4SPD16_eabi.lib : args_main.obj (.text)
                  000060cc    00000018     empty_pem4f.oem4f (.text:ti_sysbios_BIOS_rtsUnlock__I)
                  000060e4    00000018     empty_pem4f.oem4f (.text:ti_sysbios_family_arm_lm4_Timer_Module__startupDone__F)
                  000060fc    00000018     empty_pem4f.oem4f (.text:ti_sysbios_family_arm_m3_Hwi_Module__startupDone__F)
                  00006114    00000018     sysbios.aem4f : m3_TaskSupport_asm.obj (.text:ti_sysbios_family_arm_m3_TaskSupport_swap__E)
                  0000612c    00000004     --HOLE-- [fill = 0]
                  00006130    00000018                   : BIOS.obj (.text:ti_sysbios_gates_GateMutex_leave__E)
                  00006148    00000018     ti.targets.arm.rtsarm.aem4f : Error.oem4f (.text:xdc_runtime_Error_check__E)
                  00006160    00000018                                 : System.oem4f (.text:xdc_runtime_System_exit__E)
                  00006178    00000018                                 : Text.oem4f (.text:xdc_runtime_Text_ropeText__E)
                  00006190    00000016     empty_pem4f.oem4f (.text:ti_sysbios_BIOS_exitFunc__I)
                  000061a6    00000016     ti.uia.loggers.aem4f : LoggerStopMode.oem4f (.text:ti_uia_loggers_LoggerStopMode_disable__E)
                  000061bc    00000016                          : LoggerStopMode.oem4f (.text:ti_uia_loggers_LoggerStopMode_enable__E)
                  000061d2    00000002     --HOLE-- [fill = 0]
                  000061d4    00000014     rtsv7M4_T_le_v4SPD16_eabi.lib : _lock.obj (.text)
                  000061e8    00000014                                   : strcpy.obj (.text)
                  000061fc    00000014                                   : strlen.obj (.text)
                  00006210    00000014     empty_pem4f.oem4f (.text:ti_sysbios_family_arm_m3_Hwi_Object__get__S)
                  00006224    00000004     --HOLE-- [fill = 0]
                  00006228    00000014     sysbios.aem4f : BIOS.obj (.text:ti_sysbios_family_arm_m3_Hwi_switchFromBootStack__E)
                  0000623c    00000014     empty_pem4f.oem4f (.text:ti_sysbios_knl_Swi_Object__get__S)
                  00006250    00000014     empty_pem4f.oem4f (.text:ti_sysbios_knl_Task_Object__get__S)
                  00006264    00000012     driverlib.lib : timer.obj (.text:TimerLoadSet)
                  00006276    00000002     --HOLE-- [fill = 0]
                  00006278    00000012     sysbios.aem4f : BIOS.obj (.text:ti_sysbios_hal_Hwi_Module_startup__E)
                  0000628a    00000012     empty_pem4f.oem4f (.text:xdc_runtime_Startup_exec__I)
                  0000629c    00000004     --HOLE-- [fill = 0]
                  000062a0    00000010     sysbios.aem4f : BIOS.obj (.text:ti_sysbios_BIOS_getCpuFreq__E)
                  000062b0    00000010                   : BIOS.obj (.text:ti_sysbios_BIOS_setThreadType__E)
                  000062c0    00000010                   : BIOS.obj (.text:ti_sysbios_BIOS_start__E)
                  000062d0    00000010                   : BIOS.obj (.text:ti_sysbios_family_arm_lm4_TimestampProvider_rolloverFunc__E)
                  000062e0    00000010                   : m3_TaskSupport_asm.obj (.text:ti_sysbios_family_arm_m3_TaskSupport_glue)
                  000062f0    00000010                   : BIOS.obj (.text:ti_sysbios_gates_GateMutex_Instance_finalize__E)
                  00006300    00000010     empty_pem4f.oem4f (.text:ti_sysbios_heaps_HeapMem_Object__get__S)
                  00006310    00000010     sysbios.aem4f : BIOS.obj (.text:ti_sysbios_knl_Semaphore_Instance_finalize__E)
                  00006320    00000010                   : BIOS.obj (.text:ti_sysbios_knl_Swi_disable__E)
                  00006330    00000010                   : BIOS.obj (.text:ti_sysbios_knl_Task_disable__E)
                  00006340    00000010     empty_pem4f.oem4f (.text:ti_uia_loggers_LoggerStopMode_Object__get__S)
                  00006350    00000010     ti.uia.loggers.aem4f : LoggerStopMode.oem4f (.text:ti_uia_loggers_LoggerStopMode_isEmpty__E)
                  00006360    00000010     ti.targets.arm.rtsarm.aem4f : Gate.oem4f (.text:xdc_runtime_Gate_leaveSystem__E)
                  00006370    00000010                                 : Memory.oem4f (.text:xdc_runtime_Memory_free__E)
                  00006380    00000010                                 : SysMin.oem4f (.text:xdc_runtime_SysMin_ready__E)
                  00006390    00000010                                 : System.oem4f (.text:xdc_runtime_System_vsnprintf__E)
                  000063a0    00000010     empty_pem4f.oem4f (.text:xdc_runtime_Text_visitRope__I)
                  000063b0    0000000e     driverlib.lib : timer.obj (.text:TimerEnable)
                  000063be    0000000e     rtsv7M4_T_le_v4SPD16_eabi.lib : copy_decompress_none.obj (.text:decompress:none)
                  000063cc    00000004     --HOLE-- [fill = 0]
                  000063d0    0000000e     sysbios.aem4f : BIOS.obj (.text:ti_sysbios_knl_Idle_loop__E)
                  000063de    00000002     --HOLE-- [fill = 0]
                  000063e0    0000000e                   : BIOS.obj (.text:ti_sysbios_knl_Queue_empty__E)
                  000063ee    0000000e     ti.targets.arm.rtsarm.aem4f : HeapStd.oem4f (.text:xdc_runtime_HeapStd_getStats__E)
                  000063fc    0000000c     empty_pem4f.oem4f (.text:.bootCodeSection:ti_catalog_arm_cortexm4_tiva_ce_Boot_init__I)
                  00006408    0000000c     rtsv7M4_T_le_v4SPD16_eabi.lib : copy_zero_init.obj (.text:decompress:ZI)
                  00006414    0000000c     main.obj (.text:main)
                  00006420    0000000c     sysbios.aem4f : BIOS.obj (.text:ti_sysbios_family_arm_lm4_Timer_getMaxTicks__E)
                  0000642c    00000004     --HOLE-- [fill = 0]
                  00006430    0000000c                   : BIOS.obj (.text:ti_sysbios_family_arm_lm4_TimestampProvider_startTimer__E)
                  0000643c    00000004     --HOLE-- [fill = 0]
                  00006440    0000000c                   : BIOS.obj (.text:ti_sysbios_family_arm_m3_Hwi_disableFxn__E)
                  0000644c    00000004     --HOLE-- [fill = 0]
                  00006450    0000000c                   : BIOS.obj (.text:ti_sysbios_family_arm_m3_TaskSupport_checkStack__E)
                  0000645c    00000004     --HOLE-- [fill = 0]
                  00006460    0000000c                   : BIOS.obj (.text:ti_sysbios_gates_GateHwi_enter__E)
                  0000646c    0000000c     empty_pem4f.oem4f (.text:ti_sysbios_knl_Queue_Object__get__S)
                  00006478    0000000c     sysbios.aem4f : BIOS.obj (.text:ti_sysbios_utils_Load_taskRegHook__E)
                  00006484    0000000c     ti.targets.arm.rtsarm.aem4f : Error.oem4f (.text:xdc_runtime_Error_init__E)
                  00006490    0000000c                                 : Gate.oem4f (.text:xdc_runtime_Gate_enterSystem__E)
                  0000649c    0000000c                                 : Memory.oem4f (.text:xdc_runtime_Memory_calloc__E)
                  000064a8    0000000c                                 : Memory.oem4f (.text:xdc_runtime_Memory_getMaxDefaultTypeAlign__E)
                  000064b4    0000000a     empty_pem4f.oem4f (.text:xdc_runtime_IHeap_alloc)
                  000064be    0000000a     empty_pem4f.oem4f (.text:xdc_runtime_IHeap_free)
                  000064c8    00000008     driverlib.lib : timer.obj (.text:TimerIntEnable)
                  000064d0    00000008     sysbios.aem4f : BIOS.obj (.text:ti_sysbios_family_arm_lm4_Timer_masterDisable__I)
                  000064d8    00000008                   : BIOS.obj (.text:ti_sysbios_family_arm_m3_Hwi_doSwiRestore__I)
                  000064e0    00000008                   : BIOS.obj (.text:ti_sysbios_family_arm_m3_Hwi_startup__E)
                  000064e8    00000006     driverlib.lib : sysctl.obj (.text:SysCtlDelay)
                  000064ee    00000006     Boot.aem4f : Boot_sysctl.oem4f (.text:ti_catalog_arm_cortexm4_tiva_ce_Boot_sysCtlDelayI__I)
                  000064f4    00000004     --HOLE-- [fill = 0]
                  000064f8    00000006     sysbios.aem4f : BIOS.obj (.text:ti_sysbios_family_arm_lm4_TimestampProvider_Module_startup__E)
                  000064fe    00000002     --HOLE-- [fill = 0]
                  00006500    00000006                   : BIOS.obj (.text:ti_sysbios_family_arm_m3_Hwi_restoreFxn__E)
                  00006506    00000002     --HOLE-- [fill = 0]
                  00006508    00000006                   : BIOS.obj (.text:ti_sysbios_gates_GateHwi_leave__E)
                  0000650e    00000002     --HOLE-- [fill = 0]
                  00006510    00000006                   : BIOS.obj (.text:ti_sysbios_knl_Queue_Instance_init__E)
                  00006516    00000006     ti.targets.arm.rtsarm.aem4f : System.oem4f (.text:xdc_runtime_System_Module_startup__E)
                  0000651c    00000004     --HOLE-- [fill = 0]
                  00006520    00000004     sysbios.aem4f : BIOS.obj (.text:ti_sysbios_family_arm_lm4_Timer_getPeriod__E)
                  00006524    00000004     --HOLE-- [fill = 0]
                  00006528    00000004                   : BIOS.obj (.text:ti_sysbios_gates_GateHwi_query__E)
                  0000652c    00000004     --HOLE-- [fill = 0]
                  00006530    00000004                   : BIOS.obj (.text:ti_sysbios_gates_GateMutex_query__E)
                  00006534    00000004     --HOLE-- [fill = 0]
                  00006538    00000004                   : BIOS.obj (.text:ti_sysbios_knl_Task_startup__E)
                  0000653c    00000004     --HOLE-- [fill = 0]
                  00006540    00000002                   : BIOS.obj (.text:ti_sysbios_gates_GateHwi_Instance_init__E)

.const     0    00006544    000025c2     
                  00006544    00001e58     empty_pem4f.oem4f (.const:xdc_runtime_Text_charTab__A)
                  0000839c    00000104     empty_pem4f.oem4f (.const:xdc_runtime_Text_nodeTab__A)
                  000084a0    0000006c     driverlib.lib : sysctl.obj (.const:g_pui32Xtals)
                  0000850c    00000060     empty_pem4f.oem4f (.const:ti_uia_loggers_LoggerStopMode_Module__FXNS__C)
                  0000856c    00000048     empty_pem4f.oem4f (.const:.string)
                  000085b4    00000028     empty_pem4f.oem4f (.const:ti_uia_loggers_LoggerStopMode_Object__PARAMS__C)
                  000085dc    00000028     empty_pem4f.oem4f (.const:xdc_runtime_HeapStd_Module__FXNS__C)
                  00008604    00000028     empty_pem4f.oem4f (.const:xdc_runtime_Startup_sfxnTab__A)
                  0000862c    00000024     empty_pem4f.oem4f (.const:ti_sysbios_gates_GateHwi_Module__FXNS__C)
                  00008650    00000024     empty_pem4f.oem4f (.const:ti_sysbios_gates_GateMutex_Module__FXNS__C)
                  00008674    00000024     empty_pem4f.oem4f (.const:ti_sysbios_knl_Semaphore_Object__PARAMS__C)
                  00008698    00000020     empty_pem4f.oem4f (.const:ti_sysbios_gates_GateHwi_Object__DESC__C)
                  000086b8    00000020     empty_pem4f.oem4f (.const:ti_sysbios_gates_GateMutex_Object__DESC__C)
                  000086d8    00000020     empty_pem4f.oem4f (.const:ti_sysbios_knl_Queue_Object__DESC__C)
                  000086f8    00000020     empty_pem4f.oem4f (.const:ti_sysbios_knl_Semaphore_Object__DESC__C)
                  00008718    00000020     empty_pem4f.oem4f (.const:ti_uia_loggers_LoggerStopMode_Object__DESC__C)
                  00008738    00000020     empty_pem4f.oem4f (.const:xdc_runtime_HeapStd_Object__DESC__C)
                  00008758    0000001c     empty_pem4f.oem4f (.const:xdc_runtime_HeapStd_Object__PARAMS__C)
                  00008774    00000018     empty_pem4f.oem4f (.const:ti_sysbios_gates_GateHwi_Object__PARAMS__C)
                  0000878c    00000018     empty_pem4f.oem4f (.const:ti_sysbios_gates_GateMutex_Object__PARAMS__C)
                  000087a4    00000018     empty_pem4f.oem4f (.const:ti_sysbios_knl_Queue_Object__PARAMS__C)
                  000087bc    00000018     empty_pem4f.oem4f (.const:ti_sysbios_knl_Task_hooks__A)
                  000087d4    00000014     empty_pem4f.oem4f (.const:xdc_runtime_Startup_firstFxns__A)
                  000087e8    00000014     empty_pem4f.oem4f (.const:xdc_runtime_Startup_sfxnRts__A)
                  000087fc    00000011     ti.targets.arm.rtsarm.aem4f : System.oem4f (.const:.string)
                  0000880d    00000001     empty_pem4f.oem4f (.const:xdc_runtime_Error_policy__C)
                  0000880e    00000002     empty_pem4f.oem4f (.const:ti_catalog_arm_cortexm4_tiva_ce_Boot_Module__id__C)
                  00008810    0000000c     empty_pem4f.oem4f (.const)
                  0000881c    00000008     empty_pem4f.oem4f (.const:ti_sysbios_family_arm_m3_Hwi_excHookFuncs__A)
                  00008824    00000008     empty_pem4f.oem4f (.const:ti_sysbios_knl_Idle_funcList__A)
                  0000882c    00000008     empty_pem4f.oem4f (.const:ti_sysbios_knl_Idle_funcList__C)
                  00008834    00000008     empty_pem4f.oem4f (.const:ti_sysbios_knl_Task_hooks__C)
                  0000883c    00000008     empty_pem4f.oem4f (.const:xdc_runtime_Startup_firstFxns__C)
                  00008844    00000008     empty_pem4f.oem4f (.const:xdc_runtime_Startup_lastFxns__C)
                  0000884c    00000004     empty_pem4f.oem4f (.const:ti_catalog_arm_cortexm4_tiva_ce_Boot_A_mustUseEnhancedClockMode__C)
                  00008850    00000004     empty_pem4f.oem4f (.const:ti_catalog_arm_cortexm4_tiva_ce_Boot_Module__diagsEnabled__C)
                  00008854    00000004     empty_pem4f.oem4f (.const:ti_catalog_arm_cortexm4_tiva_ce_Boot_Module__diagsIncluded__C)
                  00008858    00000004     empty_pem4f.oem4f (.const:ti_catalog_arm_cortexm4_tiva_ce_Boot_Module__diagsMask__C)
                  0000885c    00000004     empty_pem4f.oem4f (.const:ti_sysbios_family_arm_lm4_Timer_enableFunc__C)
                  00008860    00000004     empty_pem4f.oem4f (.const:ti_sysbios_family_arm_lm4_Timer_numTimerDevices__C)
                  00008864    00000004     empty_pem4f.oem4f (.const:ti_sysbios_family_arm_lm4_Timer_startupNeeded__C)
                  00008868    00000004     empty_pem4f.oem4f (.const:ti_sysbios_family_arm_m3_Hwi_E_NMI__C)
                  0000886c    00000004     empty_pem4f.oem4f (.const:ti_sysbios_family_arm_m3_Hwi_E_busFault__C)
                  00008870    00000004     empty_pem4f.oem4f (.const:ti_sysbios_family_arm_m3_Hwi_E_debugMon__C)
                  00008874    00000004     empty_pem4f.oem4f (.const:ti_sysbios_family_arm_m3_Hwi_E_hardFault__C)
                  00008878    00000004     empty_pem4f.oem4f (.const:ti_sysbios_family_arm_m3_Hwi_E_memFault__C)
                  0000887c    00000004     empty_pem4f.oem4f (.const:ti_sysbios_family_arm_m3_Hwi_E_noIsr__C)
                  00008880    00000004     empty_pem4f.oem4f (.const:ti_sysbios_family_arm_m3_Hwi_E_reserved__C)
                  00008884    00000004     empty_pem4f.oem4f (.const:ti_sysbios_family_arm_m3_Hwi_E_svCall__C)
                  00008888    00000004     empty_pem4f.oem4f (.const:ti_sysbios_family_arm_m3_Hwi_E_usageFault__C)
                  0000888c    00000004     empty_pem4f.oem4f (.const:ti_sysbios_family_arm_m3_Hwi_LD_end__C)
                  00008890    00000004     empty_pem4f.oem4f (.const:ti_sysbios_family_arm_m3_Hwi_LM_begin__C)
                  00008894    00000004     empty_pem4f.oem4f (.const:ti_sysbios_family_arm_m3_Hwi_Module__diagsEnabled__C)
                  00008898    00000004     empty_pem4f.oem4f (.const:ti_sysbios_family_arm_m3_Hwi_Module__diagsIncluded__C)
                  0000889c    00000004     empty_pem4f.oem4f (.const:ti_sysbios_family_arm_m3_Hwi_Module__diagsMask__C)
                  000088a0    00000004     empty_pem4f.oem4f (.const:ti_sysbios_family_arm_m3_Hwi_Module__loggerFxn1__C)
                  000088a4    00000004     empty_pem4f.oem4f (.const:ti_sysbios_family_arm_m3_Hwi_Module__loggerFxn8__C)
                  000088a8    00000004     empty_pem4f.oem4f (.const:ti_sysbios_family_arm_m3_Hwi_Module__loggerObj__C)
                  000088ac    00000004     empty_pem4f.oem4f (.const:ti_sysbios_family_arm_m3_Hwi_NUM_INTERRUPTS__C)
                  000088b0    00000004     empty_pem4f.oem4f (.const:ti_sysbios_family_arm_m3_Hwi_Object__count__C)
                  000088b4    00000004     empty_pem4f.oem4f (.const:ti_sysbios_family_arm_m3_Hwi_ccr__C)
                  000088b8    00000004     empty_pem4f.oem4f (.const:ti_sysbios_family_arm_m3_Hwi_excHandlerFunc__C)
                  000088bc    00000004     empty_pem4f.oem4f (.const:ti_sysbios_family_arm_m3_Hwi_excHookFuncs__C)
                  000088c0    00000004     empty_pem4f.oem4f (.const:ti_sysbios_family_arm_m3_Hwi_nullIsrFunc__C)
                  000088c4    00000004     empty_pem4f.oem4f (.const:ti_sysbios_family_arm_m3_Hwi_priGroup__C)
                  000088c8    00000004     empty_pem4f.oem4f (.const:ti_sysbios_gates_GateMutex_A_badContext__C)
                  000088cc    00000004     empty_pem4f.oem4f (.const:ti_sysbios_gates_GateMutex_Instance_State_sem__O)
                  000088d0    00000004     empty_pem4f.oem4f (.const:ti_sysbios_gates_GateMutex_Module__diagsEnabled__C)
                  000088d4    00000004     empty_pem4f.oem4f (.const:ti_sysbios_gates_GateMutex_Module__diagsIncluded__C)
                  000088d8    00000004     empty_pem4f.oem4f (.const:ti_sysbios_gates_GateMutex_Module__diagsMask__C)
                  000088dc    00000004     empty_pem4f.oem4f (.const:ti_sysbios_hal_Hwi_E_stackOverflow__C)
                  000088e0    00000004     empty_pem4f.oem4f (.const:ti_sysbios_heaps_HeapMem_Object__count__C)
                  000088e4    00000004     empty_pem4f.oem4f (.const:ti_sysbios_knl_Clock_LM_begin__C)
                  000088e8    00000004     empty_pem4f.oem4f (.const:ti_sysbios_knl_Clock_LM_tick__C)
                  000088ec    00000004     empty_pem4f.oem4f (.const:ti_sysbios_knl_Clock_LW_delayed__C)
                  000088f0    00000004     empty_pem4f.oem4f (.const:ti_sysbios_knl_Clock_Module_State_clockQ__O)
                  000088f4    00000004     empty_pem4f.oem4f (.const:ti_sysbios_knl_Clock_Module__diagsEnabled__C)
                  000088f8    00000004     empty_pem4f.oem4f (.const:ti_sysbios_knl_Clock_Module__diagsIncluded__C)
                  000088fc    00000004     empty_pem4f.oem4f (.const:ti_sysbios_knl_Clock_Module__diagsMask__C)
                  00008900    00000004     empty_pem4f.oem4f (.const:ti_sysbios_knl_Clock_Module__loggerFxn1__C)
                  00008904    00000004     empty_pem4f.oem4f (.const:ti_sysbios_knl_Clock_Module__loggerFxn2__C)
                  00008908    00000004     empty_pem4f.oem4f (.const:ti_sysbios_knl_Clock_Module__loggerObj__C)
                  0000890c    00000004     empty_pem4f.oem4f (.const:ti_sysbios_knl_Semaphore_A_badContext__C)
                  00008910    00000004     empty_pem4f.oem4f (.const:ti_sysbios_knl_Semaphore_A_noEvents__C)
                  00008914    00000004     empty_pem4f.oem4f (.const:ti_sysbios_knl_Semaphore_A_overflow__C)
                  00008918    00000004     empty_pem4f.oem4f (.const:ti_sysbios_knl_Semaphore_A_pendTaskDisabled__C)
                  0000891c    00000004     empty_pem4f.oem4f (.const:ti_sysbios_knl_Semaphore_Instance_State_pendQ__O)
                  00008920    00000004     empty_pem4f.oem4f (.const:ti_sysbios_knl_Semaphore_LM_pend__C)
                  00008924    00000004     empty_pem4f.oem4f (.const:ti_sysbios_knl_Semaphore_LM_post__C)
                  00008928    00000004     empty_pem4f.oem4f (.const:ti_sysbios_knl_Semaphore_Module__diagsEnabled__C)
                  0000892c    00000004     empty_pem4f.oem4f (.const:ti_sysbios_knl_Semaphore_Module__diagsIncluded__C)
                  00008930    00000004     empty_pem4f.oem4f (.const:ti_sysbios_knl_Semaphore_Module__diagsMask__C)
                  00008934    00000004     empty_pem4f.oem4f (.const:ti_sysbios_knl_Semaphore_Module__loggerFxn2__C)
                  00008938    00000004     empty_pem4f.oem4f (.const:ti_sysbios_knl_Semaphore_Module__loggerFxn4__C)
                  0000893c    00000004     empty_pem4f.oem4f (.const:ti_sysbios_knl_Semaphore_Module__loggerObj__C)
                  00008940    00000004     empty_pem4f.oem4f (.const:ti_sysbios_knl_Swi_LD_end__C)
                  00008944    00000004     empty_pem4f.oem4f (.const:ti_sysbios_knl_Swi_LM_begin__C)
                  00008948    00000004     empty_pem4f.oem4f (.const:ti_sysbios_knl_Swi_LM_post__C)
                  0000894c    00000004     empty_pem4f.oem4f (.const:ti_sysbios_knl_Swi_Module__diagsEnabled__C)
                  00008950    00000004     empty_pem4f.oem4f (.const:ti_sysbios_knl_Swi_Module__diagsIncluded__C)
                  00008954    00000004     empty_pem4f.oem4f (.const:ti_sysbios_knl_Swi_Module__diagsMask__C)
                  00008958    00000004     empty_pem4f.oem4f (.const:ti_sysbios_knl_Swi_Module__loggerFxn1__C)
                  0000895c    00000004     empty_pem4f.oem4f (.const:ti_sysbios_knl_Swi_Module__loggerFxn4__C)
                  00008960    00000004     empty_pem4f.oem4f (.const:ti_sysbios_knl_Swi_Module__loggerObj__C)
                  00008964    00000004     empty_pem4f.oem4f (.const:ti_sysbios_knl_Swi_Object__count__C)
                  00008968    00000004     empty_pem4f.oem4f (.const:ti_sysbios_knl_Task_E_spOutOfBounds__C)
                  0000896c    00000004     empty_pem4f.oem4f (.const:ti_sysbios_knl_Task_E_stackOverflow__C)
                  00008970    00000004     empty_pem4f.oem4f (.const:ti_sysbios_knl_Task_LD_block__C)
                  00008974    00000004     empty_pem4f.oem4f (.const:ti_sysbios_knl_Task_LD_exit__C)
                  00008978    00000004     empty_pem4f.oem4f (.const:ti_sysbios_knl_Task_LD_ready__C)
                  0000897c    00000004     empty_pem4f.oem4f (.const:ti_sysbios_knl_Task_LM_switch__C)
                  00008980    00000004     empty_pem4f.oem4f (.const:ti_sysbios_knl_Task_Module_State_inactiveQ__O)
                  00008984    00000004     empty_pem4f.oem4f (.const:ti_sysbios_knl_Task_Module__diagsEnabled__C)
                  00008988    00000004     empty_pem4f.oem4f (.const:ti_sysbios_knl_Task_Module__diagsIncluded__C)
                  0000898c    00000004     empty_pem4f.oem4f (.const:ti_sysbios_knl_Task_Module__diagsMask__C)
                  00008990    00000004     empty_pem4f.oem4f (.const:ti_sysbios_knl_Task_Module__loggerFxn2__C)
                  00008994    00000004     empty_pem4f.oem4f (.const:ti_sysbios_knl_Task_Module__loggerFxn4__C)
                  00008998    00000004     empty_pem4f.oem4f (.const:ti_sysbios_knl_Task_Module__loggerObj__C)
                  0000899c    00000004     empty_pem4f.oem4f (.const:ti_sysbios_knl_Task_Object__count__C)
                  000089a0    00000004     empty_pem4f.oem4f (.const:ti_sysbios_knl_Task_Object__heap__C)
                  000089a4    00000004     empty_pem4f.oem4f (.const:ti_sysbios_knl_Task_allBlockedFunc__C)
                  000089a8    00000004     empty_pem4f.oem4f (.const:ti_sysbios_knl_Task_numConstructedTasks__C)
                  000089ac    00000004     empty_pem4f.oem4f (.const:ti_sysbios_utils_Load_LS_cpuLoad__C)
                  000089b0    00000004     empty_pem4f.oem4f (.const:ti_sysbios_utils_Load_LS_hwiLoad__C)
                  000089b4    00000004     empty_pem4f.oem4f (.const:ti_sysbios_utils_Load_LS_taskLoad__C)
                  000089b8    00000004     empty_pem4f.oem4f (.const:ti_sysbios_utils_Load_Module_State_taskList__O)
                  000089bc    00000004     empty_pem4f.oem4f (.const:ti_sysbios_utils_Load_Module__diagsEnabled__C)
                  000089c0    00000004     empty_pem4f.oem4f (.const:ti_sysbios_utils_Load_Module__diagsIncluded__C)
                  000089c4    00000004     empty_pem4f.oem4f (.const:ti_sysbios_utils_Load_Module__diagsMask__C)
                  000089c8    00000004     empty_pem4f.oem4f (.const:ti_sysbios_utils_Load_Module__loggerFxn1__C)
                  000089cc    00000004     empty_pem4f.oem4f (.const:ti_sysbios_utils_Load_Module__loggerFxn2__C)
                  000089d0    00000004     empty_pem4f.oem4f (.const:ti_sysbios_utils_Load_Module__loggerFxn4__C)
                  000089d4    00000004     empty_pem4f.oem4f (.const:ti_sysbios_utils_Load_Module__loggerObj__C)
                  000089d8    00000004     empty_pem4f.oem4f (.const:ti_sysbios_utils_Load_postUpdate__C)
                  000089dc    00000004     empty_pem4f.oem4f (.const:ti_sysbios_utils_Load_windowInMs__C)
                  000089e0    00000004     empty_pem4f.oem4f (.const:ti_uia_loggers_LoggerStopMode_Module__diagsEnabled__C)
                  000089e4    00000004     empty_pem4f.oem4f (.const:ti_uia_loggers_LoggerStopMode_Module__diagsIncluded__C)
                  000089e8    00000004     empty_pem4f.oem4f (.const:ti_uia_loggers_LoggerStopMode_Module__diagsMask__C)
                  000089ec    00000004     empty_pem4f.oem4f (.const:ti_uia_loggers_LoggerStopMode_Object__count__C)
                  000089f0    00000004     empty_pem4f.oem4f (.const:ti_uia_runtime_ILoggerSnapshot_Interface__BASE__C)
                  000089f4    00000004     empty_pem4f.oem4f (.const:ti_uia_runtime_IUIATransfer_Interface__BASE__C)
                  000089f8    00000004     empty_pem4f.oem4f (.const:xdc_runtime_Assert_E_assertFailed__C)
                  000089fc    00000004     empty_pem4f.oem4f (.const:xdc_runtime_Core_A_initializedParams__C)
                  00008a00    00000004     empty_pem4f.oem4f (.const:xdc_runtime_Core_Module__diagsEnabled__C)
                  00008a04    00000004     empty_pem4f.oem4f (.const:xdc_runtime_Core_Module__diagsIncluded__C)
                  00008a08    00000004     empty_pem4f.oem4f (.const:xdc_runtime_Core_Module__diagsMask__C)
                  00008a0c    00000004     empty_pem4f.oem4f (.const:xdc_runtime_Error_E_memory__C)
                  00008a10    00000004     empty_pem4f.oem4f (.const:xdc_runtime_Error_Module__diagsEnabled__C)
                  00008a14    00000004     empty_pem4f.oem4f (.const:xdc_runtime_Error_Module__diagsIncluded__C)
                  00008a18    00000004     empty_pem4f.oem4f (.const:xdc_runtime_Error_Module__diagsMask__C)
                  00008a1c    00000004     empty_pem4f.oem4f (.const:xdc_runtime_Error_Module__loggerFxn8__C)
                  00008a20    00000004     empty_pem4f.oem4f (.const:xdc_runtime_Error_Module__loggerObj__C)
                  00008a24    00000004     empty_pem4f.oem4f (.const:xdc_runtime_Error_policyFxn__C)
                  00008a28    00000004     empty_pem4f.oem4f (.const:xdc_runtime_Error_raiseHook__C)
                  00008a2c    00000004     empty_pem4f.oem4f (.const:xdc_runtime_HeapStd_A_align__C)
                  00008a30    00000004     empty_pem4f.oem4f (.const:xdc_runtime_HeapStd_A_invalidTotalFreeSize__C)
                  00008a34    00000004     empty_pem4f.oem4f (.const:xdc_runtime_HeapStd_A_zeroSize__C)
                  00008a38    00000004     empty_pem4f.oem4f (.const:xdc_runtime_HeapStd_E_noRTSMemory__C)
                  00008a3c    00000004     empty_pem4f.oem4f (.const:xdc_runtime_HeapStd_Module__diagsEnabled__C)
                  00008a40    00000004     empty_pem4f.oem4f (.const:xdc_runtime_HeapStd_Module__diagsIncluded__C)
                  00008a44    00000004     empty_pem4f.oem4f (.const:xdc_runtime_HeapStd_Module__diagsMask__C)
                  00008a48    00000004     empty_pem4f.oem4f (.const:xdc_runtime_IFilterLogger_Interface__BASE__C)
                  00008a4c    00000004     empty_pem4f.oem4f (.const:xdc_runtime_IGateProvider_Interface__BASE__C)
                  00008a50    00000004     empty_pem4f.oem4f (.const:xdc_runtime_IHeap_Interface__BASE__C)
                  00008a54    00000004     empty_pem4f.oem4f (.const:xdc_runtime_ILogger_Interface__BASE__C)
                  00008a58    00000004     empty_pem4f.oem4f (.const:xdc_runtime_IModule_Interface__BASE__C)
                  00008a5c    00000004     empty_pem4f.oem4f (.const:xdc_runtime_Log_L_error__C)
                  00008a60    00000004     empty_pem4f.oem4f (.const:xdc_runtime_Log_L_info__C)
                  00008a64    00000004     empty_pem4f.oem4f (.const:xdc_runtime_Main_Module__diagsEnabled__C)
                  00008a68    00000004     empty_pem4f.oem4f (.const:xdc_runtime_Main_Module__diagsIncluded__C)
                  00008a6c    00000004     empty_pem4f.oem4f (.const:xdc_runtime_Main_Module__diagsMask__C)
                  00008a70    00000004     empty_pem4f.oem4f (.const:xdc_runtime_Main_Module__loggerFxn4__C)
                  00008a74    00000004     empty_pem4f.oem4f (.const:xdc_runtime_Main_Module__loggerObj__C)
                  00008a78    00000004     empty_pem4f.oem4f (.const:xdc_runtime_Memory_defaultHeapInstance__C)
                  00008a7c    00000004     empty_pem4f.oem4f (.const:xdc_runtime_Startup_execImpl__C)
                  00008a80    00000004     empty_pem4f.oem4f (.const:xdc_runtime_Startup_lastFxns__A)
                  00008a84    00000004     empty_pem4f.oem4f (.const:xdc_runtime_Startup_maxPasses__C)
                  00008a88    00000004     empty_pem4f.oem4f (.const:xdc_runtime_Startup_sfxnRts__C)
                  00008a8c    00000004     empty_pem4f.oem4f (.const:xdc_runtime_Startup_sfxnTab__C)
                  00008a90    00000004     empty_pem4f.oem4f (.const:xdc_runtime_SysMin_bufSize__C)
                  00008a94    00000004     empty_pem4f.oem4f (.const:xdc_runtime_SysMin_outputFunc__C)
                  00008a98    00000004     empty_pem4f.oem4f (.const:xdc_runtime_System_Module__gateObj__C)
                  00008a9c    00000004     empty_pem4f.oem4f (.const:xdc_runtime_System_abortFxn__C)
                  00008aa0    00000004     empty_pem4f.oem4f (.const:xdc_runtime_System_exitFxn__C)
                  00008aa4    00000004     empty_pem4f.oem4f (.const:xdc_runtime_System_extendFxn__C)
                  00008aa8    00000004     empty_pem4f.oem4f (.const:xdc_runtime_System_maxAtexitHandlers__C)
                  00008aac    00000004     empty_pem4f.oem4f (.const:xdc_runtime_Text_charTab__C)
                  00008ab0    00000004     empty_pem4f.oem4f (.const:xdc_runtime_Text_nameEmpty__C)
                  00008ab4    00000004     empty_pem4f.oem4f (.const:xdc_runtime_Text_nameStatic__C)
                  00008ab8    00000004     empty_pem4f.oem4f (.const:xdc_runtime_Text_nameUnknown__C)
                  00008abc    00000004     empty_pem4f.oem4f (.const:xdc_runtime_Text_nodeTab__C)
                  00008ac0    00000004     empty_pem4f.oem4f (.const:xdc_runtime_Text_visitRopeFxn__C)
                  00008ac4    00000002     empty_pem4f.oem4f (.const:ti_sysbios_family_arm_lm4_TimestampProvider_useClockTimer__C)
                  00008ac6    00000002     empty_pem4f.oem4f (.const:ti_sysbios_family_arm_m3_Hwi_Module__id__C)
                  00008ac8    00000002     empty_pem4f.oem4f (.const:ti_sysbios_family_arm_m3_Hwi_Module__loggerDefined__C)
                  00008aca    00000002     empty_pem4f.oem4f (.const:ti_sysbios_gates_GateMutex_Module__id__C)
                  00008acc    00000002     empty_pem4f.oem4f (.const:ti_sysbios_hal_Hwi_Module__id__C)
                  00008ace    00000002     empty_pem4f.oem4f (.const:ti_sysbios_knl_Clock_Module__id__C)
                  00008ad0    00000002     empty_pem4f.oem4f (.const:ti_sysbios_knl_Clock_Module__loggerDefined__C)
                  00008ad2    00000002     empty_pem4f.oem4f (.const:ti_sysbios_knl_Semaphore_Module__id__C)
                  00008ad4    00000002     empty_pem4f.oem4f (.const:ti_sysbios_knl_Semaphore_Module__loggerDefined__C)
                  00008ad6    00000002     empty_pem4f.oem4f (.const:ti_sysbios_knl_Swi_Module__id__C)
                  00008ad8    00000002     empty_pem4f.oem4f (.const:ti_sysbios_knl_Swi_Module__loggerDefined__C)
                  00008ada    00000002     empty_pem4f.oem4f (.const:ti_sysbios_knl_Task_Module__id__C)
                  00008adc    00000002     empty_pem4f.oem4f (.const:ti_sysbios_knl_Task_Module__loggerDefined__C)
                  00008ade    00000002     empty_pem4f.oem4f (.const:ti_sysbios_knl_Task_initStackFlag__C)
                  00008ae0    00000002     empty_pem4f.oem4f (.const:ti_sysbios_utils_Load_Module__id__C)
                  00008ae2    00000002     empty_pem4f.oem4f (.const:ti_sysbios_utils_Load_Module__loggerDefined__C)
                  00008ae4    00000002     empty_pem4f.oem4f (.const:ti_sysbios_utils_Load_autoAddTasks__C)
                  00008ae6    00000002     empty_pem4f.oem4f (.const:ti_sysbios_utils_Load_hwiEnabled__C)
                  00008ae8    00000002     empty_pem4f.oem4f (.const:ti_sysbios_utils_Load_updateInIdle__C)
                  00008aea    00000002     empty_pem4f.oem4f (.const:ti_uia_loggers_LoggerStopMode_Module__id__C)
                  00008aec    00000002     empty_pem4f.oem4f (.const:ti_uia_loggers_LoggerStopMode_isTimestampEnabled__C)
                  00008aee    00000002     empty_pem4f.oem4f (.const:xdc_runtime_Core_Module__id__C)
                  00008af0    00000002     empty_pem4f.oem4f (.const:xdc_runtime_Error_Module__loggerDefined__C)
                  00008af2    00000002     empty_pem4f.oem4f (.const:xdc_runtime_Error_maxDepth__C)
                  00008af4    00000002     empty_pem4f.oem4f (.const:xdc_runtime_HeapStd_Module__id__C)
                  00008af6    00000002     empty_pem4f.oem4f (.const:xdc_runtime_Main_Module__id__C)
                  00008af8    00000002     empty_pem4f.oem4f (.const:xdc_runtime_Main_Module__loggerDefined__C)
                  00008afa    00000002     empty_pem4f.oem4f (.const:xdc_runtime_Memory_Module__id__C)
                  00008afc    00000002     empty_pem4f.oem4f (.const:xdc_runtime_SysMin_flushAtExit__C)
                  00008afe    00000002     empty_pem4f.oem4f (.const:xdc_runtime_Text_charCnt__C)
                  00008b00    00000002     empty_pem4f.oem4f (.const:xdc_runtime_Text_isLoaded__C)
                  00008b02    00000002     empty_pem4f.oem4f (.const:xdc_runtime_Text_registryModsLastId__C)
                  00008b04    00000002     empty_pem4f.oem4f (.const:xdc_runtime_Text_unnamedModsLastId__C)

.cinit     0    00008b08    000002b0     
                  00008b08    00000278     (.cinit..data.load) [load image, compression = lzss]
                  00008d80    0000000c     (__TI_handler_table)
                  00008d8c    00000004     --HOLE-- [fill = 0]
                  00008d90    00000008     (.cinit..bss.load) [load image, compression = zero_init]
                  00008d98    00000008     (.cinit..vecs.load) [load image, compression = zero_init]
                  00008da0    00000018     (__TI_cinit_table)

.vecs      0    20000000    00000360     UNINITIALIZED
                  20000000    00000360     empty_pem4f.oem4f (.vecs)

.bss       0    20000380    00002430     UNINITIALIZED
                  20000380    00001000     empty_pem4f.oem4f (.bss:taskStackSection)
                  20001380    00000400     (.common:ti_uia_loggers_LoggerStopMode_Instance_State_1_packetArray__A)
                  20001780    00000400     (.common:ti_uia_loggers_LoggerStopMode_Instance_State_2_packetArray__A)
                  20001b80    00000400     (.common:xdc_runtime_SysMin_Module_State_0_outbuf__A)
                  20001f80    00000360     (.common:ti_sysbios_family_arm_m3_Hwi_dispatchTable)
                  200022e0    00000008     rtsv7M4_T_le_v4SPD16_eabi.lib : trgdrv.obj (.bss:parmbuf)
                  200022e8    00000004     (.common:ti_sysbios_knl_Task_Instance_State_0_hookEnv__A)
                  200022ec    00000004     (.common:ti_sysbios_knl_Task_Instance_State_1_hookEnv__A)
                  200022f0    00000010     --HOLE--
                  20002300    00000200     (.common:ti_uia_loggers_LoggerStopMode_Instance_State_0_packetArray__A)
                  20002500    00000120                                   : trgmsg.obj (.bss:_CIOBUF_)
                  20002620    00000060     --HOLE--
                  20002680    00000030     (.common:ti_uia_loggers_LoggerStopMode_Instance_State_0_hdr__A)
                  200026b0    00000050     --HOLE--
                  20002700    00000030     (.common:ti_uia_loggers_LoggerStopMode_Instance_State_1_hdr__A)
                  20002730    00000050     --HOLE--
                  20002780    00000030     (.common:ti_uia_loggers_LoggerStopMode_Instance_State_2_hdr__A)

.data      0    200027b0    00000678     UNINITIALIZED
                  200027b0    000000a0     empty_pem4f.oem4f (.data:ti_sysbios_knl_Task_Object__table__V)
                  20002850    0000009c     empty_pem4f.oem4f (.data:ti_uia_loggers_LoggerStopMode_Object__table__V)
                  200028ec    00000098     empty_pem4f.oem4f (.data:ti_sysbios_utils_Load_Module__state__V)
                  20002984    00000080     empty_pem4f.oem4f (.data:ti_sysbios_family_arm_lm4_Timer_Object__table__V)
                  20002a04    00000080     empty_pem4f.oem4f (.data:ti_sysbios_knl_Swi_Module_State_0_readyQ__A)
                  20002a84    00000080     empty_pem4f.oem4f (.data:ti_sysbios_knl_Task_Module_State_0_readyQ__A)
                  20002b04    00000048     empty_pem4f.oem4f (.data:ti_sysbios_family_arm_m3_Hwi_Object__table__V)
                  20002b4c    00000044     empty_pem4f.oem4f (.data:ti_sysbios_knl_Task_Module__state__V)
                  20002b90    00000038     empty_pem4f.oem4f (.data:ti_sysbios_gates_GateMutex_Object__table__V)
                  20002bc8    00000038     empty_pem4f.oem4f (.data:ti_sysbios_utils_Load_Module_State_0_taskEnv__A)
                  20002c00    00000034     empty_pem4f.oem4f (.data:ti_sysbios_family_arm_m3_Hwi_Module__state__V)
                  20002c34    00000030     empty_pem4f.oem4f (.data:ti_sysbios_family_arm_lm4_Timer_Module_State_0_device__A)
                  20002c64    00000030     empty_pem4f.oem4f (.data:ti_sysbios_knl_Swi_Object__table__V)
                  20002c94    0000002c     empty_pem4f.oem4f (.data:ti_sysbios_knl_Clock_Module__state__V)
                  20002cc0    00000024     empty_pem4f.oem4f (.data:ti_sysbios_BIOS_Module__state__V)
                  20002ce4    00000020     empty_pem4f.oem4f (.data:xdc_runtime_System_Module_State_0_atexitHandlers__A)
                  20002d04    0000001c     empty_pem4f.oem4f (.data:ti_sysbios_knl_Swi_Module__state__V)
                  20002d20    00000018     empty_pem4f.oem4f (.data:ti_sysbios_family_arm_lm4_Timer_Module_State_0_handles__A)
                  20002d38    00000014     empty_pem4f.oem4f (.data:ti_sysbios_knl_Semaphore_Object__table__V)
                  20002d4c    0000000c     rtsv7M4_T_le_v4SPD16_eabi.lib : exit.obj (.data:$O1$$)
                  20002d58    0000000c     empty_pem4f.oem4f (.data:ti_sysbios_family_arm_lm4_Timer_Module__state__V)
                  20002d64    0000000c     empty_pem4f.oem4f (.data:ti_sysbios_knl_Task_Module__root__V)
                  20002d70    0000000c     empty_pem4f.oem4f (.data:ti_uia_runtime_QueueDescriptor_Module__state__V)
                  20002d7c    0000000c     empty_pem4f.oem4f (.data:xdc_runtime_HeapStd_Object__table__V)
                  20002d88    0000000c     empty_pem4f.oem4f (.data:xdc_runtime_SysMin_Module__state__V)
                  20002d94    00000008     rtsv7M4_T_le_v4SPD16_eabi.lib : _lock.obj (.data:$O1$$)
                  20002d9c    00000008     ti.uia.runtime.aem4f : QueueDescriptor.oem4f (.data)
                  20002da4    00000008     empty_pem4f.oem4f (.data:ti_sysbios_family_arm_lm4_TimestampProvider_Module__state__V)
                  20002dac    00000008     empty_pem4f.oem4f (.data:ti_sysbios_gates_GateHwi_Module__root__V)
                  20002db4    00000008     empty_pem4f.oem4f (.data:ti_sysbios_gates_GateMutex_Module__root__V)
                  20002dbc    00000008     empty_pem4f.oem4f (.data:ti_sysbios_hal_Hwi_Object__table__V)
                  20002dc4    00000008     empty_pem4f.oem4f (.data:ti_sysbios_knl_Queue_Module__root__V)
                  20002dcc    00000008     empty_pem4f.oem4f (.data:ti_sysbios_knl_Semaphore_Module__root__V)
                  20002dd4    00000008     empty_pem4f.oem4f (.data:ti_uia_loggers_LoggerStopMode_Module__root__V)
                  20002ddc    00000008     empty_pem4f.oem4f (.data:xdc_runtime_HeapStd_Module__root__V)
                  20002de4    00000008     empty_pem4f.oem4f (.data:xdc_runtime_Registry_Module__state__V)
                  20002dec    00000008     empty_pem4f.oem4f (.data:xdc_runtime_Startup_Module__state__V)
                  20002df4    00000008     empty_pem4f.oem4f (.data:xdc_runtime_System_Module__state__V)
                  20002dfc    00000004     rtsv7M4_T_le_v4SPD16_eabi.lib : stkdepth_vars.obj (.data)
                  20002e00    00000004     empty_pem4f.oem4f (.data:ti_sysbios_family_arm_m3_Hwi_Module_State_0_excContext__A)
                  20002e04    00000004     empty_pem4f.oem4f (.data:ti_sysbios_family_arm_m3_Hwi_Module_State_0_excStack__A)
                  20002e08    00000004     empty_pem4f.oem4f (.data:ti_sysbios_gates_GateHwi_Object__table__V)
                  20002e0c    00000004     empty_pem4f.oem4f (.data:ti_sysbios_knl_Task_Module_State_0_idleTask__A)
                  20002e10    00000004     empty_pem4f.oem4f (.data:ti_sysbios_utils_Load_Module_State_0_runningTask__A)
                  20002e14    00000004     empty_pem4f.oem4f (.data:ti_sysbios_utils_Load_Module_State_0_taskStartTime__A)
                  20002e18    00000004     empty_pem4f.oem4f (.data:xdc_runtime_HeapStd_Module__state__V)
                  20002e1c    00000004     empty_pem4f.oem4f (.data:xdc_runtime_Memory_Module__state__V)
                  20002e20    00000002     main.obj (.data)
                  20002e22    00000002     empty_pem4f.oem4f (.data:ti_sysbios_family_arm_m3_Hwi_Module_State_0_excActive__A)
                  20002e24    00000002     empty_pem4f.oem4f (.data:xdc_runtime_Error_Module__state__V)
                  20002e26    00000002     empty_pem4f.oem4f (.data:xdc_runtime_Main_Module__root__V)

.stack     0    20002e28    00000400     UNINITIALIZED
                  20002e28    00000400     --HOLE--

.bootVecs 
*          0    00000000    00000008     DSECT
                  00000000    00000008     boot.aem4f : boot.oem4f (.bootVecs)

xdc.meta   0    00000000    000000dd     COPY SECTION
                  00000000    000000dd     empty_pem4f.oem4f (xdc.meta)

MODULE SUMMARY

       Module                     code    ro data   rw data
       ------                     ----    -------   -------
    .\
       main.obj                   368     0         2      
    +--+--------------------------+-------+---------+---------+
       Total:                     368     0         2      
                                                           
    D:\TI_RTOS\Workspace\blink_TM4C_TASK\Debug\configPkg\package\cfg\
       empty_pem4f.oem4f          3168    9601      11182  
    +--+--------------------------+-------+---------+---------+
       Total:                     3168    9601      11182  
                                                           
    D:/ti/tirtos_tivac_2_00_01_23/products/TivaWare_C_Series-2.1.0.12573c/driverlib/ccs/Debug/driverlib.lib
       sysctl.obj                 578     108       0      
       gpio.obj                   382     0         0      
       timer.obj                  140     0         0      
    +--+--------------------------+-------+---------+---------+
       Total:                     1100    108       0      
                                                           
    D:\TI_RTOS\Workspace\blink_TM4C_TASK\src\sysbios\sysbios.aem4f
       BIOS.obj                   12820   0         0      
       m3_Hwi_asm.obj             314     0         0      
       m3_TaskSupport_asm.obj     180     0         0      
       m3_Hwi_asm_switch.obj      118     0         0      
    +--+--------------------------+-------+---------+---------+
       Total:                     13432   0         0      
                                                           
    D:\ti\ccsv7\tools\compiler\ti-cgt-arm_16.9.1.LTS\lib\rtsv7M4_T_le_v4SPD16_eabi.lib
       trgdrv.obj                 804     0         8      
       trgmsg.obj                 104     0         288    
       memcpy_t2.obj              156     0         0      
       memset_t2.obj              122     0         0      
       copy_decompress_lzss.obj   104     0         0      
       exit.obj                   84      0         12     
       cpy_tbl.obj                76      0         0      
       u_divt2.obj                64      0         0      
       _lock.obj                  20      0         8      
       args_main.obj              24      0         0      
       strcpy.obj                 20      0         0      
       strlen.obj                 20      0         0      
       copy_decompress_none.obj   14      0         0      
       copy_zero_init.obj         12      0         0      
       stkdepth_vars.obj          0       0         4      
       i_div0.obj                 2       0         0      
    +--+--------------------------+-------+---------+---------+
       Total:                     1626    0         320    
                                                           
    D:\ti\tirtos_tivac_2_00_01_23\products\bios_6_40_01_15\packages\ti\catalog\arm\cortexm4\tiva\ce\lib\Boot.aem4f
       Boot_sysctl.oem4f          266     0         0      
       Boot.oem4f                 148     0         0      
    +--+--------------------------+-------+---------+---------+
       Total:                     414     0         0      
                                                           
    D:\ti\tirtos_tivac_2_00_01_23\products\bios_6_40_01_15\packages\ti\targets\arm\rtsarm\lib\auto_init.aem4f
       auto_init.oem4f            160     0         0      
    +--+--------------------------+-------+---------+---------+
       Total:                     160     0         0      
                                                           
    D:\ti\tirtos_tivac_2_00_01_23\products\bios_6_40_01_15\packages\ti\targets\arm\rtsarm\lib\boot.aem4f
       boot.oem4f                 88      0         0      
    +--+--------------------------+-------+---------+---------+
       Total:                     88      0         0      
                                                           
    D:\ti\tirtos_tivac_2_00_01_23\products\bios_6_40_01_15\packages\ti\targets\arm\rtsarm\lib\ti.targets.arm.rtsarm.aem4f
       System.oem4f               1226    17        0      
       HeapStd.oem4f              710     0         0      
       Text.oem4f                 652     0         0      
       Error.oem4f                532     0         0      
       Core-mem.oem4f             362     0         0      
       Startup.oem4f              332     0         0      
       SysMin.oem4f               248     0         0      
       Core-smem.oem4f            204     0         0      
       Memory.oem4f               180     0         0      
       Assert.oem4f               72      0         0      
       Core-params.oem4f          70      0         0      
       Core-label.oem4f           52      0         0      
       Registry.oem4f             32      0         0      
       Gate.oem4f                 28      0         0      
    +--+--------------------------+-------+---------+---------+
       Total:                     4700    17        0      
                                                           
    D:\ti\tirtos_tivac_2_00_01_23\products\uia_2_00_00_28\packages\ti\uia\loggers\lib\release\ti.uia.loggers.aem4f
       LoggerStopMode.oem4f       558     0         0      
    +--+--------------------------+-------+---------+---------+
       Total:                     558     0         0      
                                                           
    D:\ti\tirtos_tivac_2_00_01_23\products\uia_2_00_00_28\packages\ti\uia\runtime\lib\release\ti.uia.runtime.aem4f
       QueueDescriptor.oem4f      112     0         8      
    +--+--------------------------+-------+---------+---------+
       Total:                     112     0         8      
                                                           
       Stack:                     0       0         1024   
       Linker Generated:          0       684       0      
    +--+--------------------------+-------+---------+---------+
       Grand Total:               25726   10410     12536  


LINKER GENERATED COPY TABLES

__TI_cinit_table @ 00008da0 records: 3, size/record: 8, table size: 24
	.data: load addr=00008b08, load size=00000278 bytes, run addr=200027b0, run size=00000678 bytes, compression=lzss
	.bss: load addr=00008d90, load size=00000008 bytes, run addr=20000380, run size=00002430 bytes, compression=zero_init
	.vecs: load addr=00008d98, load size=00000008 bytes, run addr=20000000, run size=00000360 bytes, compression=zero_init


LINKER GENERATED HANDLER TABLE

__TI_handler_table @ 00008d80 records: 3, size/record: 4, table size: 12
	index: 0, handler: __TI_decompress_lzss
	index: 1, handler: __TI_decompress_none
	index: 2, handler: __TI_zero_init


GLOBAL SYMBOLS: SORTED ALPHABETICALLY BY Name 

address   name                                                              
-------   ----                                                              
00004fb1  C$$EXIT                                                           
00004a3b  C$$IO$$                                                           
00005b41  GPIODirModeSet                                                    
00001df5  GPIOPadConfigSet                                                  
000046a3  GPIOPinRead                                                       
0000609d  GPIOPinTypeGPIOOutput                                             
00005903  GPIOPinWrite                                                      
00000a87  HOSTclock                                                         
00000a4f  HOSTclose                                                         
00000a11  HOSTgetenv                                                        
000009b5  HOSTlseek                                                         
00000963  HOSTopen                                                          
00000917  HOSTread                                                          
000008b9  HOSTrename                                                        
0000087f  HOSTtime                                                          
00000831  HOSTtime64                                                        
000007f9  HOSTunlink                                                        
000007ad  HOSTwrite                                                         
00008818  LEDSem                                                            
UNDEFED   SHT$$INIT_ARRAY$$Base                                             
UNDEFED   SHT$$INIT_ARRAY$$Limit                                            
00002295  SysCtlClockGet                                                    
000030c5  SysCtlClockSet                                                    
000064e9  SysCtlDelay                                                       
00005791  SysCtlPeripheralEnable                                            
20002800  TSK_idle                                                          
00004bad  TimerConfigure                                                    
000063b1  TimerEnable                                                       
00000de5  TimerIntClear                                                     
000064c9  TimerIntEnable                                                    
00006265  TimerLoadSet                                                      
00008810  Timer_2A_INT                                                      
00005e99  Timer_ISR                                                         
00000000  __ASM__                                                           
20002500  __CIOBUF_                                                         
0000005b  __ISA__                                                           
0000006e  __PLAT__                                                          
[...]
00008898  ti_sysbios_family_arm_m3_Hwi_Module__diagsIncluded__C             
0000889c  ti_sysbios_family_arm_m3_Hwi_Module__diagsMask__C                 
000088a0  ti_sysbios_family_arm_m3_Hwi_Module__loggerFxn1__C                
000088a4  ti_sysbios_family_arm_m3_Hwi_Module__loggerFxn8__C                
000088a8  ti_sysbios_family_arm_m3_Hwi_Module__loggerObj__C                 
000088ac  ti_sysbios_family_arm_m3_Hwi_NUM_INTERRUPTS__C                    
000088b0  ti_sysbios_family_arm_m3_Hwi_Object__count__C                     
000088b4  ti_sysbios_family_arm_m3_Hwi_ccr__C                               
000088b8  ti_sysbios_family_arm_m3_Hwi_excHandlerFunc__C                    
000088bc  ti_sysbios_family_arm_m3_Hwi_excHookFuncs__C                      
000088c0  ti_sysbios_family_arm_m3_Hwi_nullIsrFunc__C                       
000088c4  ti_sysbios_family_arm_m3_Hwi_priGroup__C                          
000088c8  ti_sysbios_gates_GateMutex_A_badContext__C                        
000088cc  ti_sysbios_gates_GateMutex_Instance_State_sem__O                  
000088d0  ti_sysbios_gates_GateMutex_Module__diagsEnabled__C                
000088d4  ti_sysbios_gates_GateMutex_Module__diagsIncluded__C               
000088d8  ti_sysbios_gates_GateMutex_Module__diagsMask__C                   
000088dc  ti_sysbios_hal_Hwi_E_stackOverflow__C                             
000088e0  ti_sysbios_heaps_HeapMem_Object__count__C                         
000088e4  ti_sysbios_knl_Clock_LM_begin__C                                  
000088e8  ti_sysbios_knl_Clock_LM_tick__C                                   
000088ec  ti_sysbios_knl_Clock_LW_delayed__C                                
000088f0  ti_sysbios_knl_Clock_Module_State_clockQ__O                       
000088f4  ti_sysbios_knl_Clock_Module__diagsEnabled__C                      
000088f8  ti_sysbios_knl_Clock_Module__diagsIncluded__C                     
000088fc  ti_sysbios_knl_Clock_Module__diagsMask__C                         
00008900  ti_sysbios_knl_Clock_Module__loggerFxn1__C                        
00008904  ti_sysbios_knl_Clock_Module__loggerFxn2__C                        
00008908  ti_sysbios_knl_Clock_Module__loggerObj__C                         
0000890c  ti_sysbios_knl_Semaphore_A_badContext__C                          
00008910  ti_sysbios_knl_Semaphore_A_noEvents__C                            
00008914  ti_sysbios_knl_Semaphore_A_overflow__C                            
00008918  ti_sysbios_knl_Semaphore_A_pendTaskDisabled__C                    
0000891c  ti_sysbios_knl_Semaphore_Instance_State_pendQ__O                  
00008920  ti_sysbios_knl_Semaphore_LM_pend__C                               
00008924  ti_sysbios_knl_Semaphore_LM_post__C                               
00008928  ti_sysbios_knl_Semaphore_Module__diagsEnabled__C                  
0000892c  ti_sysbios_knl_Semaphore_Module__diagsIncluded__C                 
00008930  ti_sysbios_knl_Semaphore_Module__diagsMask__C                     
00008934  ti_sysbios_knl_Semaphore_Module__loggerFxn2__C                    
00008938  ti_sysbios_knl_Semaphore_Module__loggerFxn4__C                    
0000893c  ti_sysbios_knl_Semaphore_Module__loggerObj__C                     
00008940  ti_sysbios_knl_Swi_LD_end__C                                      
00008944  ti_sysbios_knl_Swi_LM_begin__C                                    
00008948  ti_sysbios_knl_Swi_LM_post__C                                     
0000894c  ti_sysbios_knl_Swi_Module__diagsEnabled__C                        
00008950  ti_sysbios_knl_Swi_Module__diagsIncluded__C                       
00008954  ti_sysbios_knl_Swi_Module__diagsMask__C                           
00008958  ti_sysbios_knl_Swi_Module__loggerFxn1__C                          
0000895c  ti_sysbios_knl_Swi_Module__loggerFxn4__C                          
00008960  ti_sysbios_knl_Swi_Module__loggerObj__C                           
00008964  ti_sysbios_knl_Swi_Object__count__C                               
00008968  ti_sysbios_knl_Task_E_spOutOfBounds__C                            
0000896c  ti_sysbios_knl_Task_E_stackOverflow__C                            
00008970  ti_sysbios_knl_Task_LD_block__C                                   
00008974  ti_sysbios_knl_Task_LD_exit__C                                    
00008978  ti_sysbios_knl_Task_LD_ready__C                                   
0000897c  ti_sysbios_knl_Task_LM_switch__C                                  
00008980  ti_sysbios_knl_Task_Module_State_inactiveQ__O                     
00008984  ti_sysbios_knl_Task_Module__diagsEnabled__C                       
00008988  ti_sysbios_knl_Task_Module__diagsIncluded__C                      
0000898c  ti_sysbios_knl_Task_Module__diagsMask__C                          
00008990  ti_sysbios_knl_Task_Module__loggerFxn2__C                         
00008994  ti_sysbios_knl_Task_Module__loggerFxn4__C                         
00008998  ti_sysbios_knl_Task_Module__loggerObj__C                          
0000899c  ti_sysbios_knl_Task_Object__count__C                              
000089a0  ti_sysbios_knl_Task_Object__heap__C                               
000089a4  ti_sysbios_knl_Task_allBlockedFunc__C                             
000089a8  ti_sysbios_knl_Task_numConstructedTasks__C                        
000089ac  ti_sysbios_utils_Load_LS_cpuLoad__C                               
000089b0  ti_sysbios_utils_Load_LS_hwiLoad__C                               
000089b4  ti_sysbios_utils_Load_LS_taskLoad__C                              
000089b8  ti_sysbios_utils_Load_Module_State_taskList__O                    
000089bc  ti_sysbios_utils_Load_Module__diagsEnabled__C                     
000089c0  ti_sysbios_utils_Load_Module__diagsIncluded__C                    
000089c4  ti_sysbios_utils_Load_Module__diagsMask__C                        
000089c8  ti_sysbios_utils_Load_Module__loggerFxn1__C                       
000089cc  ti_sysbios_utils_Load_Module__loggerFxn2__C                       
000089d0  ti_sysbios_utils_Load_Module__loggerFxn4__C                       
000089d4  ti_sysbios_utils_Load_Module__loggerObj__C                        
000089d8  ti_sysbios_utils_Load_postUpdate__C                               
000089dc  ti_sysbios_utils_Load_windowInMs__C                               
000089e0  ti_uia_loggers_LoggerStopMode_Module__diagsEnabled__C             
000089e4  ti_uia_loggers_LoggerStopMode_Module__diagsIncluded__C            
000089e8  ti_uia_loggers_LoggerStopMode_Module__diagsMask__C                
000089ec  ti_uia_loggers_LoggerStopMode_Object__count__C                    
000089f0  ti_uia_runtime_ILoggerSnapshot_Interface__BASE__C                 
000089f4  ti_uia_runtime_IUIATransfer_Interface__BASE__C                    
000089f8  xdc_runtime_Assert_E_assertFailed__C                              
000089fc  xdc_runtime_Core_A_initializedParams__C                           
00008a00  xdc_runtime_Core_Module__diagsEnabled__C                          
00008a04  xdc_runtime_Core_Module__diagsIncluded__C                         
00008a08  xdc_runtime_Core_Module__diagsMask__C                             
00008a0c  xdc_runtime_Error_E_memory__C                                     
00008a10  xdc_runtime_Error_Module__diagsEnabled__C                         
00008a14  xdc_runtime_Error_Module__diagsIncluded__C                        
00008a18  xdc_runtime_Error_Module__diagsMask__C                            
00008a1c  xdc_runtime_Error_Module__loggerFxn8__C                           
00008a20  xdc_runtime_Error_Module__loggerObj__C                            
00008a24  xdc_runtime_Error_policyFxn__C                                    
00008a28  xdc_runtime_Error_raiseHook__C                                    
00008a2c  xdc_runtime_HeapStd_A_align__C                                    
00008a30  xdc_runtime_HeapStd_A_invalidTotalFreeSize__C                     
00008a34  xdc_runtime_HeapStd_A_zeroSize__C                                 
00008a38  xdc_runtime_HeapStd_E_noRTSMemory__C                              
00008a3c  xdc_runtime_HeapStd_Module__diagsEnabled__C                       
00008a40  xdc_runtime_HeapStd_Module__diagsIncluded__C                      
00008a44  xdc_runtime_HeapStd_Module__diagsMask__C                          
00008a48  xdc_runtime_IFilterLogger_Interface__BASE__C                      
00008a4c  xdc_runtime_IGateProvider_Interface__BASE__C                      
00008a50  xdc_runtime_IHeap_Interface__BASE__C                              
00008a54  xdc_runtime_ILogger_Interface__BASE__C                            
00008a58  xdc_runtime_IModule_Interface__BASE__C                            
00008a5c  xdc_runtime_Log_L_error__C                                        
00008a60  xdc_runtime_Log_L_info__C                                         
00008a64  xdc_runtime_Main_Module__diagsEnabled__C                          
00008a68  xdc_runtime_Main_Module__diagsIncluded__C                         
00008a6c  xdc_runtime_Main_Module__diagsMask__C                             
00008a70  xdc_runtime_Main_Module__loggerFxn4__C                            
00008a74  xdc_runtime_Main_Module__loggerObj__C                             
00008a78  xdc_runtime_Memory_defaultHeapInstance__C                         
00008a7c  xdc_runtime_Startup_execImpl__C                                   
00008a80  xdc_runtime_Startup_lastFxns__A                                   
00008a84  xdc_runtime_Startup_maxPasses__C                                  
00008a88  xdc_runtime_Startup_sfxnRts__C                                    
00008a8c  xdc_runtime_Startup_sfxnTab__C                                    
00008a90  xdc_runtime_SysMin_bufSize__C                                     
00008a94  xdc_runtime_SysMin_outputFunc__C                                  
00008a98  xdc_runtime_System_Module__gateObj__C                             
00008a9c  xdc_runtime_System_abortFxn__C                                    
00008aa0  xdc_runtime_System_exitFxn__C                                     
00008aa4  xdc_runtime_System_extendFxn__C                                   
00008aa8  xdc_runtime_System_maxAtexitHandlers__C                           
00008aac  xdc_runtime_Text_charTab__C                                       
00008ab0  xdc_runtime_Text_nameEmpty__C                                     
00008ab4  xdc_runtime_Text_nameStatic__C                                    
00008ab8  xdc_runtime_Text_nameUnknown__C                                   
00008abc  xdc_runtime_Text_nodeTab__C                                       
00008ac0  xdc_runtime_Text_visitRopeFxn__C                                  
00008ac4  ti_sysbios_family_arm_lm4_TimestampProvider_useClockTimer__C      
00008ac6  ti_sysbios_family_arm_m3_Hwi_Module__id__C                        
00008ac8  ti_sysbios_family_arm_m3_Hwi_Module__loggerDefined__C             
00008aca  ti_sysbios_gates_GateMutex_Module__id__C                          
00008acc  ti_sysbios_hal_Hwi_Module__id__C                                  
00008ace  ti_sysbios_knl_Clock_Module__id__C                                
00008ad0  ti_sysbios_knl_Clock_Module__loggerDefined__C                     
00008ad2  ti_sysbios_knl_Semaphore_Module__id__C                            
00008ad4  ti_sysbios_knl_Semaphore_Module__loggerDefined__C                 
00008ad6  ti_sysbios_knl_Swi_Module__id__C                                  
00008ad8  ti_sysbios_knl_Swi_Module__loggerDefined__C                       
00008ada  ti_sysbios_knl_Task_Module__id__C                                 
00008adc  ti_sysbios_knl_Task_Module__loggerDefined__C                      
00008ade  ti_sysbios_knl_Task_initStackFlag__C                              
00008ae0  ti_sysbios_utils_Load_Module__id__C                               
00008ae2  ti_sysbios_utils_Load_Module__loggerDefined__C                    
00008ae4  ti_sysbios_utils_Load_autoAddTasks__C                             
00008ae6  ti_sysbios_utils_Load_hwiEnabled__C                               
00008ae8  ti_sysbios_utils_Load_updateInIdle__C                             
00008aea  ti_uia_loggers_LoggerStopMode_Module__id__C                       
00008aec  ti_uia_loggers_LoggerStopMode_isTimestampEnabled__C               
00008aee  xdc_runtime_Core_Module__id__C                                    
00008af0  xdc_runtime_Error_Module__loggerDefined__C                        
00008af2  xdc_runtime_Error_maxDepth__C                                     
00008af4  xdc_runtime_HeapStd_Module__id__C                                 
00008af6  xdc_runtime_Main_Module__id__C                                    
00008af8  xdc_runtime_Main_Module__loggerDefined__C                         
00008afa  xdc_runtime_Memory_Module__id__C                                  
00008afc  xdc_runtime_SysMin_flushAtExit__C                                 
00008afe  xdc_runtime_Text_charCnt__C                                       
00008b00  xdc_runtime_Text_isLoaded__C                                      
00008b02  xdc_runtime_Text_registryModsLastId__C                            
00008b04  xdc_runtime_Text_unnamedModsLastId__C                             
00008b08  __TI_static_base__                                                
00008d80  __TI_Handler_Table_Base                                           
00008d8c  __TI_Handler_Table_Limit                                          
00008da0  __TI_CINIT_Base                                                   
00008db8  __TI_CINIT_Limit                                                  
20000000  ti_sysbios_family_arm_m3_Hwi_ramVectors                           
20000380  ti_sysbios_knl_Task_Instance_State_0_stack__A                     
20000b80  ti_sysbios_knl_Task_Instance_State_1_stack__A                     
20001380  ti_uia_loggers_LoggerStopMode_Instance_State_1_packetArray__A     
20001780  ti_uia_loggers_LoggerStopMode_Instance_State_2_packetArray__A     
20001b80  xdc_runtime_SysMin_Module_State_0_outbuf__A                       
20001f80  ti_sysbios_family_arm_m3_Hwi_dispatchTable                        
200022e8  ti_sysbios_knl_Task_Instance_State_0_hookEnv__A                   
200022ec  ti_sysbios_knl_Task_Instance_State_1_hookEnv__A                   
20002300  ti_uia_loggers_LoggerStopMode_Instance_State_0_packetArray__A     
20002500  __CIOBUF_                                                         
20002680  ti_uia_loggers_LoggerStopMode_Instance_State_0_hdr__A             
20002700  ti_uia_loggers_LoggerStopMode_Instance_State_1_hdr__A             
20002780  ti_uia_loggers_LoggerStopMode_Instance_State_2_hdr__A             
200027b0  ti_sysbios_knl_Task_Object__table__V                              
20002800  TSK_idle                                                          
20002850  ti_uia_loggers_LoggerStopMode_Object__table__V                    
200028ec  ti_sysbios_utils_Load_Module__state__V                            
20002984  ti_sysbios_family_arm_lm4_Timer_Object__table__V                  
20002a04  ti_sysbios_knl_Swi_Module_State_0_readyQ__A                       
20002a84  ti_sysbios_knl_Task_Module_State_0_readyQ__A                      
20002b04  ti_sysbios_family_arm_m3_Hwi_Object__table__V                     
20002b4c  ti_sysbios_knl_Task_Module__state__V                              
20002b90  ti_sysbios_gates_GateMutex_Object__table__V                       
20002bc8  ti_sysbios_utils_Load_Module_State_0_taskEnv__A                   
20002c00  ti_sysbios_family_arm_m3_Hwi_Module__state__V                     
20002c34  ti_sysbios_family_arm_lm4_Timer_Module_State_0_device__A          
20002c64  ti_sysbios_knl_Swi_Object__table__V                               
20002c94  ti_sysbios_knl_Clock_Module__state__V                             
20002cc0  ti_sysbios_BIOS_Module__state__V                                  
20002ce4  xdc_runtime_System_Module_State_0_atexitHandlers__A               
20002d04  ti_sysbios_knl_Swi_Module__state__V                               
20002d20  ti_sysbios_family_arm_lm4_Timer_Module_State_0_handles__A         
20002d38  ti_sysbios_knl_Semaphore_Object__table__V                         
20002d4c  __TI_cleanup_ptr                                                  
20002d50  __TI_dtors_ptr                                                    
20002d54  __TI_enable_exit_profile_output                                   
20002d58  ti_sysbios_family_arm_lm4_Timer_Module__state__V                  
20002d64  ti_sysbios_knl_Task_Module__root__V                               
20002d70  ti_uia_runtime_QueueDescriptor_Module__state__V                   
20002d7c  xdc_runtime_HeapStd_Object__table__V                              
20002d88  xdc_runtime_SysMin_Module__state__V                               
20002d94  _lock                                                             
20002d98  _unlock                                                           
20002d9c  ti_uia_runtime_QueueDescriptor_gPtrToFirstDescriptor              
20002da0  ti_uia_runtime_QueueDescriptor_gUpdateCount                       
20002da4  ti_sysbios_family_arm_lm4_TimestampProvider_Module__state__V      
20002dac  ti_sysbios_gates_GateHwi_Module__root__V                          
20002db4  ti_sysbios_gates_GateMutex_Module__root__V                        
20002dbc  ti_sysbios_hal_Hwi_Object__table__V                               
20002dc4  ti_sysbios_knl_Queue_Module__root__V                              
20002dcc  ti_sysbios_knl_Semaphore_Module__root__V                          
20002dd4  ti_uia_loggers_LoggerStopMode_Module__root__V                     
20002ddc  xdc_runtime_HeapStd_Module__root__V                               
20002de4  xdc_runtime_Registry_Module__state__V                             
20002dec  xdc_runtime_Startup_Module__state__V                              
20002df4  xdc_runtime_System_Module__state__V                               
20002dfc  main_func_sp                                                      
20002e00  ti_sysbios_family_arm_m3_Hwi_Module_State_0_excContext__A         
20002e04  ti_sysbios_family_arm_m3_Hwi_Module_State_0_excStack__A           
20002e08  ti_sysbios_gates_GateHwi_Object__table__V                         
20002e0c  ti_sysbios_knl_Task_Module_State_0_idleTask__A                    
20002e10  ti_sysbios_utils_Load_Module_State_0_runningTask__A               
20002e14  ti_sysbios_utils_Load_Module_State_0_taskStartTime__A             
20002e18  xdc_runtime_HeapStd_Module__state__V                              
20002e1c  xdc_runtime_Memory_Module__state__V                               
20002e20  i16ToggleCount                                                    
20002e22  ti_sysbios_family_arm_m3_Hwi_Module_State_0_excActive__A          
20002e24  xdc_runtime_Error_Module__state__V                                
20002e26  xdc_runtime_Main_Module__root__V                                  
20002e28  __stack                                                           
20002f28  __STACK_TOP                                                       
20003228  __STACK_END                                                       
e000e000  ti_sysbios_family_arm_m3_Hwi_nvic                                 
ffffffff  __TI_pprof_out_hndl                                               
ffffffff  __TI_prof_data_size                                               
ffffffff  __TI_prof_data_start                                              
ffffffff  __binit__                                                         
ffffffff  __c_args__                                                        
ffffffff  binit                                                             
UNDEFED   SHT$$INIT_ARRAY$$Base                                             
UNDEFED   SHT$$INIT_ARRAY$$Limit                                            

[677 symbols]
